Archive member included to satisfy reference by file (symbol)

C:/ST/STM32CubeIDE_2.1.1/STM32CubeIDE/plugins/com.st.stm32cube.ide.mcu.externaltools.gnu-tools-for-stm32.14.3.rel1.win32_1.0.100.202602081740/tools/bin/../lib/gcc/arm-none-eabi/14.3.1/../../../../arm-none-eabi/lib/thumb/v7e-m+fp/hard\libc_nano.a(libc_a-exit.o)
                              C:/ST/STM32CubeIDE_2.1.1/STM32CubeIDE/plugins/com.st.stm32cube.ide.mcu.externaltools.gnu-tools-for-stm32.14.3.rel1.win32_1.0.100.202602081740/tools/bin/../lib/gcc/arm-none-eabi/14.3.1/../../../../arm-none-eabi/lib/thumb/v7e-m+fp/hard/crt0.o (exit)
C:/ST/STM32CubeIDE_2.1.1/STM32CubeIDE/plugins/com.st.stm32cube.ide.mcu.externaltools.gnu-tools-for-stm32.14.3.rel1.win32_1.0.100.202602081740/tools/bin/../lib/gcc/arm-none-eabi/14.3.1/../../../../arm-none-eabi/lib/thumb/v7e-m+fp/hard\libc_nano.a(libc_a-malloc.o)
                              ./Core/ThreadSafe/newlib_lock_glue.o (malloc)
C:/ST/STM32CubeIDE_2.1.1/STM32CubeIDE/plugins/com.st.stm32cube.ide.mcu.externaltools.gnu-tools-for-stm32.14.3.rel1.win32_1.0.100.202602081740/tools/bin/../lib/gcc/arm-none-eabi/14.3.1/../../../../arm-none-eabi/lib/thumb/v7e-m+fp/hard\libc_nano.a(libc_a-mallocr.o)
                              C:/ST/STM32CubeIDE_2.1.1/STM32CubeIDE/plugins/com.st.stm32cube.ide.mcu.externaltools.gnu-tools-for-stm32.14.3.rel1.win32_1.0.100.202602081740/tools/bin/../lib/gcc/arm-none-eabi/14.3.1/../../../../arm-none-eabi/lib/thumb/v7e-m+fp/hard\libc_nano.a(libc_a-malloc.o) (_malloc_r)
C:/ST/STM32CubeIDE_2.1.1/STM32CubeIDE/plugins/com.st.stm32cube.ide.mcu.externaltools.gnu-tools-for-stm32.14.3.rel1.win32_1.0.100.202602081740/tools/bin/../lib/gcc/arm-none-eabi/14.3.1/../../../../arm-none-eabi/lib/thumb/v7e-m+fp/hard\libc_nano.a(libc_a-mlock.o)
                              C:/ST/STM32CubeIDE_2.1.1/STM32CubeIDE/plugins/com.st.stm32cube.ide.mcu.externaltools.gnu-tools-for-stm32.14.3.rel1.win32_1.0.100.202602081740/tools/bin/../lib/gcc/arm-none-eabi/14.3.1/../../../../arm-none-eabi/lib/thumb/v7e-m+fp/hard\libc_nano.a(libc_a-mallocr.o) (__malloc_lock)
C:/ST/STM32CubeIDE_2.1.1/STM32CubeIDE/plugins/com.st.stm32cube.ide.mcu.externaltools.gnu-tools-for-stm32.14.3.rel1.win32_1.0.100.202602081740/tools/bin/../lib/gcc/arm-none-eabi/14.3.1/../../../../arm-none-eabi/lib/thumb/v7e-m+fp/hard\libc_nano.a(libc_a-strtod.o)
                              ./Core/Src/task_ui_comms.o (strtof)
C:/ST/STM32CubeIDE_2.1.1/STM32CubeIDE/plugins/com.st.stm32cube.ide.mcu.externaltools.gnu-tools-for-stm32.14.3.rel1.win32_1.0.100.202602081740/tools/bin/../lib/gcc/arm-none-eabi/14.3.1/../../../../arm-none-eabi/lib/thumb/v7e-m+fp/hard\libc_nano.a(libc_a-strtol.o)
                              ./Core/Src/task_ui_comms.o (strtol)
C:/ST/STM32CubeIDE_2.1.1/STM32CubeIDE/plugins/com.st.stm32cube.ide.mcu.externaltools.gnu-tools-for-stm32.14.3.rel1.win32_1.0.100.202602081740/tools/bin/../lib/gcc/arm-none-eabi/14.3.1/../../../../arm-none-eabi/lib/thumb/v7e-m+fp/hard\libc_nano.a(libc_a-ctype_.o)
                              C:/ST/STM32CubeIDE_2.1.1/STM32CubeIDE/plugins/com.st.stm32cube.ide.mcu.externaltools.gnu-tools-for-stm32.14.3.rel1.win32_1.0.100.202602081740/tools/bin/../lib/gcc/arm-none-eabi/14.3.1/../../../../arm-none-eabi/lib/thumb/v7e-m+fp/hard\libc_nano.a(libc_a-strtol.o) (_ctype_)
C:/ST/STM32CubeIDE_2.1.1/STM32CubeIDE/plugins/com.st.stm32cube.ide.mcu.externaltools.gnu-tools-for-stm32.14.3.rel1.win32_1.0.100.202602081740/tools/bin/../lib/gcc/arm-none-eabi/14.3.1/../../../../arm-none-eabi/lib/thumb/v7e-m+fp/hard\libc_nano.a(libc_a-findfp.o)
                              ./Middlewares/Third_Party/FreeRTOS/Source/tasks.o (__sf)
C:/ST/STM32CubeIDE_2.1.1/STM32CubeIDE/plugins/com.st.stm32cube.ide.mcu.externaltools.gnu-tools-for-stm32.14.3.rel1.win32_1.0.100.202602081740/tools/bin/../lib/gcc/arm-none-eabi/14.3.1/../../../../arm-none-eabi/lib/thumb/v7e-m+fp/hard\libc_nano.a(libc_a-fwalk.o)
                              C:/ST/STM32CubeIDE_2.1.1/STM32CubeIDE/plugins/com.st.stm32cube.ide.mcu.externaltools.gnu-tools-for-stm32.14.3.rel1.win32_1.0.100.202602081740/tools/bin/../lib/gcc/arm-none-eabi/14.3.1/../../../../arm-none-eabi/lib/thumb/v7e-m+fp/hard\libc_nano.a(libc_a-findfp.o) (_fwalk_sglue)
C:/ST/STM32CubeIDE_2.1.1/STM32CubeIDE/plugins/com.st.stm32cube.ide.mcu.externaltools.gnu-tools-for-stm32.14.3.rel1.win32_1.0.100.202602081740/tools/bin/../lib/gcc/arm-none-eabi/14.3.1/../../../../arm-none-eabi/lib/thumb/v7e-m+fp/hard\libc_nano.a(libc_a-snprintf.o)
                              ./Core/Src/freertos.o (snprintf)
C:/ST/STM32CubeIDE_2.1.1/STM32CubeIDE/plugins/com.st.stm32cube.ide.mcu.externaltools.gnu-tools-for-stm32.14.3.rel1.win32_1.0.100.202602081740/tools/bin/../lib/gcc/arm-none-eabi/14.3.1/../../../../arm-none-eabi/lib/thumb/v7e-m+fp/hard\libc_nano.a(libc_a-stdio.o)
[...]
Memory Configuration

Name             Origin             Length             Attributes
RAM              0x20000000         0x00020000         xrw
FLASH            0x08000000         0x00080000         xr
*default*        0x00000000         0xffffffff

Linker script and memory map

LOAD C:/ST/STM32CubeIDE_2.1.1/STM32CubeIDE/plugins/com.st.stm32cube.ide.mcu.externaltools.gnu-tools-for-stm32.14.3.rel1.win32_1.0.100.202602081740/tools/bin/../lib/gcc/arm-none-eabi/14.3.1/thumb/v7e-m+fp/hard/crti.o
LOAD C:/ST/STM32CubeIDE_2.1.1/STM32CubeIDE/plugins/com.st.stm32cube.ide.mcu.externaltools.gnu-tools-for-stm32.14.3.rel1.win32_1.0.100.202602081740/tools/bin/../lib/gcc/arm-none-eabi/14.3.1/thumb/v7e-m+fp/hard/crtbegin.o
LOAD C:/ST/STM32CubeIDE_2.1.1/STM32CubeIDE/plugins/com.st.stm32cube.ide.mcu.externaltools.gnu-tools-for-stm32.14.3.rel1.win32_1.0.100.202602081740/tools/bin/../lib/gcc/arm-none-eabi/14.3.1/../../../../arm-none-eabi/lib/thumb/v7e-m+fp/hard/crt0.o
LOAD ./Core/Src/adc.o
LOAD ./Core/Src/freertos.o
LOAD ./Core/Src/gpio.o
LOAD ./Core/Src/main.o
LOAD ./Core/Src/sensor_adc.o
LOAD ./Core/Src/sim_env.o
LOAD ./Core/Src/stm32f4xx_hal_msp.o
LOAD ./Core/Src/stm32f4xx_hal_timebase_tim.o
LOAD ./Core/Src/stm32f4xx_it.o
LOAD ./Core/Src/syscalls.o
LOAD ./Core/Src/sysmem.o
LOAD ./Core/Src/system_stm32f4xx.o
LOAD ./Core/Src/task_airflow.o
LOAD ./Core/Src/task_alarm_manager.o
LOAD ./Core/Src/task_co_sensor.o
LOAD ./Core/Src/task_methane.o
LOAD ./Core/Src/task_pump_flow.o
LOAD ./Core/Src/task_pump_manager.o
LOAD ./Core/Src/task_ui_comms.o
LOAD ./Core/Src/task_water_level.o
LOAD ./Core/Src/usart.o
LOAD ./Core/Startup/startup_stm32f446retx.o
LOAD ./Core/ThreadSafe/newlib_lock_glue.o
LOAD ./Drivers/STM32F4xx_HAL_Driver/Src/stm32f4xx_hal.o
LOAD ./Drivers/STM32F4xx_HAL_Driver/Src/stm32f4xx_hal_adc.o
LOAD ./Drivers/STM32F4xx_HAL_Driver/Src/stm32f4xx_hal_adc_ex.o
LOAD ./Drivers/STM32F4xx_HAL_Driver/Src/stm32f4xx_hal_cortex.o
LOAD ./Drivers/STM32F4xx_HAL_Driver/Src/stm32f4xx_hal_dma.o
LOAD ./Drivers/STM32F4xx_HAL_Driver/Src/stm32f4xx_hal_dma_ex.o
LOAD ./Drivers/STM32F4xx_HAL_Driver/Src/stm32f4xx_hal_exti.o
LOAD ./Drivers/STM32F4xx_HAL_Driver/Src/stm32f4xx_hal_flash.o
LOAD ./Drivers/STM32F4xx_HAL_Driver/Src/stm32f4xx_hal_flash_ex.o
LOAD ./Drivers/STM32F4xx_HAL_Driver/Src/stm32f4xx_hal_flash_ramfunc.o
LOAD ./Drivers/STM32F4xx_HAL_Driver/Src/stm32f4xx_hal_gpio.o
LOAD ./Drivers/STM32F4xx_HAL_Driver/Src/stm32f4xx_hal_pwr.o
LOAD ./Drivers/STM32F4xx_HAL_Driver/Src/stm32f4xx_hal_pwr_ex.o
LOAD ./Drivers/STM32F4xx_HAL_Driver/Src/stm32f4xx_hal_rcc.o
LOAD ./Drivers/STM32F4xx_HAL_Driver/Src/stm32f4xx_hal_rcc_ex.o
LOAD ./Drivers/STM32F4xx_HAL_Driver/Src/stm32f4xx_hal_tim.o
LOAD ./Drivers/STM32F4xx_HAL_Driver/Src/stm32f4xx_hal_tim_ex.o
LOAD ./Drivers/STM32F4xx_HAL_Driver/Src/stm32f4xx_hal_uart.o
LOAD ./Middlewares/Third_Party/FreeRTOS/Source/CMSIS_RTOS_V2/cmsis_os2.o
LOAD ./Middlewares/Third_Party/FreeRTOS/Source/croutine.o
LOAD ./Middlewares/Third_Party/FreeRTOS/Source/event_groups.o
LOAD ./Middlewares/Third_Party/FreeRTOS/Source/list.o
LOAD ./Middlewares/Third_Party/FreeRTOS/Source/queue.o
LOAD ./Middlewares/Third_Party/FreeRTOS/Source/stream_buffer.o
LOAD ./Middlewares/Third_Party/FreeRTOS/Source/tasks.o
LOAD ./Middlewares/Third_Party/FreeRTOS/Source/timers.o
LOAD ./Middlewares/Third_Party/FreeRTOS/Source/portable/GCC/ARM_CM4F/port.o
LOAD ./Middlewares/Third_Party/FreeRTOS/Source/portable/MemMang/heap_4.o
START GROUP
LOAD C:/ST/STM32CubeIDE_2.1.1/STM32CubeIDE/plugins/com.st.stm32cube.ide.mcu.externaltools.gnu-tools-for-stm32.14.3.rel1.win32_1.0.100.202602081740/tools/bin/../lib/gcc/arm-none-eabi/14.3.1/../../../../arm-none-eabi/lib/thumb/v7e-m+fp/hard\libc_nano.a
LOAD C:/ST/STM32CubeIDE_2.1.1/STM32CubeIDE/plugins/com.st.stm32cube.ide.mcu.externaltools.gnu-tools-for-stm32.14.3.rel1.win32_1.0.100.202602081740/tools/bin/../lib/gcc/arm-none-eabi/14.3.1/../../../../arm-none-eabi/lib/thumb/v7e-m+fp/hard\libm.a
END GROUP
START GROUP
LOAD C:/ST/STM32CubeIDE_2.1.1/STM32CubeIDE/plugins/com.st.stm32cube.ide.mcu.externaltools.gnu-tools-for-stm32.14.3.rel1.win32_1.0.100.202602081740/tools/bin/../lib/gcc/arm-none-eabi/14.3.1/thumb/v7e-m+fp/hard\libgcc.a
LOAD C:/ST/STM32CubeIDE_2.1.1/STM32CubeIDE/plugins/com.st.stm32cube.ide.mcu.externaltools.gnu-tools-for-stm32.14.3.rel1.win32_1.0.100.202602081740/tools/bin/../lib/gcc/arm-none-eabi/14.3.1/../../../../arm-none-eabi/lib/thumb/v7e-m+fp/hard\libc_nano.a
END GROUP
START GROUP
LOAD C:/ST/STM32CubeIDE_2.1.1/STM32CubeIDE/plugins/com.st.stm32cube.ide.mcu.externaltools.gnu-tools-for-stm32.14.3.rel1.win32_1.0.100.202602081740/tools/bin/../lib/gcc/arm-none-eabi/14.3.1/thumb/v7e-m+fp/hard\libgcc.a
LOAD C:/ST/STM32CubeIDE_2.1.1/STM32CubeIDE/plugins/com.st.stm32cube.ide.mcu.externaltools.gnu-tools-for-stm32.14.3.rel1.win32_1.0.100.202602081740/tools/bin/../lib/gcc/arm-none-eabi/14.3.1/../../../../arm-none-eabi/lib/thumb/v7e-m+fp/hard\libc_nano.a
LOAD C:/ST/STM32CubeIDE_2.1.1/STM32CubeIDE/plugins/com.st.stm32cube.ide.mcu.externaltools.gnu-tools-for-stm32.14.3.rel1.win32_1.0.100.202602081740/tools/bin/../lib/gcc/arm-none-eabi/14.3.1/../../../../arm-none-eabi/lib/thumb/v7e-m+fp/hard\libnosys.a
END GROUP
START GROUP
LOAD C:/ST/STM32CubeIDE_2.1.1/STM32CubeIDE/plugins/com.st.stm32cube.ide.mcu.externaltools.gnu-tools-for-stm32.14.3.rel1.win32_1.0.100.202602081740/tools/bin/../lib/gcc/arm-none-eabi/14.3.1/thumb/v7e-m+fp/hard\libgcc.a
LOAD C:/ST/STM32CubeIDE_2.1.1/STM32CubeIDE/plugins/com.st.stm32cube.ide.mcu.externaltools.gnu-tools-for-stm32.14.3.rel1.win32_1.0.100.202602081740/tools/bin/../lib/gcc/arm-none-eabi/14.3.1/../../../../arm-none-eabi/lib/thumb/v7e-m+fp/hard\libc_nano.a
LOAD C:/ST/STM32CubeIDE_2.1.1/STM32CubeIDE/plugins/com.st.stm32cube.ide.mcu.externaltools.gnu-tools-for-stm32.14.3.rel1.win32_1.0.100.202602081740/tools/bin/../lib/gcc/arm-none-eabi/14.3.1/../../../../arm-none-eabi/lib/thumb/v7e-m+fp/hard\libnosys.a
END GROUP
LOAD C:/ST/STM32CubeIDE_2.1.1/STM32CubeIDE/plugins/com.st.stm32cube.ide.mcu.externaltools.gnu-tools-for-stm32.14.3.rel1.win32_1.0.100.202602081740/tools/bin/../lib/gcc/arm-none-eabi/14.3.1/thumb/v7e-m+fp/hard/crtend.o
LOAD C:/ST/STM32CubeIDE_2.1.1/STM32CubeIDE/plugins/com.st.stm32cube.ide.mcu.externaltools.gnu-tools-for-stm32.14.3.rel1.win32_1.0.100.202602081740/tools/bin/../lib/gcc/arm-none-eabi/14.3.1/thumb/v7e-m+fp/hard/crtn.o
                0x20020000                        _estack = (ORIGIN (RAM) + LENGTH (RAM))
                0x00000200                        _Min_Heap_Size = 0x200
                0x00000400                        _Min_Stack_Size = 0x400

.isr_vector     0x08000000      0x1c4
                0x08000000                        . = ALIGN (0x4)
 *(.isr_vector)
 .isr_vector    0x08000000      0x1c4 ./Core/Startup/startup_stm32f446retx.o
                0x08000000                g_pfnVectors
                0x080001c4                        . = ALIGN (0x4)

.text           0x080001d0     0xd868
                0x080001d0                        . = ALIGN (0x4)
 *(.text)
 .text          0x080001d0       0x40 C:/ST/STM32CubeIDE_2.1.1/STM32CubeIDE/plugins/com.st.stm32cube.ide.mcu.externaltools.gnu-tools-for-stm32.14.3.rel1.win32_1.0.100.202602081740/tools/bin/../lib/gcc/arm-none-eabi/14.3.1/thumb/v7e-m+fp/hard/crtbegin.o
 .text          0x08000210       0x10 C:/ST/STM32CubeIDE_2.1.1/STM32CubeIDE/plugins/com.st.stm32cube.ide.mcu.externaltools.gnu-tools-for-stm32.14.3.rel1.win32_1.0.100.202602081740/tools/bin/../lib/gcc/arm-none-eabi/14.3.1/../../../../arm-none-eabi/lib/thumb/v7e-m+fp/hard\libc_nano.a(libc_a-strlen.o)
                0x08000210                strlen
 .text          0x08000220       0xa0 C:/ST/STM32CubeIDE_2.1.1/STM32CubeIDE/plugins/com.st.stm32cube.ide.mcu.externaltools.gnu-tools-for-stm32.14.3.rel1.win32_1.0.100.202602081740/tools/bin/../lib/gcc/arm-none-eabi/14.3.1/../../../../arm-none-eabi/lib/thumb/v7e-m+fp/hard\libc_nano.a(libc_a-memchr.o)
                0x08000220                memchr
 .text          0x080002c0      0x378 C:/ST/STM32CubeIDE_2.1.1/STM32CubeIDE/plugins/com.st.stm32cube.ide.mcu.externaltools.gnu-tools-for-stm32.14.3.rel1.win32_1.0.100.202602081740/tools/bin/../lib/gcc/arm-none-eabi/14.3.1/thumb/v7e-m+fp/hard\libgcc.a(_arm_addsubdf3.o)
                0x080002c0                __aeabi_drsub
                0x080002c8                __aeabi_dsub
                0x080002c8                __subdf3
                0x080002cc                __aeabi_dadd
                0x080002cc                __adddf3
                0x08000544                __floatunsidf
                0x08000544                __aeabi_ui2d
                0x08000564                __floatsidf
                0x08000564                __aeabi_i2d
                0x08000588                __aeabi_f2d
                0x08000588                __extendsfdf2
                0x080005cc                __floatundidf
                0x080005cc                __aeabi_ul2d
                0x080005dc                __floatdidf
                0x080005dc                __aeabi_l2d
 .text          0x08000638      0x424 C:/ST/STM32CubeIDE_2.1.1/STM32CubeIDE/plugins/com.st.stm32cube.ide.mcu.externaltools.gnu-tools-for-stm32.14.3.rel1.win32_1.0.100.202602081740/tools/bin/../lib/gcc/arm-none-eabi/14.3.1/thumb/v7e-m+fp/hard\libgcc.a(_arm_muldivdf3.o)
                0x08000638                __aeabi_dmul
                0x08000638                __muldf3
                0x0800088c                __divdf3
                0x0800088c                __aeabi_ddiv
 .text          0x08000a5c      0x110 C:/ST/STM32CubeIDE_2.1.1/STM32CubeIDE/plugins/com.st.stm32cube.ide.mcu.externaltools.gnu-tools-for-stm32.14.3.rel1.win32_1.0.100.202602081740/tools/bin/../lib/gcc/arm-none-eabi/14.3.1/thumb/v7e-m+fp/hard\libgcc.a(_arm_cmpdf2.o)
                0x08000a5c                __gtdf2
                0x08000a5c                __gedf2
                0x08000a64                __ltdf2
                0x08000a64                __ledf2
                0x08000a6c                __nedf2
                0x08000a6c                __eqdf2
                0x08000a6c                __cmpdf2
                0x08000ae8                __aeabi_cdrcmple
                0x08000af8                __aeabi_cdcmpeq
                0x08000af8                __aeabi_cdcmple
                0x08000b08                __aeabi_dcmpeq
                0x08000b1c                __aeabi_dcmplt
                0x08000b30                __aeabi_dcmple
                0x08000b44                __aeabi_dcmpge
                0x08000b58                __aeabi_dcmpgt
 .text          0x08000b6c       0x2c C:/ST/STM32CubeIDE_2.1.1/STM32CubeIDE/plugins/com.st.stm32cube.ide.mcu.externaltools.gnu-tools-for-stm32.14.3.rel1.win32_1.0.100.202602081740/tools/bin/../lib/gcc/arm-none-eabi/14.3.1/thumb/v7e-m+fp/hard\libgcc.a(_arm_unorddf2.o)
                0x08000b6c                __unorddf2
                0x08000b6c                __aeabi_dcmpun
 .text          0x08000b98       0x40 C:/ST/STM32CubeIDE_2.1.1/STM32CubeIDE/plugins/com.st.stm32cube.ide.mcu.externaltools.gnu-tools-for-stm32.14.3.rel1.win32_1.0.100.202602081740/tools/bin/../lib/gcc/arm-none-eabi/14.3.1/thumb/v7e-m+fp/hard\libgcc.a(_arm_fixunsdfsi.o)
                0x08000b98                __aeabi_d2uiz
                0x08000b98                __fixunsdfsi
 .text          0x08000bd8       0xa0 C:/ST/STM32CubeIDE_2.1.1/STM32CubeIDE/plugins/com.st.stm32cube.ide.mcu.externaltools.gnu-tools-for-stm32.14.3.rel1.win32_1.0.100.202602081740/tools/bin/../lib/gcc/arm-none-eabi/14.3.1/thumb/v7e-m+fp/hard\libgcc.a(_arm_truncdfsf2.o)
                0x08000bd8                __truncdfsf2
                0x08000bd8                __aeabi_d2f
 .text          0x08000c78       0x30 C:/ST/STM32CubeIDE_2.1.1/STM32CubeIDE/plugins/com.st.stm32cube.ide.mcu.externaltools.gnu-tools-for-stm32.14.3.rel1.win32_1.0.100.202602081740/tools/bin/../lib/gcc/arm-none-eabi/14.3.1/thumb/v7e-m+fp/hard\libgcc.a(_aeabi_uldivmod.o)
                0x08000c78                __aeabi_uldivmod
 .text          0x08000ca8       0x30 C:/ST/STM32CubeIDE_2.1.1/STM32CubeIDE/plugins/com.st.stm32cube.ide.mcu.externaltools.gnu-tools-for-stm32.14.3.rel1.win32_1.0.100.202602081740/tools/bin/../lib/gcc/arm-none-eabi/14.3.1/thumb/v7e-m+fp/hard\libgcc.a(_fixdfdi.o)
                0x08000ca8                __fixdfdi
                0x08000ca8                __aeabi_d2lz
 .text          0x08000cd8       0x3c C:/ST/STM32CubeIDE_2.1.1/STM32CubeIDE/plugins/com.st.stm32cube.ide.mcu.externaltools.gnu-tools-for-stm32.14.3.rel1.win32_1.0.100.202602081740/tools/bin/../lib/gcc/arm-none-eabi/14.3.1/thumb/v7e-m+fp/hard\libgcc.a(_fixunsdfdi.o)
                0x08000cd8                __fixunsdfdi
                0x08000cd8                __aeabi_d2ulz
 .text          0x08000d14      0x2f8 C:/ST/STM32CubeIDE_2.1.1/STM32CubeIDE/plugins/com.st.stm32cube.ide.mcu.externaltools.gnu-tools-for-stm32.14.3.rel1.win32_1.0.100.202602081740/tools/bin/../lib/gcc/arm-none-eabi/14.3.1/thumb/v7e-m+fp/hard\libgcc.a(_udivmoddi4.o)
                0x08000d14                __udivmoddi4
 .text          0x0800100c        0x4 C:/ST/STM32CubeIDE_2.1.1/STM32CubeIDE/plugins/com.st.stm32cube.ide.mcu.externaltools.gnu-tools-for-stm32.14.3.rel1.win32_1.0.100.202602081740/tools/bin/../lib/gcc/arm-none-eabi/14.3.1/thumb/v7e-m+fp/hard\libgcc.a(_dvmd_tls.o)
                0x0800100c                __aeabi_idiv0
                0x0800100c                __aeabi_ldiv0
 *(.text*)
 .text.MX_ADC1_Init
                0x08001010       0xa4 ./Core/Src/adc.o
                0x08001010                MX_ADC1_Init
 .text.MX_ADC2_Init
                0x080010b4       0xa4 ./Core/Src/adc.o
                0x080010b4                MX_ADC2_Init
 .text.MX_ADC3_Init
                0x08001158       0xa4 ./Core/Src/adc.o
                0x08001158                MX_ADC3_Init
 .text.HAL_ADC_MspInit
                0x080011fc      0x14c ./Core/Src/adc.o
                0x080011fc                HAL_ADC_MspInit
 .text.vApplicationStackOverflowHook
                0x08001348       0x4c ./Core/Src/freertos.o
                0x08001348                vApplicationStackOverflowHook
 .text.vApplicationMallocFailedHook
                0x08001394       0x34 ./Core/Src/freertos.o
                0x08001394                vApplicationMallocFailedHook
 .text.MX_FREERTOS_Init
                0x080013c8      0x1b8 ./Core/Src/freertos.o
                0x080013c8                MX_FREERTOS_Init
 .text.StartDefaultTask
                0x08001580       0x10 ./Core/Src/freertos.o
                0x08001580                StartDefaultTask
 .text.StartWaterLevelTask
                0x08001590       0x16 ./Core/Src/freertos.o
                0x08001590                StartWaterLevelTask
 .text.StartMethaneSensorTask
                0x080015a6       0x16 ./Core/Src/freertos.o
                0x080015a6                StartMethaneSensorTask
 .text.StartCOSensorTask
                0x080015bc       0x16 ./Core/Src/freertos.o
                0x080015bc                StartCOSensorTask
 .text.StartAirFlowSensorTask
                0x080015d2       0x16 ./Core/Src/freertos.o
                0x080015d2                StartAirFlowSensorTask
 .text.StartPumpFlowTask
                0x080015e8       0x16 ./Core/Src/freertos.o
                0x080015e8                StartPumpFlowTask
 .text.StartPumpManagerTask
                0x080015fe       0x16 ./Core/Src/freertos.o
                0x080015fe                StartPumpManagerTask
 .text.StartAlarmManageTask
                0x08001614       0x16 ./Core/Src/freertos.o
                0x08001614                StartAlarmManageTask
 .text.StartUICommsTask
                0x0800162a       0x16 ./Core/Src/freertos.o
                0x0800162a                StartUICommsTask
 .text.StartSimTankTask
                0x08001640       0x16 ./Core/Src/freertos.o
                0x08001640                StartSimTankTask
 *fill*         0x08001656        0x2 
 .text.MX_GPIO_Init
                0x08001658      0x158 ./Core/Src/gpio.o
                0x08001658                MX_GPIO_Init
 .text.main     0x080017b0       0x30 ./Core/Src/main.o
                0x080017b0                main
 .text.SystemClock_Config
                0x080017e0       0xe4 ./Core/Src/main.o
                0x080017e0                SystemClock_Config
 .text.HAL_GPIO_EXTI_Callback
                0x080018c4       0x2c ./Core/Src/main.o
                0x080018c4                HAL_GPIO_EXTI_Callback
 .text.HAL_TIM_PeriodElapsedCallback
                0x080018f0       0x24 ./Core/Src/main.o
                0x080018f0                HAL_TIM_PeriodElapsedCallback
 .text.Error_Handler
                0x08001914        0xc ./Core/Src/main.o
                0x08001914                Error_Handler
 .text.ADC_HW_StartConversion
                0x08001920       0x16 ./Core/Src/sensor_adc.o
                0x08001920                ADC_HW_StartConversion
 .text.ADC_HW_ReadValue
                0x08001936       0x34 ./Core/Src/sensor_adc.o
                0x08001936                ADC_HW_ReadValue
 .text.Sensor_ReadWithFaults
                0x0800196a       0x32 ./Core/Src/sensor_adc.o
                0x0800196a                Sensor_ReadWithFaults
 .text.Sim_Rand
                0x0800199c       0x44 ./Core/Src/sim_env.o
 .text.Sim_Init
                0x080019e0       0x20 ./Core/Src/sim_env.o
                0x080019e0                Sim_Init
 .text.Sim_ShouldFailRead
                0x08001a00       0x9c ./Core/Src/sim_env.o
                0x08001a00                Sim_ShouldFailRead
 .text.Sim_SetFailPercent
                0x08001a9c       0x54 ./Core/Src/sim_env.o
                0x08001a9c                Sim_SetFailPercent
 .text.Sim_ForceFail
                0x08001af0       0x4c ./Core/Src/sim_env.o
                0x08001af0                Sim_ForceFail
 .text.Sim_SetWaterRates
                0x08001b3c       0x70 ./Core/Src/sim_env.o
                0x08001b3c                Sim_SetWaterRates
 .text.Sim_TankStep
                0x08001bac       0xd4 ./Core/Src/sim_env.o
                0x08001bac                Sim_TankStep
 .text.Sim_TankClassify
                0x08001c80       0x6c ./Core/Src/sim_env.o
                0x08001c80                Sim_TankClassify
 .text.Sim_TankLevelPct
                0x08001cec       0x4c ./Core/Src/sim_env.o
                0x08001cec                Sim_TankLevelPct
 .text.SimTankTask_Run
                0x08001d38       0x7c ./Core/Src/sim_env.o
                0x08001d38                SimTankTask_Run
 .text.HAL_MspInit
                0x08001db4       0x58 ./Core/Src/stm32f4xx_hal_msp.o
                0x08001db4                HAL_MspInit
 .text.HAL_InitTick
                0x08001e0c       0xe8 ./Core/Src/stm32f4xx_hal_timebase_tim.o
                0x08001e0c                HAL_InitTick
 .text.NMI_Handler
                0x08001ef4        0x8 ./Core/Src/stm32f4xx_it.o
                0x08001ef4                NMI_Handler
 .text.HardFault_Handler
                0x08001efc        0x8 ./Core/Src/stm32f4xx_it.o
                0x08001efc                HardFault_Handler
 .text.MemManage_Handler
                0x08001f04        0x8 ./Core/Src/stm32f4xx_it.o
                0x08001f04                MemManage_Handler
 .text.BusFault_Handler
                0x08001f0c        0x8 ./Core/Src/stm32f4xx_it.o
                0x08001f0c                BusFault_Handler
 .text.UsageFault_Handler
                0x08001f14        0x8 ./Core/Src/stm32f4xx_it.o
                0x08001f14                UsageFault_Handler
 .text.DebugMon_Handler
                0x08001f1c        0xe ./Core/Src/stm32f4xx_it.o
                0x08001f1c                DebugMon_Handler
 .text.EXTI0_IRQHandler
                0x08001f2a        0xe ./Core/Src/stm32f4xx_it.o
                0x08001f2a                EXTI0_IRQHandler
 .text.EXTI1_IRQHandler
                0x08001f38        0xe ./Core/Src/stm32f4xx_it.o
                0x08001f38                EXTI1_IRQHandler
 *fill*         0x08001f46        0x2 
 .text.TIM1_UP_TIM10_IRQHandler
                0x08001f48       0x14 ./Core/Src/stm32f4xx_it.o
                0x08001f48                TIM1_UP_TIM10_IRQHandler
 .text.USART2_IRQHandler
                0x08001f5c       0x14 ./Core/Src/stm32f4xx_it.o
                0x08001f5c                USART2_IRQHandler
 .text._getpid  0x08001f70       0x10 ./Core/Src/syscalls.o
                0x08001f70                _getpid
 .text._kill    0x08001f80       0x20 ./Core/Src/syscalls.o
                0x08001f80                _kill
 .text._exit    0x08001fa0       0x16 ./Core/Src/syscalls.o
                0x08001fa0                _exit
 .text._read    0x08001fb6       0x3a ./Core/Src/syscalls.o
                0x08001fb6                _read
 .text._write   0x08001ff0       0x38 ./Core/Src/syscalls.o
                0x08001ff0                _write
 .text._close   0x08002028       0x18 ./Core/Src/syscalls.o
                0x08002028                _close
 .text._fstat   0x08002040       0x20 ./Core/Src/syscalls.o
                0x08002040                _fstat
 .text._isatty  0x08002060       0x16 ./Core/Src/syscalls.o
                0x08002060                _isatty
 .text._lseek   0x08002076       0x1a ./Core/Src/syscalls.o
                0x08002076                _lseek
 .text._sbrk    0x08002090       0x6c ./Core/Src/sysmem.o
                0x08002090                _sbrk
 .text.SystemInit
                0x080020fc       0x24 ./Core/Src/system_stm32f4xx.o
                0x080020fc                SystemInit
 .text.AirFlowTask_Run
                0x08002120       0xc4 ./Core/Src/task_airflow.o
                0x08002120                AirFlowTask_Run
 .text.AlarmManager_RaiseCause
                0x080021e4       0x28 ./Core/Src/task_alarm_manager.o
                0x080021e4                AlarmManager_RaiseCause
 .text.AlarmManager_Acknowledge
                0x0800220c       0x18 ./Core/Src/task_alarm_manager.o
                0x0800220c                AlarmManager_Acknowledge
 .text.AlarmManagerTask_Run
                0x08002224       0x94 ./Core/Src/task_alarm_manager.o
                0x08002224                AlarmManagerTask_Run
 .text.COSensorTask_Run
                0x080022b8       0xc4 ./Core/Src/task_co_sensor.o
                0x080022b8                COSensorTask_Run
 .text.MethaneTask_Run
                0x0800237c       0xd8 ./Core/Src/task_methane.o
                0x0800237c                MethaneTask_Run
 .text.PumpFlowTask_Run
                0x08002454      0x134 ./Core/Src/task_pump_flow.o
                0x08002454                PumpFlowTask_Run
 .text.PumpManager_IsEnvironmentSafe
                0x08002588       0x78 ./Core/Src/task_pump_manager.o
 .text.PumpManager_ApplyStateLocked
                0x08002600       0x48 ./Core/Src/task_pump_manager.o
 .text.PumpManager_SetMethaneCritical
                0x08002648       0x44 ./Core/Src/task_pump_manager.o
                0x08002648                PumpManager_SetMethaneCritical
 .text.PumpManager_SetPumpState
                0x0800268c       0x38 ./Core/Src/task_pump_manager.o
 .text.PumpManager_Toggle
                0x080026c4       0x3c ./Core/Src/task_pump_manager.o
                0x080026c4                PumpManager_Toggle
 .text.PumpManagerTask_Run
                0x08002700       0x94 ./Core/Src/task_pump_manager.o
                0x08002700                PumpManagerTask_Run
 .text.HAL_UART_RxCpltCallback
                0x08002794       0x78 ./Core/Src/task_ui_comms.o
                0x08002794                HAL_UART_RxCpltCallback
 .text.UIComms_TryReadLine
                0x0800280c       0x8c ./Core/Src/task_ui_comms.o
 .text.UIComms_FindLong
                0x08002898       0x7c ./Core/Src/task_ui_comms.o
 .text.UIComms_FindFloat
                0x08002914       0x86 ./Core/Src/task_ui_comms.o
 *fill*         0x0800299a        0x2 
 .text.UIComms_FindSensor
                0x0800299c       0x80 ./Core/Src/task_ui_comms.o
 .text.UIComms_HandleLine
                0x08002a1c      0x170 ./Core/Src/task_ui_comms.o
 .text.UIComms_SendTelemetry
                0x08002b8c      0x130 ./Core/Src/task_ui_comms.o
 .text.UICommsTask_Run
                0x08002cbc       0x44 ./Core/Src/task_ui_comms.o
                0x08002cbc                UICommsTask_Run
 .text.WaterLevelTask_Run
                0x08002d00       0x84 ./Core/Src/task_water_level.o
                0x08002d00                WaterLevelTask_Run
 .text.MX_USART2_UART_Init
                0x08002d84       0x54 ./Core/Src/usart.o
                0x08002d84                MX_USART2_UART_Init
 .text.HAL_UART_MspInit
                0x08002dd8       0xa0 ./Core/Src/usart.o
                0x08002dd8                HAL_UART_MspInit
 .text.Reset_Handler
                0x08002e78       0x50 ./Core/Startup/startup_stm32f446retx.o
                0x08002e78                Reset_Handler
 .text.Default_Handler
                0x08002ec8        0x2 ./Core/Startup/startup_stm32f446retx.o
                0x08002ec8                RTC_Alarm_IRQHandler
                0x08002ec8                EXTI2_IRQHandler
                0x08002ec8                TIM8_CC_IRQHandler
                0x08002ec8                FMPI2C1_EV_IRQHandler
                0x08002ec8                SPI4_IRQHandler
                0x08002ec8                TIM1_CC_IRQHandler
                0x08002ec8                DMA2_Stream5_IRQHandler
                0x08002ec8                DMA1_Stream5_IRQHandler
                0x08002ec8                PVD_IRQHandler
                0x08002ec8                SDIO_IRQHandler
                0x08002ec8                TAMP_STAMP_IRQHandler
                0x08002ec8                CAN2_RX1_IRQHandler
                0x08002ec8                EXTI3_IRQHandler
                0x08002ec8                TIM8_TRG_COM_TIM14_IRQHandler
                0x08002ec8                TIM8_UP_TIM13_IRQHandler
                0x08002ec8                I2C3_ER_IRQHandler
                0x08002ec8                I2C2_EV_IRQHandler
                0x08002ec8                DMA1_Stream2_IRQHandler
                0x08002ec8                CAN1_RX0_IRQHandler
                0x08002ec8                FPU_IRQHandler
                0x08002ec8                OTG_HS_WKUP_IRQHandler
                0x08002ec8                CAN2_SCE_IRQHandler
                0x08002ec8                DMA2_Stream2_IRQHandler
                0x08002ec8                SPI1_IRQHandler
                0x08002ec8                TIM6_DAC_IRQHandler
                0x08002ec8                TIM1_BRK_TIM9_IRQHandler
                0x08002ec8                DCMI_IRQHandler
                0x08002ec8                CAN2_RX0_IRQHandler
                0x08002ec8                DMA2_Stream3_IRQHandler
                0x08002ec8                SAI2_IRQHandler
                0x08002ec8                USART6_IRQHandler
                0x08002ec8                USART3_IRQHandler
                0x08002ec8                CAN1_RX1_IRQHandler
                0x08002ec8                UART5_IRQHandler
                0x08002ec8                DMA2_Stream0_IRQHandler
                0x08002ec8                TIM4_IRQHandler
                0x08002ec8                QUADSPI_IRQHandler
                0x08002ec8                I2C1_EV_IRQHandler
                0x08002ec8                DMA1_Stream6_IRQHandler
                0x08002ec8                DMA1_Stream1_IRQHandler
                0x08002ec8                UART4_IRQHandler
                0x08002ec8                TIM3_IRQHandler
                0x08002ec8                RCC_IRQHandler
                0x08002ec8                TIM8_BRK_TIM12_IRQHandler
                0x08002ec8                Default_Handler
                0x08002ec8                CEC_IRQHandler
                0x08002ec8                EXTI15_10_IRQHandler
                0x08002ec8                ADC_IRQHandler
                0x08002ec8                DMA1_Stream7_IRQHandler
                0x08002ec8                TIM7_IRQHandler
                0x08002ec8                CAN2_TX_IRQHandler
                0x08002ec8                TIM5_IRQHandler
                0x08002ec8                DMA2_Stream7_IRQHandler
                0x08002ec8                I2C3_EV_IRQHandler
                0x08002ec8                EXTI9_5_IRQHandler
                0x08002ec8                RTC_WKUP_IRQHandler
                0x08002ec8                SPDIF_RX_IRQHandler
                0x08002ec8                SPI2_IRQHandler
                0x08002ec8                OTG_HS_EP1_IN_IRQHandler
                0x08002ec8                DMA1_Stream0_IRQHandler
                0x08002ec8                CAN1_TX_IRQHandler
                0x08002ec8                FMPI2C1_ER_IRQHandler
                0x08002ec8                EXTI4_IRQHandler
                0x08002ec8                OTG_HS_EP1_OUT_IRQHandler
                0x08002ec8                WWDG_IRQHandler
                0x08002ec8                TIM2_IRQHandler
                0x08002ec8                OTG_FS_WKUP_IRQHandler
                0x08002ec8                TIM1_TRG_COM_TIM11_IRQHandler
                0x08002ec8                OTG_HS_IRQHandler
                0x08002ec8                I2C2_ER_IRQHandler
                0x08002ec8                DMA2_Stream1_IRQHandler
                0x08002ec8                CAN1_SCE_IRQHandler
                0x08002ec8                FLASH_IRQHandler
                0x08002ec8                DMA2_Stream4_IRQHandler
                0x08002ec8                USART1_IRQHandler
                0x08002ec8                OTG_FS_IRQHandler
                0x08002ec8                SPI3_IRQHandler
                0x08002ec8                DMA1_Stream4_IRQHandler
                0x08002ec8                I2C1_ER_IRQHandler
                0x08002ec8                FMC_IRQHandler
                0x08002ec8                DMA2_Stream6_IRQHandler
                0x08002ec8                SAI1_IRQHandler
                0x08002ec8                DMA1_Stream3_IRQHandler
 .text.stm32_lock_init
                0x08002eca       0x44 ./Core/ThreadSafe/newlib_lock_glue.o
 .text.stm32_lock_acquire
                0x08002f0e       0x64 ./Core/ThreadSafe/newlib_lock_glue.o
 .text.stm32_lock_release
                0x08002f72       0x58 ./Core/ThreadSafe/newlib_lock_glue.o
 .text.__retarget_lock_init_recursive
                0x08002fca       0x4e ./Core/ThreadSafe/newlib_lock_glue.o
                0x08002fca                __retarget_lock_init_recursive
 .text.__retarget_lock_acquire_recursive
                0x08003018       0x2a ./Core/ThreadSafe/newlib_lock_glue.o
                0x08003018                __retarget_lock_acquire_recursive
 .text.__retarget_lock_release_recursive
                0x08003042       0x2a ./Core/ThreadSafe/newlib_lock_glue.o
                0x08003042                __retarget_lock_release_recursive
 .text.HAL_Init
                0x0800306c       0x44 ./Drivers/STM32F4xx_HAL_Driver/Src/stm32f4xx_hal.o
                0x0800306c                HAL_Init
 .text.HAL_IncTick
                0x080030b0       0x28 ./Drivers/STM32F4xx_HAL_Driver/Src/stm32f4xx_hal.o
                0x080030b0                HAL_IncTick
 .text.HAL_GetTick
                0x080030d8       0x18 ./Drivers/STM32F4xx_HAL_Driver/Src/stm32f4xx_hal.o
                0x080030d8                HAL_GetTick
 .text.HAL_ADC_Init
                0x080030f0       0x86 ./Drivers/STM32F4xx_HAL_Driver/Src/stm32f4xx_hal_adc.o
                0x080030f0                HAL_ADC_Init
 *fill*         0x08003176        0x2 
 .text.HAL_ADC_Start
                0x08003178      0x1a4 ./Drivers/STM32F4xx_HAL_Driver/Src/stm32f4xx_hal_adc.o
                0x08003178                HAL_ADC_Start
 .text.HAL_ADC_PollForConversion
                0x0800331c      0x116 ./Drivers/STM32F4xx_HAL_Driver/Src/stm32f4xx_hal_adc.o
                0x0800331c                HAL_ADC_PollForConversion
 .text.HAL_ADC_GetValue
                0x08003432       0x1a ./Drivers/STM32F4xx_HAL_Driver/Src/stm32f4xx_hal_adc.o
                0x08003432                HAL_ADC_GetValue
 .text.HAL_ADC_ConfigChannel
                0x0800344c      0x264 ./Drivers/STM32F4xx_HAL_Driver/Src/stm32f4xx_hal_adc.o
                0x0800344c                HAL_ADC_ConfigChannel
 .text.ADC_Init
                0x080036b0      0x1f8 ./Drivers/STM32F4xx_HAL_Driver/Src/stm32f4xx_hal_adc.o
 .text.__NVIC_SetPriorityGrouping
                0x080038a8       0x48 ./Drivers/STM32F4xx_HAL_Driver/Src/stm32f4xx_hal_cortex.o
 .text.__NVIC_GetPriorityGrouping
                0x080038f0       0x1c ./Drivers/STM32F4xx_HAL_Driver/Src/stm32f4xx_hal_cortex.o
 .text.__NVIC_EnableIRQ
                0x0800390c       0x3c ./Drivers/STM32F4xx_HAL_Driver/Src/stm32f4xx_hal_cortex.o
 .text.__NVIC_SetPriority
                0x08003948       0x54 ./Drivers/STM32F4xx_HAL_Driver/Src/stm32f4xx_hal_cortex.o
 .text.NVIC_EncodePriority
                0x0800399c       0x66 ./Drivers/STM32F4xx_HAL_Driver/Src/stm32f4xx_hal_cortex.o
 .text.HAL_NVIC_SetPriorityGrouping
                0x08003a02       0x16 ./Drivers/STM32F4xx_HAL_Driver/Src/stm32f4xx_hal_cortex.o
                0x08003a02                HAL_NVIC_SetPriorityGrouping
 .text.HAL_NVIC_SetPriority
                0x08003a18       0x38 ./Drivers/STM32F4xx_HAL_Driver/Src/stm32f4xx_hal_cortex.o
                0x08003a18                HAL_NVIC_SetPriority
 .text.HAL_NVIC_EnableIRQ
                0x08003a50       0x1c ./Drivers/STM32F4xx_HAL_Driver/Src/stm32f4xx_hal_cortex.o
                0x08003a50                HAL_NVIC_EnableIRQ
 .text.HAL_DMA_Abort
                0x08003a6c       0xe0 ./Drivers/STM32F4xx_HAL_Driver/Src/stm32f4xx_hal_dma.o
                0x08003a6c                HAL_DMA_Abort
 .text.HAL_DMA_Abort_IT
                0x08003b4c       0x44 ./Drivers/STM32F4xx_HAL_Driver/Src/stm32f4xx_hal_dma.o
                0x08003b4c                HAL_DMA_Abort_IT
 .text.HAL_GPIO_Init
                0x08003b90      0x328 ./Drivers/STM32F4xx_HAL_Driver/Src/stm32f4xx_hal_gpio.o
                0x08003b90                HAL_GPIO_Init
 .text.HAL_GPIO_ReadPin
                0x08003eb8       0x30 ./Drivers/STM32F4xx_HAL_Driver/Src/stm32f4xx_hal_gpio.o
                0x08003eb8                HAL_GPIO_ReadPin
 .text.HAL_GPIO_WritePin
                0x08003ee8       0x32 ./Drivers/STM32F4xx_HAL_Driver/Src/stm32f4xx_hal_gpio.o
                0x08003ee8                HAL_GPIO_WritePin
 *fill*         0x08003f1a        0x2 
 .text.HAL_GPIO_EXTI_IRQHandler
                0x08003f1c       0x30 ./Drivers/STM32F4xx_HAL_Driver/Src/stm32f4xx_hal_gpio.o
                0x08003f1c                HAL_GPIO_EXTI_IRQHandler
 .text.HAL_PWREx_EnableOverDrive
                0x08003f4c       0xa0 ./Drivers/STM32F4xx_HAL_Driver/Src/stm32f4xx_hal_pwr_ex.o
                0x08003f4c                HAL_PWREx_EnableOverDrive
 .text.HAL_RCC_ClockConfig
                0x08003fec      0x1cc ./Drivers/STM32F4xx_HAL_Driver/Src/stm32f4xx_hal_rcc.o
                0x08003fec                HAL_RCC_ClockConfig
 .text.HAL_RCC_GetHCLKFreq
                0x080041b8       0x18 ./Drivers/STM32F4xx_HAL_Driver/Src/stm32f4xx_hal_rcc.o
                0x080041b8                HAL_RCC_GetHCLKFreq
 .text.HAL_RCC_GetPCLK1Freq
                0x080041d0       0x28 ./Drivers/STM32F4xx_HAL_Driver/Src/stm32f4xx_hal_rcc.o
                0x080041d0                HAL_RCC_GetPCLK1Freq
 .text.HAL_RCC_GetPCLK2Freq
                0x080041f8       0x28 ./Drivers/STM32F4xx_HAL_Driver/Src/stm32f4xx_hal_rcc.o
                0x080041f8                HAL_RCC_GetPCLK2Freq
 .text.HAL_RCC_GetClockConfig
                0x08004220       0x64 ./Drivers/STM32F4xx_HAL_Driver/Src/stm32f4xx_hal_rcc.o
                0x08004220                HAL_RCC_GetClockConfig
 .text.HAL_RCC_GetSysClockFreq
                0x08004284      0x460 ./Drivers/STM32F4xx_HAL_Driver/Src/stm32f4xx_hal_rcc_ex.o
                0x08004284                HAL_RCC_GetSysClockFreq
 .text.HAL_RCC_OscConfig
                0x080046e4      0x53c ./Drivers/STM32F4xx_HAL_Driver/Src/stm32f4xx_hal_rcc_ex.o
                0x080046e4                HAL_RCC_OscConfig
 .text.HAL_TIM_Base_Init
                0x08004c20       0x9e ./Drivers/STM32F4xx_HAL_Driver/Src/stm32f4xx_hal_tim.o
                0x08004c20                HAL_TIM_Base_Init
 .text.HAL_TIM_Base_MspInit
                0x08004cbe       0x14 ./Drivers/STM32F4xx_HAL_Driver/Src/stm32f4xx_hal_tim.o
                0x08004cbe                HAL_TIM_Base_MspInit
 *fill*         0x08004cd2        0x2 
 .text.HAL_TIM_Base_Start_IT
                0x08004cd4       0xe0 ./Drivers/STM32F4xx_HAL_Driver/Src/stm32f4xx_hal_tim.o
                0x08004cd4                HAL_TIM_Base_Start_IT
 .text.HAL_TIM_IRQHandler
                0x08004db4      0x1e0 ./Drivers/STM32F4xx_HAL_Driver/Src/stm32f4xx_hal_tim.o
                0x08004db4                HAL_TIM_IRQHandler
 .text.HAL_TIM_OC_DelayElapsedCallback
                0x08004f94       0x14 ./Drivers/STM32F4xx_HAL_Driver/Src/stm32f4xx_hal_tim.o
                0x08004f94                HAL_TIM_OC_DelayElapsedCallback
 .text.HAL_TIM_IC_CaptureCallback
                0x08004fa8       0x14 ./Drivers/STM32F4xx_HAL_Driver/Src/stm32f4xx_hal_tim.o
                0x08004fa8                HAL_TIM_IC_CaptureCallback
 .text.HAL_TIM_PWM_PulseFinishedCallback
                0x08004fbc       0x14 ./Drivers/STM32F4xx_HAL_Driver/Src/stm32f4xx_hal_tim.o
                0x08004fbc                HAL_TIM_PWM_PulseFinishedCallback
 .text.HAL_TIM_TriggerCallback
                0x08004fd0       0x14 ./Drivers/STM32F4xx_HAL_Driver/Src/stm32f4xx_hal_tim.o
                0x08004fd0                HAL_TIM_TriggerCallback
 .text.TIM_Base_SetConfig
                0x08004fe4      0x14c ./Drivers/STM32F4xx_HAL_Driver/Src/stm32f4xx_hal_tim.o
                0x08004fe4                TIM_Base_SetConfig
 .text.HAL_TIMEx_CommutCallback
                0x08005130       0x14 ./Drivers/STM32F4xx_HAL_Driver/Src/stm32f4xx_hal_tim_ex.o
                0x08005130                HAL_TIMEx_CommutCallback
 .text.HAL_TIMEx_BreakCallback
                0x08005144       0x14 ./Drivers/STM32F4xx_HAL_Driver/Src/stm32f4xx_hal_tim_ex.o
                0x08005144                HAL_TIMEx_BreakCallback
 .text.HAL_UART_Init
                0x08005158       0xa0 ./Drivers/STM32F4xx_HAL_Driver/Src/stm32f4xx_hal_uart.o
                0x08005158                HAL_UART_Init
 .text.HAL_UART_Transmit
                0x080051f8      0x116 ./Drivers/STM32F4xx_HAL_Driver/Src/stm32f4xx_hal_uart.o
                0x080051f8                HAL_UART_Transmit
 .text.HAL_UART_Receive_IT
                0x0800530e       0x4a ./Drivers/STM32F4xx_HAL_Driver/Src/stm32f4xx_hal_uart.o
                0x0800530e                HAL_UART_Receive_IT
 .text.HAL_UART_IRQHandler
                0x08005358      0x554 ./Drivers/STM32F4xx_HAL_Driver/Src/stm32f4xx_hal_uart.o
                0x08005358                HAL_UART_IRQHandler
 .text.HAL_UART_TxCpltCallback
                0x080058ac       0x14 ./Drivers/STM32F4xx_HAL_Driver/Src/stm32f4xx_hal_uart.o
                0x080058ac                HAL_UART_TxCpltCallback
 .text.HAL_UART_ErrorCallback
                0x080058c0       0x14 ./Drivers/STM32F4xx_HAL_Driver/Src/stm32f4xx_hal_uart.o
                0x080058c0                HAL_UART_ErrorCallback
 .text.HAL_UARTEx_RxEventCallback
                0x080058d4       0x18 ./Drivers/STM32F4xx_HAL_Driver/Src/stm32f4xx_hal_uart.o
                0x080058d4                HAL_UARTEx_RxEventCallback
 .text.UART_WaitOnFlagUntilTimeout
                0x080058ec       0xb2 ./Drivers/STM32F4xx_HAL_Driver/Src/stm32f4xx_hal_uart.o
 .text.UART_Start_Receive_IT
                0x0800599e       0x74 ./Drivers/STM32F4xx_HAL_Driver/Src/stm32f4xx_hal_uart.o
                0x0800599e                UART_Start_Receive_IT
 .text.UART_EndRxTransfer
                0x08005a12       0xc6 ./Drivers/STM32F4xx_HAL_Driver/Src/stm32f4xx_hal_uart.o
 .text.UART_DMAAbortOnError
                0x08005ad8       0x22 ./Drivers/STM32F4xx_HAL_Driver/Src/stm32f4xx_hal_uart.o
 .text.UART_Transmit_IT
                0x08005afa       0xa0 ./Drivers/STM32F4xx_HAL_Driver/Src/stm32f4xx_hal_uart.o
 .text.UART_EndTransmit_IT
                0x08005b9a       0x30 ./Drivers/STM32F4xx_HAL_Driver/Src/stm32f4xx_hal_uart.o
 .text.UART_Receive_IT
                0x08005bca      0x17c ./Drivers/STM32F4xx_HAL_Driver/Src/stm32f4xx_hal_uart.o
 *fill*         0x08005d46        0x2 
 .text.UART_SetConfig
                0x08005d48      0x4e8 ./Drivers/STM32F4xx_HAL_Driver/Src/stm32f4xx_hal_uart.o
 .text.__NVIC_SetPriority
                0x08006230       0x54 ./Middlewares/Third_Party/FreeRTOS/Source/CMSIS_RTOS_V2/cmsis_os2.o
 .text.SysTick_Handler
                0x08006284       0x20 ./Middlewares/Third_Party/FreeRTOS/Source/CMSIS_RTOS_V2/cmsis_os2.o
                0x08006284                SysTick_Handler
 .text.SVC_Setup
                0x080062a4       0x12 ./Middlewares/Third_Party/FreeRTOS/Source/CMSIS_RTOS_V2/cmsis_os2.o
 *fill*         0x080062b6        0x2 
 .text.osKernelInitialize
                0x080062b8       0x48 ./Middlewares/Third_Party/FreeRTOS/Source/CMSIS_RTOS_V2/cmsis_os2.o
                0x080062b8                osKernelInitialize
 .text.osKernelStart
                0x08006300       0x4c ./Middlewares/Third_Party/FreeRTOS/Source/CMSIS_RTOS_V2/cmsis_os2.o
                0x08006300                osKernelStart
 .text.osKernelGetTickCount
                0x0800634c       0x2a ./Middlewares/Third_Party/FreeRTOS/Source/CMSIS_RTOS_V2/cmsis_os2.o
                0x0800634c                osKernelGetTickCount
 .text.osThreadNew
                0x08006376      0x124 ./Middlewares/Third_Party/FreeRTOS/Source/CMSIS_RTOS_V2/cmsis_os2.o
                0x08006376                osThreadNew
 .text.osDelay  0x0800649a       0x36 ./Middlewares/Third_Party/FreeRTOS/Source/CMSIS_RTOS_V2/cmsis_os2.o
                0x0800649a                osDelay
 .text.osEventFlagsNew
                0x080064d0       0x7e ./Middlewares/Third_Party/FreeRTOS/Source/CMSIS_RTOS_V2/cmsis_os2.o
                0x080064d0                osEventFlagsNew
 *fill*         0x0800654e        0x2 
 .text.osEventFlagsSet
                0x08006550       0x84 ./Middlewares/Third_Party/FreeRTOS/Source/CMSIS_RTOS_V2/cmsis_os2.o
                0x08006550                osEventFlagsSet
 .text.osEventFlagsWait
                0x080065d4       0xca ./Middlewares/Third_Party/FreeRTOS/Source/CMSIS_RTOS_V2/cmsis_os2.o
                0x080065d4                osEventFlagsWait
 .text.osMutexNew
                0x0800669e      0x10c ./Middlewares/Third_Party/FreeRTOS/Source/CMSIS_RTOS_V2/cmsis_os2.o
                0x0800669e                osMutexNew
 .text.osMutexAcquire
                0x080067aa       0x96 ./Middlewares/Third_Party/FreeRTOS/Source/CMSIS_RTOS_V2/cmsis_os2.o
                0x080067aa                osMutexAcquire
 .text.osMutexRelease
                0x08006840       0x7a ./Middlewares/Third_Party/FreeRTOS/Source/CMSIS_RTOS_V2/cmsis_os2.o
                0x08006840                osMutexRelease
 .text.osSemaphoreNew
                0x080068ba      0x112 ./Middlewares/Third_Party/FreeRTOS/Source/CMSIS_RTOS_V2/cmsis_os2.o
                0x080068ba                osSemaphoreNew
 .text.osSemaphoreAcquire
                0x080069cc       0xa4 ./Middlewares/Third_Party/FreeRTOS/Source/CMSIS_RTOS_V2/cmsis_os2.o
                0x080069cc                osSemaphoreAcquire
 .text.osSemaphoreRelease
                0x08006a70       0x88 ./Middlewares/Third_Party/FreeRTOS/Source/CMSIS_RTOS_V2/cmsis_os2.o
                0x08006a70                osSemaphoreRelease
 .text.osMessageQueueNew
                0x08006af8       0xe6 ./Middlewares/Third_Party/FreeRTOS/Source/CMSIS_RTOS_V2/cmsis_os2.o
                0x08006af8                osMessageQueueNew
 *fill*         0x08006bde        0x2 
 .text.osMessageQueuePut
                0x08006be0       0xc0 ./Middlewares/Third_Party/FreeRTOS/Source/CMSIS_RTOS_V2/cmsis_os2.o
                0x08006be0                osMessageQueuePut
 .text.osMessageQueueGet
                0x08006ca0       0xbc ./Middlewares/Third_Party/FreeRTOS/Source/CMSIS_RTOS_V2/cmsis_os2.o
                0x08006ca0                osMessageQueueGet
 .text.vApplicationGetIdleTaskMemory
                0x08006d5c       0x34 ./Middlewares/Third_Party/FreeRTOS/Source/CMSIS_RTOS_V2/cmsis_os2.o
                0x08006d5c                vApplicationGetIdleTaskMemory
 .text.vApplicationGetTimerTaskMemory
                0x08006d90       0x34 ./Middlewares/Third_Party/FreeRTOS/Source/CMSIS_RTOS_V2/cmsis_os2.o
                0x08006d90                vApplicationGetTimerTaskMemory
 .text.xEventGroupCreateStatic
                0x08006dc4       0x72 ./Middlewares/Third_Party/FreeRTOS/Source/event_groups.o
                0x08006dc4                xEventGroupCreateStatic
 .text.xEventGroupCreate
                0x08006e36       0x34 ./Middlewares/Third_Party/FreeRTOS/Source/event_groups.o
                0x08006e36                xEventGroupCreate
 *fill*         0x08006e6a        0x2 
 .text.xEventGroupWaitBits
                0x08006e6c      0x1a4 ./Middlewares/Third_Party/FreeRTOS/Source/event_groups.o
                0x08006e6c                xEventGroupWaitBits
 .text.xEventGroupSetBits
                0x08007010      0x118 ./Middlewares/Third_Party/FreeRTOS/Source/event_groups.o
                0x08007010                xEventGroupSetBits
 .text.vEventGroupSetBitsCallback
                0x08007128       0x1a ./Middlewares/Third_Party/FreeRTOS/Source/event_groups.o
                0x08007128                vEventGroupSetBitsCallback
 .text.prvTestWaitCondition
                0x08007142       0x44 ./Middlewares/Third_Party/FreeRTOS/Source/event_groups.o
 *fill*         0x08007186        0x2 
 .text.xEventGroupSetBitsFromISR
                0x08007188       0x28 ./Middlewares/Third_Party/FreeRTOS/Source/event_groups.o
                0x08007188                xEventGroupSetBitsFromISR
 .text.vListInitialise
                0x080071b0       0x40 ./Middlewares/Third_Party/FreeRTOS/Source/list.o
                0x080071b0                vListInitialise
 .text.vListInitialiseItem
                0x080071f0       0x1a ./Middlewares/Third_Party/FreeRTOS/Source/list.o
                0x080071f0                vListInitialiseItem
 .text.vListInsertEnd
                0x0800720a       0x48 ./Middlewares/Third_Party/FreeRTOS/Source/list.o
                0x0800720a                vListInsertEnd
 .text.vListInsert
                0x08007252       0x72 ./Middlewares/Third_Party/FreeRTOS/Source/list.o
                0x08007252                vListInsert
 .text.uxListRemove
                0x080072c4       0x54 ./Middlewares/Third_Party/FreeRTOS/Source/list.o
                0x080072c4                uxListRemove
 .text.xQueueGenericReset
                0x08007318       0xd4 ./Middlewares/Third_Party/FreeRTOS/Source/queue.o
                0x08007318                xQueueGenericReset
 .text.xQueueGenericCreateStatic
                0x080073ec       0xfa ./Middlewares/Third_Party/FreeRTOS/Source/queue.o
                0x080073ec                xQueueGenericCreateStatic
 .text.xQueueGenericCreate
                0x080074e6       0x76 ./Middlewares/Third_Party/FreeRTOS/Source/queue.o
                0x080074e6                xQueueGenericCreate
 .text.prvInitialiseNewQueue
                0x0800755c       0x46 ./Middlewares/Third_Party/FreeRTOS/Source/queue.o
 .text.prvInitialiseMutex
                0x080075a2       0x34 ./Middlewares/Third_Party/FreeRTOS/Source/queue.o
 .text.xQueueCreateMutex
                0x080075d6       0x30 ./Middlewares/Third_Party/FreeRTOS/Source/queue.o
                0x080075d6                xQueueCreateMutex
 .text.xQueueCreateMutexStatic
                0x08007606       0x36 ./Middlewares/Third_Party/FreeRTOS/Source/queue.o
                0x08007606                xQueueCreateMutexStatic
 .text.xQueueGiveMutexRecursive
                0x0800763c       0x6a ./Middlewares/Third_Party/FreeRTOS/Source/queue.o
                0x0800763c                xQueueGiveMutexRecursive
 .text.xQueueTakeMutexRecursive
                0x080076a6       0x6e ./Middlewares/Third_Party/FreeRTOS/Source/queue.o
                0x080076a6                xQueueTakeMutexRecursive
 .text.xQueueCreateCountingSemaphoreStatic
                0x08007714       0x72 ./Middlewares/Third_Party/FreeRTOS/Source/queue.o
                0x08007714                xQueueCreateCountingSemaphoreStatic
 .text.xQueueCreateCountingSemaphore
                0x08007786       0x6a ./Middlewares/Third_Party/FreeRTOS/Source/queue.o
                0x08007786                xQueueCreateCountingSemaphore
 .text.xQueueGenericSend
                0x080077f0      0x204 ./Middlewares/Third_Party/FreeRTOS/Source/queue.o
                0x080077f0                xQueueGenericSend
 .text.xQueueGenericSendFromISR
                0x080079f4      0x13c ./Middlewares/Third_Party/FreeRTOS/Source/queue.o
                0x080079f4                xQueueGenericSendFromISR
 .text.xQueueGiveFromISR
                0x08007b30      0x120 ./Middlewares/Third_Party/FreeRTOS/Source/queue.o
                0x08007b30                xQueueGiveFromISR
 .text.xQueueReceive
                0x08007c50      0x1c4 ./Middlewares/Third_Party/FreeRTOS/Source/queue.o
                0x08007c50                xQueueReceive
 .text.xQueueSemaphoreTake
                0x08007e14      0x220 ./Middlewares/Third_Party/FreeRTOS/Source/queue.o
                0x08007e14                xQueueSemaphoreTake
 .text.xQueueReceiveFromISR
                0x08008034      0x104 ./Middlewares/Third_Party/FreeRTOS/Source/queue.o
                0x08008034                xQueueReceiveFromISR
 .text.vQueueDelete
                0x08008138       0x48 ./Middlewares/Third_Party/FreeRTOS/Source/queue.o
                0x08008138                vQueueDelete
 .text.prvGetDisinheritPriorityAfterTimeout
                0x08008180       0x30 ./Middlewares/Third_Party/FreeRTOS/Source/queue.o
 .text.prvCopyDataToQueue
                0x080081b0       0xd4 ./Middlewares/Third_Party/FreeRTOS/Source/queue.o
 .text.prvCopyDataFromQueue
                0x08008284       0x4c ./Middlewares/Third_Party/FreeRTOS/Source/queue.o
 .text.prvUnlockQueue
                0x080082d0       0xa4 ./Middlewares/Third_Party/FreeRTOS/Source/queue.o
 .text.prvIsQueueEmpty
                0x08008374       0x2c ./Middlewares/Third_Party/FreeRTOS/Source/queue.o
 .text.prvIsQueueFull
                0x080083a0       0x30 ./Middlewares/Third_Party/FreeRTOS/Source/queue.o
 .text.vQueueAddToRegistry
                0x080083d0       0x54 ./Middlewares/Third_Party/FreeRTOS/Source/queue.o
                0x080083d0                vQueueAddToRegistry
 .text.vQueueUnregisterQueue
                0x08008424       0x54 ./Middlewares/Third_Party/FreeRTOS/Source/queue.o
                0x08008424                vQueueUnregisterQueue
 .text.vQueueWaitForMessageRestricted
                0x08008478       0x68 ./Middlewares/Third_Party/FreeRTOS/Source/queue.o
                0x08008478                vQueueWaitForMessageRestricted
 .text.xTaskCreateStatic
                0x080084e0       0xc0 ./Middlewares/Third_Party/FreeRTOS/Source/tasks.o
                0x080084e0                xTaskCreateStatic
 .text.xTaskCreate
                0x080085a0       0x8a ./Middlewares/Third_Party/FreeRTOS/Source/tasks.o
                0x080085a0                xTaskCreate
 *fill*         0x0800862a        0x2 
 .text.prvInitialiseNewTask
                0x0800862c      0x150 ./Middlewares/Third_Party/FreeRTOS/Source/tasks.o
 .text.prvAddNewTaskToReadyList
                0x0800877c       0xe0 ./Middlewares/Third_Party/FreeRTOS/Source/tasks.o
 .text.vTaskDelayUntil
                0x0800885c      0x100 ./Middlewares/Third_Party/FreeRTOS/Source/tasks.o
                0x0800885c                vTaskDelayUntil
 .text.vTaskDelay
                0x0800895c       0x6c ./Middlewares/Third_Party/FreeRTOS/Source/tasks.o
                0x0800895c                vTaskDelay
 .text.vTaskStartScheduler
                0x080089c8       0xe0 ./Middlewares/Third_Party/FreeRTOS/Source/tasks.o
                0x080089c8                vTaskStartScheduler
 .text.vTaskSuspendAll
                0x08008aa8       0x1c ./Middlewares/Third_Party/FreeRTOS/Source/tasks.o
                0x08008aa8                vTaskSuspendAll
 .text.xTaskResumeAll
                0x08008ac4      0x13c ./Middlewares/Third_Party/FreeRTOS/Source/tasks.o
                0x08008ac4                xTaskResumeAll
 .text.xTaskGetTickCount
                0x08008c00       0x20 ./Middlewares/Third_Party/FreeRTOS/Source/tasks.o
                0x08008c00                xTaskGetTickCount
 .text.xTaskGetTickCountFromISR
                0x08008c20       0x24 ./Middlewares/Third_Party/FreeRTOS/Source/tasks.o
                0x08008c20                xTaskGetTickCountFromISR
 .text.xTaskIncrementTick
                0x08008c44      0x174 ./Middlewares/Third_Party/FreeRTOS/Source/tasks.o
                0x08008c44                xTaskIncrementTick
 .text.vTaskSwitchContext
                0x08008db8      0x114 ./Middlewares/Third_Party/FreeRTOS/Source/tasks.o
                0x08008db8                vTaskSwitchContext
 .text.vTaskPlaceOnEventList
                0x08008ecc       0x4c ./Middlewares/Third_Party/FreeRTOS/Source/tasks.o
                0x08008ecc                vTaskPlaceOnEventList
 .text.vTaskPlaceOnUnorderedEventList
                0x08008f18       0x7c ./Middlewares/Third_Party/FreeRTOS/Source/tasks.o
                0x08008f18                vTaskPlaceOnUnorderedEventList
 .text.vTaskPlaceOnEventListRestricted
                0x08008f94       0x58 ./Middlewares/Third_Party/FreeRTOS/Source/tasks.o
                0x08008f94                vTaskPlaceOnEventListRestricted
 .text.xTaskRemoveFromEventList
                0x08008fec       0xc8 ./Middlewares/Third_Party/FreeRTOS/Source/tasks.o
                0x08008fec                xTaskRemoveFromEventList
 .text.vTaskRemoveFromUnorderedEventList
                0x080090b4       0xc8 ./Middlewares/Third_Party/FreeRTOS/Source/tasks.o
                0x080090b4                vTaskRemoveFromUnorderedEventList
 .text.vTaskInternalSetTimeOutState
                0x0800917c       0x2c ./Middlewares/Third_Party/FreeRTOS/Source/tasks.o
                0x0800917c                vTaskInternalSetTimeOutState
 .text.xTaskCheckForTimeOut
                0x080091a8       0xc8 ./Middlewares/Third_Party/FreeRTOS/Source/tasks.o
                0x080091a8                xTaskCheckForTimeOut
 .text.vTaskMissedYield
                0x08009270       0x18 ./Middlewares/Third_Party/FreeRTOS/Source/tasks.o
                0x08009270                vTaskMissedYield
 .text.prvIdleTask
                0x08009288       0x30 ./Middlewares/Third_Party/FreeRTOS/Source/tasks.o
 .text.prvInitialiseTaskLists
                0x080092b8       0x80 ./Middlewares/Third_Party/FreeRTOS/Source/tasks.o
 .text.prvCheckTasksWaitingTermination
                0x08009338       0x5c ./Middlewares/Third_Party/FreeRTOS/Source/tasks.o
 .text.prvDeleteTCB
                0x08009394       0x6a ./Middlewares/Third_Party/FreeRTOS/Source/tasks.o
 *fill*         0x080093fe        0x2 
 .text.prvResetNextTaskUnblockTime
                0x08009400       0x40 ./Middlewares/Third_Party/FreeRTOS/Source/tasks.o
 .text.xTaskGetCurrentTaskHandle
                0x08009440       0x20 ./Middlewares/Third_Party/FreeRTOS/Source/tasks.o
                0x08009440                xTaskGetCurrentTaskHandle
 .text.xTaskGetSchedulerState
                0x08009460       0x3c ./Middlewares/Third_Party/FreeRTOS/Source/tasks.o
                0x08009460                xTaskGetSchedulerState
 .text.xTaskPriorityInherit
                0x0800949c       0xd0 ./Middlewares/Third_Party/FreeRTOS/Source/tasks.o
                0x0800949c                xTaskPriorityInherit
 .text.xTaskPriorityDisinherit
                0x0800956c       0xe0 ./Middlewares/Third_Party/FreeRTOS/Source/tasks.o
                0x0800956c                xTaskPriorityDisinherit
 .text.vTaskPriorityDisinheritAfterTimeout
                0x0800964c      0x108 ./Middlewares/Third_Party/FreeRTOS/Source/tasks.o
                0x0800964c                vTaskPriorityDisinheritAfterTimeout
 .text.uxTaskResetEventItemValue
                0x08009754       0x30 ./Middlewares/Third_Party/FreeRTOS/Source/tasks.o
                0x08009754                uxTaskResetEventItemValue
 .text.pvTaskIncrementMutexHeldCount
                0x08009784       0x28 ./Middlewares/Third_Party/FreeRTOS/Source/tasks.o
                0x08009784                pvTaskIncrementMutexHeldCount
 .text.prvAddCurrentTaskToDelayedList
                0x080097ac       0xa8 ./Middlewares/Third_Party/FreeRTOS/Source/tasks.o
 .text.xTimerCreateTimerTask
                0x08009854       0x94 ./Middlewares/Third_Party/FreeRTOS/Source/timers.o
                0x08009854                xTimerCreateTimerTask
 .text.xTimerGenericCommand
                0x080098e8       0x9c ./Middlewares/Third_Party/FreeRTOS/Source/timers.o
                0x080098e8                xTimerGenericCommand
 .text.prvProcessExpiredTimer
                0x08009984       0x9c ./Middlewares/Third_Party/FreeRTOS/Source/timers.o
 .text.prvTimerTask
                0x08009a20       0x26 ./Middlewares/Third_Party/FreeRTOS/Source/timers.o
 *fill*         0x08009a46        0x2 
 .text.prvProcessTimerOrBlockTask
                0x08009a48       0x9c ./Middlewares/Third_Party/FreeRTOS/Source/timers.o
 .text.prvGetNextExpireTime
                0x08009ae4       0x48 ./Middlewares/Third_Party/FreeRTOS/Source/timers.o
 .text.prvSampleTimeNow
                0x08009b2c       0x40 ./Middlewares/Third_Party/FreeRTOS/Source/timers.o
 .text.prvInsertTimerInActiveList
                0x08009b6c       0x84 ./Middlewares/Third_Party/FreeRTOS/Source/timers.o
 .text.prvProcessReceivedCommands
                0x08009bf0      0x1cc ./Middlewares/Third_Party/FreeRTOS/Source/timers.o
 .text.prvSwitchTimerLists
                0x08009dbc       0xcc ./Middlewares/Third_Party/FreeRTOS/Source/timers.o
 .text.prvCheckForValidListAndQueue
                0x08009e88       0x80 ./Middlewares/Third_Party/FreeRTOS/Source/timers.o
 .text.xTimerPendFunctionCallFromISR
                0x08009f08       0x40 ./Middlewares/Third_Party/FreeRTOS/Source/timers.o
                0x08009f08                xTimerPendFunctionCallFromISR
 .text.pxPortInitialiseStack
                0x08009f48       0x68 ./Middlewares/Third_Party/FreeRTOS/Source/portable/GCC/ARM_CM4F/port.o
                0x08009f48                pxPortInitialiseStack
 .text.prvTaskExitError
                0x08009fb0       0x5c ./Middlewares/Third_Party/FreeRTOS/Source/portable/GCC/ARM_CM4F/port.o
 *fill*         0x0800a00c        0x4 
 .text.SVC_Handler
                0x0800a010       0x28 ./Middlewares/Third_Party/FreeRTOS/Source/portable/GCC/ARM_CM4F/port.o
                0x0800a010                SVC_Handler
 .text.prvPortStartFirstTask
                0x0800a038       0x28 ./Middlewares/Third_Party/FreeRTOS/Source/portable/GCC/ARM_CM4F/port.o
 .text.xPortStartScheduler
                0x0800a060      0x148 ./Middlewares/Third_Party/FreeRTOS/Source/portable/GCC/ARM_CM4F/port.o
                0x0800a060                xPortStartScheduler
 .text.vPortEnterCritical
                0x0800a1a8       0x64 ./Middlewares/Third_Party/FreeRTOS/Source/portable/GCC/ARM_CM4F/port.o
                0x0800a1a8                vPortEnterCritical
 .text.vPortExitCritical
                0x0800a20c       0x54 ./Middlewares/Third_Party/FreeRTOS/Source/portable/GCC/ARM_CM4F/port.o
                0x0800a20c                vPortExitCritical
 .text.PendSV_Handler
                0x0800a260       0x68 ./Middlewares/Third_Party/FreeRTOS/Source/portable/GCC/ARM_CM4F/port.o
                0x0800a260                PendSV_Handler
 .text.xPortSysTickHandler
                0x0800a2c8       0x44 ./Middlewares/Third_Party/FreeRTOS/Source/portable/GCC/ARM_CM4F/port.o
                0x0800a2c8                xPortSysTickHandler
 .text.vPortSetupTimerInterrupt
                0x0800a30c       0x48 ./Middlewares/Third_Party/FreeRTOS/Source/portable/GCC/ARM_CM4F/port.o
                0x0800a30c                vPortSetupTimerInterrupt
 .text.vPortEnableVFP
                0x0800a354       0x14 ./Middlewares/Third_Party/FreeRTOS/Source/portable/GCC/ARM_CM4F/port.o
 .text.vPortValidateInterruptPriority
                0x0800a368       0x84 ./Middlewares/Third_Party/FreeRTOS/Source/portable/GCC/ARM_CM4F/port.o
                0x0800a368                vPortValidateInterruptPriority
 .text.pvPortMalloc
                0x0800a3ec      0x1a8 ./Middlewares/Third_Party/FreeRTOS/Source/portable/MemMang/heap_4.o
                0x0800a3ec                pvPortMalloc
 .text.vPortFree
                0x0800a594       0xc8 ./Middlewares/Third_Party/FreeRTOS/Source/portable/MemMang/heap_4.o
                0x0800a594                vPortFree
 .text.prvHeapInit
                0x0800a65c       0xc4 ./Middlewares/Third_Party/FreeRTOS/Source/portable/MemMang/heap_4.o
 .text.prvInsertBlockIntoFreeList
                0x0800a720       0xb4 ./Middlewares/Third_Party/FreeRTOS/Source/portable/MemMang/heap_4.o
 .text.malloc   0x0800a7d4       0x10 C:/ST/STM32CubeIDE_2.1.1/STM32CubeIDE/plugins/com.st.stm32cube.ide.mcu.externaltools.gnu-tools-for-stm32.14.3.rel1.win32_1.0.100.202602081740/tools/bin/../lib/gcc/arm-none-eabi/14.3.1/../../../../arm-none-eabi/lib/thumb/v7e-m+fp/hard\libc_nano.a(libc_a-malloc.o)
                0x0800a7d4                malloc
 .text.sbrk_aligned
                0x0800a7e4       0x44 C:/ST/STM32CubeIDE_2.1.1/STM32CubeIDE/plugins/com.st.stm32cube.ide.mcu.externaltools.gnu-tools-for-stm32.14.3.rel1.win32_1.0.100.202602081740/tools/bin/../lib/gcc/arm-none-eabi/14.3.1/../../../../arm-none-eabi/lib/thumb/v7e-m+fp/hard\libc_nano.a(libc_a-mallocr.o)
 .text._malloc_r
                0x0800a828      0x100 C:/ST/STM32CubeIDE_2.1.1/STM32CubeIDE/plugins/com.st.stm32cube.ide.mcu.externaltools.gnu-tools-for-stm32.14.3.rel1.win32_1.0.100.202602081740/tools/bin/../lib/gcc/arm-none-eabi/14.3.1/../../../../arm-none-eabi/lib/thumb/v7e-m+fp/hard\libc_nano.a(libc_a-mallocr.o)
                0x0800a828                _malloc_r
 .text.__malloc_lock
                0x0800a928        0xc C:/ST/STM32CubeIDE_2.1.1/STM32CubeIDE/plugins/com.st.stm32cube.ide.mcu.externaltools.gnu-tools-for-stm32.14.3.rel1.win32_1.0.100.202602081740/tools/bin/../lib/gcc/arm-none-eabi/14.3.1/../../../../arm-none-eabi/lib/thumb/v7e-m+fp/hard\libc_nano.a(libc_a-mlock.o)
                0x0800a928                __malloc_lock
 .text.__malloc_unlock
                0x0800a934        0xc C:/ST/STM32CubeIDE_2.1.1/STM32CubeIDE/plugins/com.st.stm32cube.ide.mcu.externaltools.gnu-tools-for-stm32.14.3.rel1.win32_1.0.100.202602081740/tools/bin/../lib/gcc/arm-none-eabi/14.3.1/../../../../arm-none-eabi/lib/thumb/v7e-m+fp/hard\libc_nano.a(libc_a-mlock.o)
                0x0800a934                __malloc_unlock
 .text.sulp     0x0800a940       0x3c C:/ST/STM32CubeIDE_2.1.1/STM32CubeIDE/plugins/com.st.stm32cube.ide.mcu.externaltools.gnu-tools-for-stm32.14.3.rel1.win32_1.0.100.202602081740/tools/bin/../lib/gcc/arm-none-eabi/14.3.1/../../../../arm-none-eabi/lib/thumb/v7e-m+fp/hard\libc_nano.a(libc_a-strtod.o)
 *fill*         0x0800a97c        0x4 
 .text._strtod_l
                0x0800a980      0xbb8 C:/ST/STM32CubeIDE_2.1.1/STM32CubeIDE/plugins/com.st.stm32cube.ide.mcu.externaltools.gnu-tools-for-stm32.14.3.rel1.win32_1.0.100.202602081740/tools/bin/../lib/gcc/arm-none-eabi/14.3.1/../../../../arm-none-eabi/lib/thumb/v7e-m+fp/hard\libc_nano.a(libc_a-strtod.o)
                0x0800a980                _strtod_l
 .text.strtof   0x0800b538       0xc8 C:/ST/STM32CubeIDE_2.1.1/STM32CubeIDE/plugins/com.st.stm32cube.ide.mcu.externaltools.gnu-tools-for-stm32.14.3.rel1.win32_1.0.100.202602081740/tools/bin/../lib/gcc/arm-none-eabi/14.3.1/../../../../arm-none-eabi/lib/thumb/v7e-m+fp/hard\libc_nano.a(libc_a-strtod.o)
                0x0800b538                strtof
 .text._strtol_l.isra.0
                0x0800b600       0xf4 C:/ST/STM32CubeIDE_2.1.1/STM32CubeIDE/plugins/com.st.stm32cube.ide.mcu.externaltools.gnu-tools-for-stm32.14.3.rel1.win32_1.0.100.202602081740/tools/bin/../lib/gcc/arm-none-eabi/14.3.1/../../../../arm-none-eabi/lib/thumb/v7e-m+fp/hard\libc_nano.a(libc_a-strtol.o)
 .text.strtol   0x0800b6f4       0x14 C:/ST/STM32CubeIDE_2.1.1/STM32CubeIDE/plugins/com.st.stm32cube.ide.mcu.externaltools.gnu-tools-for-stm32.14.3.rel1.win32_1.0.100.202602081740/tools/bin/../lib/gcc/arm-none-eabi/14.3.1/../../../../arm-none-eabi/lib/thumb/v7e-m+fp/hard\libc_nano.a(libc_a-strtol.o)
                0x0800b6f4                strtol
 .text.std      0x0800b708       0x6c C:/ST/STM32CubeIDE_2.1.1/STM32CubeIDE/plugins/com.st.stm32cube.ide.mcu.externaltools.gnu-tools-for-stm32.14.3.rel1.win32_1.0.100.202602081740/tools/bin/../lib/gcc/arm-none-eabi/14.3.1/../../../../arm-none-eabi/lib/thumb/v7e-m+fp/hard\libc_nano.a(libc_a-findfp.o)
 .text.stdio_exit_handler
                0x0800b774       0x18 C:/ST/STM32CubeIDE_2.1.1/STM32CubeIDE/plugins/com.st.stm32cube.ide.mcu.externaltools.gnu-tools-for-stm32.14.3.rel1.win32_1.0.100.202602081740/tools/bin/../lib/gcc/arm-none-eabi/14.3.1/../../../../arm-none-eabi/lib/thumb/v7e-m+fp/hard\libc_nano.a(libc_a-findfp.o)
 .text.cleanup_stdio
                0x0800b78c       0x40 C:/ST/STM32CubeIDE_2.1.1/STM32CubeIDE/plugins/com.st.stm32cube.ide.mcu.externaltools.gnu-tools-for-stm32.14.3.rel1.win32_1.0.100.202602081740/tools/bin/../lib/gcc/arm-none-eabi/14.3.1/../../../../arm-none-eabi/lib/thumb/v7e-m+fp/hard\libc_nano.a(libc_a-findfp.o)
 .text.global_stdio_init.part.0
                0x0800b7cc       0x40 C:/ST/STM32CubeIDE_2.1.1/STM32CubeIDE/plugins/com.st.stm32cube.ide.mcu.externaltools.gnu-tools-for-stm32.14.3.rel1.win32_1.0.100.202602081740/tools/bin/../lib/gcc/arm-none-eabi/14.3.1/../../../../arm-none-eabi/lib/thumb/v7e-m+fp/hard\libc_nano.a(libc_a-findfp.o)
 .text.__sfp_lock_acquire
                0x0800b80c        0xc C:/ST/STM32CubeIDE_2.1.1/STM32CubeIDE/plugins/com.st.stm32cube.ide.mcu.externaltools.gnu-tools-for-stm32.14.3.rel1.win32_1.0.100.202602081740/tools/bin/../lib/gcc/arm-none-eabi/14.3.1/../../../../arm-none-eabi/lib/thumb/v7e-m+fp/hard\libc_nano.a(libc_a-findfp.o)
                0x0800b80c                __sfp_lock_acquire
 .text.__sfp_lock_release
                0x0800b818        0xc C:/ST/STM32CubeIDE_2.1.1/STM32CubeIDE/plugins/com.st.stm32cube.ide.mcu.externaltools.gnu-tools-for-stm32.14.3.rel1.win32_1.0.100.202602081740/tools/bin/../lib/gcc/arm-none-eabi/14.3.1/../../../../arm-none-eabi/lib/thumb/v7e-m+fp/hard\libc_nano.a(libc_a-findfp.o)
                0x0800b818                __sfp_lock_release
 .text.__sinit  0x0800b824       0x30 C:/ST/STM32CubeIDE_2.1.1/STM32CubeIDE/plugins/com.st.stm32cube.ide.mcu.externaltools.gnu-tools-for-stm32.14.3.rel1.win32_1.0.100.202602081740/tools/bin/../lib/gcc/arm-none-eabi/14.3.1/../../../../arm-none-eabi/lib/thumb/v7e-m+fp/hard\libc_nano.a(libc_a-findfp.o)
                0x0800b824                __sinit
 .text._fwalk_sglue
                0x0800b854       0x3c C:/ST/STM32CubeIDE_2.1.1/STM32CubeIDE/plugins/com.st.stm32cube.ide.mcu.externaltools.gnu-tools-for-stm32.14.3.rel1.win32_1.0.100.202602081740/tools/bin/../lib/gcc/arm-none-eabi/14.3.1/../../../../arm-none-eabi/lib/thumb/v7e-m+fp/hard\libc_nano.a(libc_a-fwalk.o)
                0x0800b854                _fwalk_sglue
 .text.snprintf
                0x0800b890       0x6c C:/ST/STM32CubeIDE_2.1.1/STM32CubeIDE/plugins/com.st.stm32cube.ide.mcu.externaltools.gnu-tools-for-stm32.14.3.rel1.win32_1.0.100.202602081740/tools/bin/../lib/gcc/arm-none-eabi/14.3.1/../../../../arm-none-eabi/lib/thumb/v7e-m+fp/hard\libc_nano.a(libc_a-snprintf.o)
                0x0800b890                sniprintf
                0x0800b890                snprintf
 .text.__sread  0x0800b8fc       0x22 C:/ST/STM32CubeIDE_2.1.1/STM32CubeIDE/plugins/com.st.stm32cube.ide.mcu.externaltools.gnu-tools-for-stm32.14.3.rel1.win32_1.0.100.202602081740/tools/bin/../lib/gcc/arm-none-eabi/14.3.1/../../../../arm-none-eabi/lib/thumb/v7e-m+fp/hard\libc_nano.a(libc_a-stdio.o)
                0x0800b8fc                __sread
 .text.__swrite
                0x0800b91e       0x38 C:/ST/STM32CubeIDE_2.1.1/STM32CubeIDE/plugins/com.st.stm32cube.ide.mcu.externaltools.gnu-tools-for-stm32.14.3.rel1.win32_1.0.100.202602081740/tools/bin/../lib/gcc/arm-none-eabi/14.3.1/../../../../arm-none-eabi/lib/thumb/v7e-m+fp/hard\libc_nano.a(libc_a-stdio.o)
                0x0800b91e                __swrite
 .text.__sseek  0x0800b956       0x26 C:/ST/STM32CubeIDE_2.1.1/STM32CubeIDE/plugins/com.st.stm32cube.ide.mcu.externaltools.gnu-tools-for-stm32.14.3.rel1.win32_1.0.100.202602081740/tools/bin/../lib/gcc/arm-none-eabi/14.3.1/../../../../arm-none-eabi/lib/thumb/v7e-m+fp/hard\libc_nano.a(libc_a-stdio.o)
                0x0800b956                __sseek
 .text.__sclose
                0x0800b97c        0x8 C:/ST/STM32CubeIDE_2.1.1/STM32CubeIDE/plugins/com.st.stm32cube.ide.mcu.externaltools.gnu-tools-for-stm32.14.3.rel1.win32_1.0.100.202602081740/tools/bin/../lib/gcc/arm-none-eabi/14.3.1/../../../../arm-none-eabi/lib/thumb/v7e-m+fp/hard\libc_nano.a(libc_a-stdio.o)
                0x0800b97c                __sclose
 .text.memset   0x0800b984       0x10 C:/ST/STM32CubeIDE_2.1.1/STM32CubeIDE/plugins/com.st.stm32cube.ide.mcu.externaltools.gnu-tools-for-stm32.14.3.rel1.win32_1.0.100.202602081740/tools/bin/../lib/gcc/arm-none-eabi/14.3.1/../../../../arm-none-eabi/lib/thumb/v7e-m+fp/hard\libc_nano.a(libc_a-memset.o)
                0x0800b984                memset
 .text.strncmp  0x0800b994       0x24 C:/ST/STM32CubeIDE_2.1.1/STM32CubeIDE/plugins/com.st.stm32cube.ide.mcu.externaltools.gnu-tools-for-stm32.14.3.rel1.win32_1.0.100.202602081740/tools/bin/../lib/gcc/arm-none-eabi/14.3.1/../../../../arm-none-eabi/lib/thumb/v7e-m+fp/hard\libc_nano.a(libc_a-strncmp.o)
                0x0800b994                strncmp
 .text.strstr   0x0800b9b8       0x2c C:/ST/STM32CubeIDE_2.1.1/STM32CubeIDE/plugins/com.st.stm32cube.ide.mcu.externaltools.gnu-tools-for-stm32.14.3.rel1.win32_1.0.100.202602081740/tools/bin/../lib/gcc/arm-none-eabi/14.3.1/../../../../arm-none-eabi/lib/thumb/v7e-m+fp/hard\libc_nano.a(libc_a-strstr.o)
                0x0800b9b8                strstr
 .text._close_r
                0x0800b9e4       0x20 C:/ST/STM32CubeIDE_2.1.1/STM32CubeIDE/plugins/com.st.stm32cube.ide.mcu.externaltools.gnu-tools-for-stm32.14.3.rel1.win32_1.0.100.202602081740/tools/bin/../lib/gcc/arm-none-eabi/14.3.1/../../../../arm-none-eabi/lib/thumb/v7e-m+fp/hard\libc_nano.a(libc_a-closer.o)
                0x0800b9e4                _close_r
 .text._reclaim_reent
                0x0800ba04       0xbc C:/ST/STM32CubeIDE_2.1.1/STM32CubeIDE/plugins/com.st.stm32cube.ide.mcu.externaltools.gnu-tools-for-stm32.14.3.rel1.win32_1.0.100.202602081740/tools/bin/../lib/gcc/arm-none-eabi/14.3.1/../../../../arm-none-eabi/lib/thumb/v7e-m+fp/hard\libc_nano.a(libc_a-reent.o)
                0x0800ba04                _reclaim_reent
 .text._lseek_r
                0x0800bac0       0x24 C:/ST/STM32CubeIDE_2.1.1/STM32CubeIDE/plugins/com.st.stm32cube.ide.mcu.externaltools.gnu-tools-for-stm32.14.3.rel1.win32_1.0.100.202602081740/tools/bin/../lib/gcc/arm-none-eabi/14.3.1/../../../../arm-none-eabi/lib/thumb/v7e-m+fp/hard\libc_nano.a(libc_a-lseekr.o)
                0x0800bac0                _lseek_r
 .text._read_r  0x0800bae4       0x24 C:/ST/STM32CubeIDE_2.1.1/STM32CubeIDE/plugins/com.st.stm32cube.ide.mcu.externaltools.gnu-tools-for-stm32.14.3.rel1.win32_1.0.100.202602081740/tools/bin/../lib/gcc/arm-none-eabi/14.3.1/../../../../arm-none-eabi/lib/thumb/v7e-m+fp/hard\libc_nano.a(libc_a-readr.o)
                0x0800bae4                _read_r
 .text._sbrk_r  0x0800bb08       0x20 C:/ST/STM32CubeIDE_2.1.1/STM32CubeIDE/plugins/com.st.stm32cube.ide.mcu.externaltools.gnu-tools-for-stm32.14.3.rel1.win32_1.0.100.202602081740/tools/bin/../lib/gcc/arm-none-eabi/14.3.1/../../../../arm-none-eabi/lib/thumb/v7e-m+fp/hard\libc_nano.a(libc_a-sbrkr.o)
                0x0800bb08                _sbrk_r
 .text._write_r
                0x0800bb28       0x24 C:/ST/STM32CubeIDE_2.1.1/STM32CubeIDE/plugins/com.st.stm32cube.ide.mcu.externaltools.gnu-tools-for-stm32.14.3.rel1.win32_1.0.100.202602081740/tools/bin/../lib/gcc/arm-none-eabi/14.3.1/../../../../arm-none-eabi/lib/thumb/v7e-m+fp/hard\libc_nano.a(libc_a-writer.o)
                0x0800bb28                _write_r
 .text.__errno  0x0800bb4c        0xc C:/ST/STM32CubeIDE_2.1.1/STM32CubeIDE/plugins/com.st.stm32cube.ide.mcu.externaltools.gnu-tools-for-stm32.14.3.rel1.win32_1.0.100.202602081740/tools/bin/../lib/gcc/arm-none-eabi/14.3.1/../../../../arm-none-eabi/lib/thumb/v7e-m+fp/hard\libc_nano.a(libc_a-errno.o)
                0x0800bb4c                __errno
 .text.__libc_init_array
                0x0800bb58       0x48 C:/ST/STM32CubeIDE_2.1.1/STM32CubeIDE/plugins/com.st.stm32cube.ide.mcu.externaltools.gnu-tools-for-stm32.14.3.rel1.win32_1.0.100.202602081740/tools/bin/../lib/gcc/arm-none-eabi/14.3.1/../../../../arm-none-eabi/lib/thumb/v7e-m+fp/hard\libc_nano.a(libc_a-init.o)
                0x0800bb58                __libc_init_array
 .text.memcpy   0x0800bba0       0x1c C:/ST/STM32CubeIDE_2.1.1/STM32CubeIDE/plugins/com.st.stm32cube.ide.mcu.externaltools.gnu-tools-for-stm32.14.3.rel1.win32_1.0.100.202602081740/tools/bin/../lib/gcc/arm-none-eabi/14.3.1/../../../../arm-none-eabi/lib/thumb/v7e-m+fp/hard\libc_nano.a(libc_a-memcpy-stub.o)
                0x0800bba0                memcpy
 *fill*         0x0800bbbc        0x4 
 .text.nan      0x0800bbc0       0x10 C:/ST/STM32CubeIDE_2.1.1/STM32CubeIDE/plugins/com.st.stm32cube.ide.mcu.externaltools.gnu-tools-for-stm32.14.3.rel1.win32_1.0.100.202602081740/tools/bin/../lib/gcc/arm-none-eabi/14.3.1/../../../../arm-none-eabi/lib/thumb/v7e-m+fp/hard\libc_nano.a(libm_a-s_nan.o)
                0x0800bbc0                nan
 .text.nanf     0x0800bbd0        0xc C:/ST/STM32CubeIDE_2.1.1/STM32CubeIDE/plugins/com.st.stm32cube.ide.mcu.externaltools.gnu-tools-for-stm32.14.3.rel1.win32_1.0.100.202602081740/tools/bin/../lib/gcc/arm-none-eabi/14.3.1/../../../../arm-none-eabi/lib/thumb/v7e-m+fp/hard\libc_nano.a(libm_a-sf_nan.o)
                0x0800bbd0                nanf
 .text._free_r  0x0800bbdc       0x94 C:/ST/STM32CubeIDE_2.1.1/STM32CubeIDE/plugins/com.st.stm32cube.ide.mcu.externaltools.gnu-tools-for-stm32.14.3.rel1.win32_1.0.100.202602081740/tools/bin/../lib/gcc/arm-none-eabi/14.3.1/../../../../arm-none-eabi/lib/thumb/v7e-m+fp/hard\libc_nano.a(libc_a-freer.o)
                0x0800bbdc                _free_r
 .text.rshift   0x0800bc70       0xa4 C:/ST/STM32CubeIDE_2.1.1/STM32CubeIDE/plugins/com.st.stm32cube.ide.mcu.externaltools.gnu-tools-for-stm32.14.3.rel1.win32_1.0.100.202602081740/tools/bin/../lib/gcc/arm-none-eabi/14.3.1/../../../../arm-none-eabi/lib/thumb/v7e-m+fp/hard\libc_nano.a(libc_a-gdtoa-gethex.o)
 .text.__hexdig_fun
                0x0800bd14       0x2a C:/ST/STM32CubeIDE_2.1.1/STM32CubeIDE/plugins/com.st.stm32cube.ide.mcu.externaltools.gnu-tools-for-stm32.14.3.rel1.win32_1.0.100.202602081740/tools/bin/../lib/gcc/arm-none-eabi/14.3.1/../../../../arm-none-eabi/lib/thumb/v7e-m+fp/hard\libc_nano.a(libc_a-gdtoa-gethex.o)
                0x0800bd14                __hexdig_fun
 *fill*         0x0800bd3e        0x2 
 .text.__gethex
                0x0800bd40      0x420 C:/ST/STM32CubeIDE_2.1.1/STM32CubeIDE/plugins/com.st.stm32cube.ide.mcu.externaltools.gnu-tools-for-stm32.14.3.rel1.win32_1.0.100.202602081740/tools/bin/../lib/gcc/arm-none-eabi/14.3.1/../../../../arm-none-eabi/lib/thumb/v7e-m+fp/hard\libc_nano.a(libc_a-gdtoa-gethex.o)
                0x0800bd40                __gethex
 .text.L_shift  0x0800c160       0x24 C:/ST/STM32CubeIDE_2.1.1/STM32CubeIDE/plugins/com.st.stm32cube.ide.mcu.externaltools.gnu-tools-for-stm32.14.3.rel1.win32_1.0.100.202602081740/tools/bin/../lib/gcc/arm-none-eabi/14.3.1/../../../../arm-none-eabi/lib/thumb/v7e-m+fp/hard\libc_nano.a(libc_a-gdtoa-hexnan.o)
 .text.__match  0x0800c184       0x28 C:/ST/STM32CubeIDE_2.1.1/STM32CubeIDE/plugins/com.st.stm32cube.ide.mcu.externaltools.gnu-tools-for-stm32.14.3.rel1.win32_1.0.100.202602081740/tools/bin/../lib/gcc/arm-none-eabi/14.3.1/../../../../arm-none-eabi/lib/thumb/v7e-m+fp/hard\libc_nano.a(libc_a-gdtoa-hexnan.o)
                0x0800c184                __match
 .text.__hexnan
                0x0800c1ac      0x13a C:/ST/STM32CubeIDE_2.1.1/STM32CubeIDE/plugins/com.st.stm32cube.ide.mcu.externaltools.gnu-tools-for-stm32.14.3.rel1.win32_1.0.100.202602081740/tools/bin/../lib/gcc/arm-none-eabi/14.3.1/../../../../arm-none-eabi/lib/thumb/v7e-m+fp/hard\libc_nano.a(libc_a-gdtoa-hexnan.o)
                0x0800c1ac                __hexnan
 .text.__ascii_mbtowc
                0x0800c2e6       0x24 C:/ST/STM32CubeIDE_2.1.1/STM32CubeIDE/plugins/com.st.stm32cube.ide.mcu.externaltools.gnu-tools-for-stm32.14.3.rel1.win32_1.0.100.202602081740/tools/bin/../lib/gcc/arm-none-eabi/14.3.1/../../../../arm-none-eabi/lib/thumb/v7e-m+fp/hard\libc_nano.a(libc_a-mbtowc_r.o)
                0x0800c2e6                __ascii_mbtowc
 *fill*         0x0800c30a        0x2 
 .text._Balloc  0x0800c30c       0x7c C:/ST/STM32CubeIDE_2.1.1/STM32CubeIDE/plugins/com.st.stm32cube.ide.mcu.externaltools.gnu-tools-for-stm32.14.3.rel1.win32_1.0.100.202602081740/tools/bin/../lib/gcc/arm-none-eabi/14.3.1/../../../../arm-none-eabi/lib/thumb/v7e-m+fp/hard\libc_nano.a(libc_a-mprec.o)
                0x0800c30c                _Balloc
 .text._Bfree   0x0800c388       0x44 C:/ST/STM32CubeIDE_2.1.1/STM32CubeIDE/plugins/com.st.stm32cube.ide.mcu.externaltools.gnu-tools-for-stm32.14.3.rel1.win32_1.0.100.202602081740/tools/bin/../lib/gcc/arm-none-eabi/14.3.1/../../../../arm-none-eabi/lib/thumb/v7e-m+fp/hard\libc_nano.a(libc_a-mprec.o)
                0x0800c388                _Bfree
 .text.__multadd
                0x0800c3cc       0x8c C:/ST/STM32CubeIDE_2.1.1/STM32CubeIDE/plugins/com.st.stm32cube.ide.mcu.externaltools.gnu-tools-for-stm32.14.3.rel1.win32_1.0.100.202602081740/tools/bin/../lib/gcc/arm-none-eabi/14.3.1/../../../../arm-none-eabi/lib/thumb/v7e-m+fp/hard\libc_nano.a(libc_a-mprec.o)
                0x0800c3cc                __multadd
 .text.__s2b    0x0800c458       0x94 C:/ST/STM32CubeIDE_2.1.1/STM32CubeIDE/plugins/com.st.stm32cube.ide.mcu.externaltools.gnu-tools-for-stm32.14.3.rel1.win32_1.0.100.202602081740/tools/bin/../lib/gcc/arm-none-eabi/14.3.1/../../../../arm-none-eabi/lib/thumb/v7e-m+fp/hard\libc_nano.a(libc_a-mprec.o)
                0x0800c458                __s2b
 .text.__hi0bits
                0x0800c4ec       0x3e C:/ST/STM32CubeIDE_2.1.1/STM32CubeIDE/plugins/com.st.stm32cube.ide.mcu.externaltools.gnu-tools-for-stm32.14.3.rel1.win32_1.0.100.202602081740/tools/bin/../lib/gcc/arm-none-eabi/14.3.1/../../../../arm-none-eabi/lib/thumb/v7e-m+fp/hard\libc_nano.a(libc_a-mprec.o)
                0x0800c4ec                __hi0bits
 .text.__lo0bits
                0x0800c52a       0x5a C:/ST/STM32CubeIDE_2.1.1/STM32CubeIDE/plugins/com.st.stm32cube.ide.mcu.externaltools.gnu-tools-for-stm32.14.3.rel1.win32_1.0.100.202602081740/tools/bin/../lib/gcc/arm-none-eabi/14.3.1/../../../../arm-none-eabi/lib/thumb/v7e-m+fp/hard\libc_nano.a(libc_a-mprec.o)
                0x0800c52a                __lo0bits
 .text.__i2b    0x0800c584       0x2c C:/ST/STM32CubeIDE_2.1.1/STM32CubeIDE/plugins/com.st.stm32cube.ide.mcu.externaltools.gnu-tools-for-stm32.14.3.rel1.win32_1.0.100.202602081740/tools/bin/../lib/gcc/arm-none-eabi/14.3.1/../../../../arm-none-eabi/lib/thumb/v7e-m+fp/hard\libc_nano.a(libc_a-mprec.o)
                0x0800c584                __i2b
 .text.__multiply
                0x0800c5b0      0x154 C:/ST/STM32CubeIDE_2.1.1/STM32CubeIDE/plugins/com.st.stm32cube.ide.mcu.externaltools.gnu-tools-for-stm32.14.3.rel1.win32_1.0.100.202602081740/tools/bin/../lib/gcc/arm-none-eabi/14.3.1/../../../../arm-none-eabi/lib/thumb/v7e-m+fp/hard\libc_nano.a(libc_a-mprec.o)
                0x0800c5b0                __multiply
 .text.__pow5mult
                0x0800c704       0xb8 C:/ST/STM32CubeIDE_2.1.1/STM32CubeIDE/plugins/com.st.stm32cube.ide.mcu.externaltools.gnu-tools-for-stm32.14.3.rel1.win32_1.0.100.202602081740/tools/bin/../lib/gcc/arm-none-eabi/14.3.1/../../../../arm-none-eabi/lib/thumb/v7e-m+fp/hard\libc_nano.a(libc_a-mprec.o)
                0x0800c704                __pow5mult
 .text.__lshift
                0x0800c7bc       0xdc C:/ST/STM32CubeIDE_2.1.1/STM32CubeIDE/plugins/com.st.stm32cube.ide.mcu.externaltools.gnu-tools-for-stm32.14.3.rel1.win32_1.0.100.202602081740/tools/bin/../lib/gcc/arm-none-eabi/14.3.1/../../../../arm-none-eabi/lib/thumb/v7e-m+fp/hard\libc_nano.a(libc_a-mprec.o)
                0x0800c7bc                __lshift
 .text.__mcmp   0x0800c898       0x36 C:/ST/STM32CubeIDE_2.1.1/STM32CubeIDE/plugins/com.st.stm32cube.ide.mcu.externaltools.gnu-tools-for-stm32.14.3.rel1.win32_1.0.100.202602081740/tools/bin/../lib/gcc/arm-none-eabi/14.3.1/../../../../arm-none-eabi/lib/thumb/v7e-m+fp/hard\libc_nano.a(libc_a-mprec.o)
                0x0800c898                __mcmp
 *fill*         0x0800c8ce        0x2 
 .text.__mdiff  0x0800c8d0      0x130 C:/ST/STM32CubeIDE_2.1.1/STM32CubeIDE/plugins/com.st.stm32cube.ide.mcu.externaltools.gnu-tools-for-stm32.14.3.rel1.win32_1.0.100.202602081740/tools/bin/../lib/gcc/arm-none-eabi/14.3.1/../../../../arm-none-eabi/lib/thumb/v7e-m+fp/hard\libc_nano.a(libc_a-mprec.o)
                0x0800c8d0                __mdiff
 .text.__ulp    0x0800ca00       0x4c C:/ST/STM32CubeIDE_2.1.1/STM32CubeIDE/plugins/com.st.stm32cube.ide.mcu.externaltools.gnu-tools-for-stm32.14.3.rel1.win32_1.0.100.202602081740/tools/bin/../lib/gcc/arm-none-eabi/14.3.1/../../../../arm-none-eabi/lib/thumb/v7e-m+fp/hard\libc_nano.a(libc_a-mprec.o)
                0x0800ca00                __ulp
 .text.__b2d    0x0800ca4c       0x94 C:/ST/STM32CubeIDE_2.1.1/STM32CubeIDE/plugins/com.st.stm32cube.ide.mcu.externaltools.gnu-tools-for-stm32.14.3.rel1.win32_1.0.100.202602081740/tools/bin/../lib/gcc/arm-none-eabi/14.3.1/../../../../arm-none-eabi/lib/thumb/v7e-m+fp/hard\libc_nano.a(libc_a-mprec.o)
                0x0800ca4c                __b2d
 .text.__d2b    0x0800cae0       0xb0 C:/ST/STM32CubeIDE_2.1.1/STM32CubeIDE/plugins/com.st.stm32cube.ide.mcu.externaltools.gnu-tools-for-stm32.14.3.rel1.win32_1.0.100.202602081740/tools/bin/../lib/gcc/arm-none-eabi/14.3.1/../../../../arm-none-eabi/lib/thumb/v7e-m+fp/hard\libc_nano.a(libc_a-mprec.o)
                0x0800cae0                __d2b
 .text.__ratio  0x0800cb90       0x64 C:/ST/STM32CubeIDE_2.1.1/STM32CubeIDE/plugins/com.st.stm32cube.ide.mcu.externaltools.gnu-tools-for-stm32.14.3.rel1.win32_1.0.100.202602081740/tools/bin/../lib/gcc/arm-none-eabi/14.3.1/../../../../arm-none-eabi/lib/thumb/v7e-m+fp/hard\libc_nano.a(libc_a-mprec.o)
                0x0800cb90                __ratio
 .text.__copybits
                0x0800cbf4       0x46 C:/ST/STM32CubeIDE_2.1.1/STM32CubeIDE/plugins/com.st.stm32cube.ide.mcu.externaltools.gnu-tools-for-stm32.14.3.rel1.win32_1.0.100.202602081740/tools/bin/../lib/gcc/arm-none-eabi/14.3.1/../../../../arm-none-eabi/lib/thumb/v7e-m+fp/hard\libc_nano.a(libc_a-mprec.o)
                0x0800cbf4                __copybits
 .text.__any_on
                0x0800cc3a       0x42 C:/ST/STM32CubeIDE_2.1.1/STM32CubeIDE/plugins/com.st.stm32cube.ide.mcu.externaltools.gnu-tools-for-stm32.14.3.rel1.win32_1.0.100.202602081740/tools/bin/../lib/gcc/arm-none-eabi/14.3.1/../../../../arm-none-eabi/lib/thumb/v7e-m+fp/hard\libc_nano.a(libc_a-mprec.o)
                0x0800cc3a                __any_on
 .text.__ascii_wctomb
                0x0800cc7c       0x1a C:/ST/STM32CubeIDE_2.1.1/STM32CubeIDE/plugins/com.st.stm32cube.ide.mcu.externaltools.gnu-tools-for-stm32.14.3.rel1.win32_1.0.100.202602081740/tools/bin/../lib/gcc/arm-none-eabi/14.3.1/../../../../arm-none-eabi/lib/thumb/v7e-m+fp/hard\libc_nano.a(libc_a-wctomb_r.o)
                0x0800cc7c                __ascii_wctomb
 .text.__ssputs_r
                0x0800cc96       0xc0 C:/ST/STM32CubeIDE_2.1.1/STM32CubeIDE/plugins/com.st.stm32cube.ide.mcu.externaltools.gnu-tools-for-stm32.14.3.rel1.win32_1.0.100.202602081740/tools/bin/../lib/gcc/arm-none-eabi/14.3.1/../../../../arm-none-eabi/lib/thumb/v7e-m+fp/hard\libc_nano.a(libc_a-nano-svfprintf.o)
                0x0800cc96                __ssputs_r
 *fill*         0x0800cd56        0x2 
 .text._svfprintf_r
                0x0800cd58      0x1f0 C:/ST/STM32CubeIDE_2.1.1/STM32CubeIDE/plugins/com.st.stm32cube.ide.mcu.externaltools.gnu-tools-for-stm32.14.3.rel1.win32_1.0.100.202602081740/tools/bin/../lib/gcc/arm-none-eabi/14.3.1/../../../../arm-none-eabi/lib/thumb/v7e-m+fp/hard\libc_nano.a(libc_a-nano-svfprintf.o)
                0x0800cd58                _svfiprintf_r
                0x0800cd58                _svfprintf_r
 .text._printf_common
                0x0800cf48       0xda C:/ST/STM32CubeIDE_2.1.1/STM32CubeIDE/plugins/com.st.stm32cube.ide.mcu.externaltools.gnu-tools-for-stm32.14.3.rel1.win32_1.0.100.202602081740/tools/bin/../lib/gcc/arm-none-eabi/14.3.1/../../../../arm-none-eabi/lib/thumb/v7e-m+fp/hard\libc_nano.a(libc_a-nano-vfprintf_i.o)
                0x0800cf48                _printf_common
 *fill*         0x0800d022        0x2 
 .text._printf_i
                0x0800d024      0x24c C:/ST/STM32CubeIDE_2.1.1/STM32CubeIDE/plugins/com.st.stm32cube.ide.mcu.externaltools.gnu-tools-for-stm32.14.3.rel1.win32_1.0.100.202602081740/tools/bin/../lib/gcc/arm-none-eabi/14.3.1/../../../../arm-none-eabi/lib/thumb/v7e-m+fp/hard\libc_nano.a(libc_a-nano-vfprintf_i.o)
                0x0800d024                _printf_i
 .text.__sflush_r
                0x0800d270      0x104 C:/ST/STM32CubeIDE_2.1.1/STM32CubeIDE/plugins/com.st.stm32cube.ide.mcu.externaltools.gnu-tools-for-stm32.14.3.rel1.win32_1.0.100.202602081740/tools/bin/../lib/gcc/arm-none-eabi/14.3.1/../../../../arm-none-eabi/lib/thumb/v7e-m+fp/hard\libc_nano.a(libc_a-fflush.o)
                0x0800d270                __sflush_r
 .text._fflush_r
                0x0800d374       0x50 C:/ST/STM32CubeIDE_2.1.1/STM32CubeIDE/plugins/com.st.stm32cube.ide.mcu.externaltools.gnu-tools-for-stm32.14.3.rel1.win32_1.0.100.202602081740/tools/bin/../lib/gcc/arm-none-eabi/14.3.1/../../../../arm-none-eabi/lib/thumb/v7e-m+fp/hard\libc_nano.a(libc_a-fflush.o)
                0x0800d374                _fflush_r
 .text.memmove  0x0800d3c4       0x32 C:/ST/STM32CubeIDE_2.1.1/STM32CubeIDE/plugins/com.st.stm32cube.ide.mcu.externaltools.gnu-tools-for-stm32.14.3.rel1.win32_1.0.100.202602081740/tools/bin/../lib/gcc/arm-none-eabi/14.3.1/../../../../arm-none-eabi/lib/thumb/v7e-m+fp/hard\libc_nano.a(libc_a-memmove.o)
                0x0800d3c4                memmove
 *fill*         0x0800d3f6        0x2 
 .text.__assert_func
                0x0800d3f8       0x3c C:/ST/STM32CubeIDE_2.1.1/STM32CubeIDE/plugins/com.st.stm32cube.ide.mcu.externaltools.gnu-tools-for-stm32.14.3.rel1.win32_1.0.100.202602081740/tools/bin/../lib/gcc/arm-none-eabi/14.3.1/../../../../arm-none-eabi/lib/thumb/v7e-m+fp/hard\libc_nano.a(libc_a-assert.o)
                0x0800d3f8                __assert_func
 .text._calloc_r
                0x0800d434       0x28 C:/ST/STM32CubeIDE_2.1.1/STM32CubeIDE/plugins/com.st.stm32cube.ide.mcu.externaltools.gnu-tools-for-stm32.14.3.rel1.win32_1.0.100.202602081740/tools/bin/../lib/gcc/arm-none-eabi/14.3.1/../../../../arm-none-eabi/lib/thumb/v7e-m+fp/hard\libc_nano.a(libc_a-callocr.o)
                0x0800d434                _calloc_r
 .text._realloc_r
                0x0800d45c       0x5c C:/ST/STM32CubeIDE_2.1.1/STM32CubeIDE/plugins/com.st.stm32cube.ide.mcu.externaltools.gnu-tools-for-stm32.14.3.rel1.win32_1.0.100.202602081740/tools/bin/../lib/gcc/arm-none-eabi/14.3.1/../../../../arm-none-eabi/lib/thumb/v7e-m+fp/hard\libc_nano.a(libc_a-reallocr.o)
                0x0800d45c                _realloc_r
 .text.fprintf  0x0800d4b8       0x24 C:/ST/STM32CubeIDE_2.1.1/STM32CubeIDE/plugins/com.st.stm32cube.ide.mcu.externaltools.gnu-tools-for-stm32.14.3.rel1.win32_1.0.100.202602081740/tools/bin/../lib/gcc/arm-none-eabi/14.3.1/../../../../arm-none-eabi/lib/thumb/v7e-m+fp/hard\libc_nano.a(libc_a-fprintf.o)
                0x0800d4b8                fiprintf
                0x0800d4b8                fprintf
 .text.abort    0x0800d4dc        0xe C:/ST/STM32CubeIDE_2.1.1/STM32CubeIDE/plugins/com.st.stm32cube.ide.mcu.externaltools.gnu-tools-for-stm32.14.3.rel1.win32_1.0.100.202602081740/tools/bin/../lib/gcc/arm-none-eabi/14.3.1/../../../../arm-none-eabi/lib/thumb/v7e-m+fp/hard\libc_nano.a(libc_a-abort.o)
                0x0800d4dc                abort
 .text._malloc_usable_size_r
                0x0800d4ea       0x10 C:/ST/STM32CubeIDE_2.1.1/STM32CubeIDE/plugins/com.st.stm32cube.ide.mcu.externaltools.gnu-tools-for-stm32.14.3.rel1.win32_1.0.100.202602081740/tools/bin/../lib/gcc/arm-none-eabi/14.3.1/../../../../arm-none-eabi/lib/thumb/v7e-m+fp/hard\libc_nano.a(libc_a-msizer.o)
                0x0800d4ea                _malloc_usable_size_r
 .text.__sfputc_r
                0x0800d4fa       0x2e C:/ST/STM32CubeIDE_2.1.1/STM32CubeIDE/plugins/com.st.stm32cube.ide.mcu.externaltools.gnu-tools-for-stm32.14.3.rel1.win32_1.0.100.202602081740/tools/bin/../lib/gcc/arm-none-eabi/14.3.1/../../../../arm-none-eabi/lib/thumb/v7e-m+fp/hard\libc_nano.a(libc_a-nano-vfprintf.o)
 .text.__sfputs_r
                0x0800d528       0x24 C:/ST/STM32CubeIDE_2.1.1/STM32CubeIDE/plugins/com.st.stm32cube.ide.mcu.externaltools.gnu-tools-for-stm32.14.3.rel1.win32_1.0.100.202602081740/tools/bin/../lib/gcc/arm-none-eabi/14.3.1/../../../../arm-none-eabi/lib/thumb/v7e-m+fp/hard\libc_nano.a(libc_a-nano-vfprintf.o)
                0x0800d528                __sfputs_r
 .text._vfprintf_r
                0x0800d54c      0x228 C:/ST/STM32CubeIDE_2.1.1/STM32CubeIDE/plugins/com.st.stm32cube.ide.mcu.externaltools.gnu-tools-for-stm32.14.3.rel1.win32_1.0.100.202602081740/tools/bin/../lib/gcc/arm-none-eabi/14.3.1/../../../../arm-none-eabi/lib/thumb/v7e-m+fp/hard\libc_nano.a(libc_a-nano-vfprintf.o)
                0x0800d54c                _vfprintf_r
                0x0800d54c                _vfiprintf_r
 .text.__swbuf_r
                0x0800d774       0x7c C:/ST/STM32CubeIDE_2.1.1/STM32CubeIDE/plugins/com.st.stm32cube.ide.mcu.externaltools.gnu-tools-for-stm32.14.3.rel1.win32_1.0.100.202602081740/tools/bin/../lib/gcc/arm-none-eabi/14.3.1/../../../../arm-none-eabi/lib/thumb/v7e-m+fp/hard\libc_nano.a(libc_a-wbuf.o)
                0x0800d774                __swbuf_r
 .text.__swsetup_r
                0x0800d7f0       0xa8 C:/ST/STM32CubeIDE_2.1.1/STM32CubeIDE/plugins/com.st.stm32cube.ide.mcu.externaltools.gnu-tools-for-stm32.14.3.rel1.win32_1.0.100.202602081740/tools/bin/../lib/gcc/arm-none-eabi/14.3.1/../../../../arm-none-eabi/lib/thumb/v7e-m+fp/hard\libc_nano.a(libc_a-wsetup.o)
                0x0800d7f0                __swsetup_r
 .text._raise_r
                0x0800d898       0x50 C:/ST/STM32CubeIDE_2.1.1/STM32CubeIDE/plugins/com.st.stm32cube.ide.mcu.externaltools.gnu-tools-for-stm32.14.3.rel1.win32_1.0.100.202602081740/tools/bin/../lib/gcc/arm-none-eabi/14.3.1/../../../../arm-none-eabi/lib/thumb/v7e-m+fp/hard\libc_nano.a(libc_a-signal.o)
                0x0800d898                _raise_r
 .text.raise    0x0800d8e8       0x10 C:/ST/STM32CubeIDE_2.1.1/STM32CubeIDE/plugins/com.st.stm32cube.ide.mcu.externaltools.gnu-tools-for-stm32.14.3.rel1.win32_1.0.100.202602081740/tools/bin/../lib/gcc/arm-none-eabi/14.3.1/../../../../arm-none-eabi/lib/thumb/v7e-m+fp/hard\libc_nano.a(libc_a-signal.o)
                0x0800d8e8                raise
 .text._kill_r  0x0800d8f8       0x24 C:/ST/STM32CubeIDE_2.1.1/STM32CubeIDE/plugins/com.st.stm32cube.ide.mcu.externaltools.gnu-tools-for-stm32.14.3.rel1.win32_1.0.100.202602081740/tools/bin/../lib/gcc/arm-none-eabi/14.3.1/../../../../arm-none-eabi/lib/thumb/v7e-m+fp/hard\libc_nano.a(libc_a-signalr.o)
                0x0800d8f8                _kill_r
 .text._getpid_r
                0x0800d91c        0x4 C:/ST/STM32CubeIDE_2.1.1/STM32CubeIDE/plugins/com.st.stm32cube.ide.mcu.externaltools.gnu-tools-for-stm32.14.3.rel1.win32_1.0.100.202602081740/tools/bin/../lib/gcc/arm-none-eabi/14.3.1/../../../../arm-none-eabi/lib/thumb/v7e-m+fp/hard\libc_nano.a(libc_a-signalr.o)
                0x0800d91c                _getpid_r
 .text.__swhatbuf_r
                0x0800d920       0x48 C:/ST/STM32CubeIDE_2.1.1/STM32CubeIDE/plugins/com.st.stm32cube.ide.mcu.externaltools.gnu-tools-for-stm32.14.3.rel1.win32_1.0.100.202602081740/tools/bin/../lib/gcc/arm-none-eabi/14.3.1/../../../../arm-none-eabi/lib/thumb/v7e-m+fp/hard\libc_nano.a(libc_a-makebuf.o)