Archive member included to satisfy reference by file (symbol)

C:/ST/STM32CubeIDE_2.1.1/STM32CubeIDE/plugins/com.st.stm32cube.ide.mcu.externaltools.gnu-tools-for-stm32.14.3.rel1.win32_1.0.100.202602081740/tools/bin/../lib/gcc/arm-none-eabi/14.3.1/../../../../arm-none-eabi/lib/thumb/v7e-m+fp/hard\libc_nano.a(libc_a-atoi.o)
                              ./Core/Src/task_ui_comms.o (atoi)
C:/ST/STM32CubeIDE_2.1.1/STM32CubeIDE/plugins/com.st.stm32cube.ide.mcu.externaltools.gnu-tools-for-stm32.14.3.rel1.win32_1.0.100.202602081740/tools/bin/../lib/gcc/arm-none-eabi/14.3.1/../../../../arm-none-eabi/lib/thumb/v7e-m+fp/hard\libc_nano.a(libc_a-exit.o)
                              C:/ST/STM32CubeIDE_2.1.1/STM32CubeIDE/plugins/com.st.stm32cube.ide.mcu.externaltools.gnu-tools-for-stm32.14.3.rel1.win32_1.0.100.202602081740/tools/bin/../lib/gcc/arm-none-eabi/14.3.1/../../../../arm-none-eabi/lib/thumb/v7e-m+fp/hard/crt0.o (exit)
C:/ST/STM32CubeIDE_2.1.1/STM32CubeIDE/plugins/com.st.stm32cube.ide.mcu.externaltools.gnu-tools-for-stm32.14.3.rel1.win32_1.0.100.202602081740/tools/bin/../lib/gcc/arm-none-eabi/14.3.1/../../../../arm-none-eabi/lib/thumb/v7e-m+fp/hard\libc_nano.a(libc_a-malloc.o)
                              ./Core/ThreadSafe/newlib_lock_glue.o (malloc)
C:/ST/STM32CubeIDE_2.1.1/STM32CubeIDE/plugins/com.st.stm32cube.ide.mcu.externaltools.gnu-tools-for-stm32.14.3.rel1.win32_1.0.100.202602081740/tools/bin/../lib/gcc/arm-none-eabi/14.3.1/../../../../arm-none-eabi/lib/thumb/v7e-m+fp/hard\libc_nano.a(libc_a-mallocr.o)
                              C:/ST/STM32CubeIDE_2.1.1/STM32CubeIDE/plugins/com.st.stm32cube.ide.mcu.externaltools.gnu-tools-for-stm32.14.3.rel1.win32_1.0.100.202602081740/tools/bin/../lib/gcc/arm-none-eabi/14.3.1/../../../../arm-none-eabi/lib/thumb/v7e-m+fp/hard\libc_nano.a(libc_a-malloc.o) (_malloc_r)
C:/ST/STM32CubeIDE_2.1.1/STM32CubeIDE/plugins/com.st.stm32cube.ide.mcu.externaltools.gnu-tools-for-stm32.14.3.rel1.win32_1.0.100.202602081740/tools/bin/../lib/gcc/arm-none-eabi/14.3.1/../../../../arm-none-eabi/lib/thumb/v7e-m+fp/hard\libc_nano.a(libc_a-mlock.o)
                              C:/ST/STM32CubeIDE_2.1.1/STM32CubeIDE/plugins/com.st.stm32cube.ide.mcu.externaltools.gnu-tools-for-stm32.14.3.rel1.win32_1.0.100.202602081740/tools/bin/../lib/gcc/arm-none-eabi/14.3.1/../../../../arm-none-eabi/lib/thumb/v7e-m+fp/hard\libc_nano.a(libc_a-mallocr.o) (__malloc_lock)
C:/ST/STM32CubeIDE_2.1.1/STM32CubeIDE/plugins/com.st.stm32cube.ide.mcu.externaltools.gnu-tools-for-stm32.14.3.rel1.win32_1.0.100.202602081740/tools/bin/../lib/gcc/arm-none-eabi/14.3.1/../../../../arm-none-eabi/lib/thumb/v7e-m+fp/hard\libc_nano.a(libc_a-strtol.o)
                              C:/ST/STM32CubeIDE_2.1.1/STM32CubeIDE/plugins/com.st.stm32cube.ide.mcu.externaltools.gnu-tools-for-stm32.14.3.rel1.win32_1.0.100.202602081740/tools/bin/../lib/gcc/arm-none-eabi/14.3.1/../../../../arm-none-eabi/lib/thumb/v7e-m+fp/hard\libc_nano.a(libc_a-atoi.o) (_strtol_r)
C:/ST/STM32CubeIDE_2.1.1/STM32CubeIDE/plugins/com.st.stm32cube.ide.mcu.externaltools.gnu-tools-for-stm32.14.3.rel1.win32_1.0.100.202602081740/tools/bin/../lib/gcc/arm-none-eabi/14.3.1/../../../../arm-none-eabi/lib/thumb/v7e-m+fp/hard\libc_nano.a(libc_a-ctype_.o)
                              C:/ST/STM32CubeIDE_2.1.1/STM32CubeIDE/plugins/com.st.stm32cube.ide.mcu.externaltools.gnu-tools-for-stm32.14.3.rel1.win32_1.0.100.202602081740/tools/bin/../lib/gcc/arm-none-eabi/14.3.1/../../../../arm-none-eabi/lib/thumb/v7e-m+fp/hard\libc_nano.a(libc_a-strtol.o) (_ctype_)
C:/ST/STM32CubeIDE_2.1.1/STM32CubeIDE/plugins/com.st.stm32cube.ide.mcu.externaltools.gnu-tools-for-stm32.14.3.rel1.win32_1.0.100.202602081740/tools/bin/../lib/gcc/arm-none-eabi/14.3.1/../../../../arm-none-eabi/lib/thumb/v7e-m+fp/hard\libc_nano.a(libc_a-findfp.o)
                              ./Middlewares/Third_Party/FreeRTOS/Source/tasks.o (__sf)
C:/ST/STM32CubeIDE_2.1.1/STM32CubeIDE/plugins/com.st.stm32cube.ide.mcu.externaltools.gnu-tools-for-stm32.14.3.rel1.win32_1.0.100.202602081740/tools/bin/../lib/gcc/arm-none-eabi/14.3.1/../../../../arm-none-eabi/lib/thumb/v7e-m+fp/hard\libc_nano.a(libc_a-fwalk.o)
                              C:/ST/STM32CubeIDE_2.1.1/STM32CubeIDE/plugins/com.st.stm32cube.ide.mcu.externaltools.gnu-tools-for-stm32.14.3.rel1.win32_1.0.100.202602081740/tools/bin/../lib/gcc/arm-none-eabi/14.3.1/../../../../arm-none-eabi/lib/thumb/v7e-m+fp/hard\libc_nano.a(libc_a-findfp.o) (_fwalk_sglue)
C:/ST/STM32CubeIDE_2.1.1/STM32CubeIDE/plugins/com.st.stm32cube.ide.mcu.externaltools.gnu-tools-for-stm32.14.3.rel1.win32_1.0.100.202602081740/tools/bin/../lib/gcc/arm-none-eabi/14.3.1/../../../../arm-none-eabi/lib/thumb/v7e-m+fp/hard\libc_nano.a(libc_a-snprintf.o)
                              ./Core/Src/freertos.o (snprintf)
[...]
Memory Configuration

Name             Origin             Length             Attributes
RAM              0x20000000         0x00020000         xrw
FLASH            0x08000000         0x00080000         xr
*default*        0x00000000         0xffffffff

Linker script and memory map

LOAD C:/ST/STM32CubeIDE_2.1.1/STM32CubeIDE/plugins/com.st.stm32cube.ide.mcu.externaltools.gnu-tools-for-stm32.14.3.rel1.win32_1.0.100.202602081740/tools/bin/../lib/gcc/arm-none-eabi/14.3.1/thumb/v7e-m+fp/hard/crti.o
LOAD C:/ST/STM32CubeIDE_2.1.1/STM32CubeIDE/plugins/com.st.stm32cube.ide.mcu.externaltools.gnu-tools-for-stm32.14.3.rel1.win32_1.0.100.202602081740/tools/bin/../lib/gcc/arm-none-eabi/14.3.1/thumb/v7e-m+fp/hard/crtbegin.o
LOAD C:/ST/STM32CubeIDE_2.1.1/STM32CubeIDE/plugins/com.st.stm32cube.ide.mcu.externaltools.gnu-tools-for-stm32.14.3.rel1.win32_1.0.100.202602081740/tools/bin/../lib/gcc/arm-none-eabi/14.3.1/../../../../arm-none-eabi/lib/thumb/v7e-m+fp/hard/crt0.o
LOAD ./Core/Src/adc.o
LOAD ./Core/Src/freertos.o
LOAD ./Core/Src/gpio.o
LOAD ./Core/Src/main.o
LOAD ./Core/Src/perf_measure.o
LOAD ./Core/Src/sensor_adc.o
LOAD ./Core/Src/sensor_fault.o
LOAD ./Core/Src/stm32f4xx_hal_msp.o
LOAD ./Core/Src/stm32f4xx_hal_timebase_tim.o
LOAD ./Core/Src/stm32f4xx_it.o
LOAD ./Core/Src/syscalls.o
LOAD ./Core/Src/sysmem.o
LOAD ./Core/Src/system_stm32f4xx.o
LOAD ./Core/Src/task_airflow.o
LOAD ./Core/Src/task_alarm_manager.o
LOAD ./Core/Src/task_co_sensor.o
LOAD ./Core/Src/task_methane.o
LOAD ./Core/Src/task_pump_flow.o
LOAD ./Core/Src/task_pump_manager.o
LOAD ./Core/Src/task_ui_comms.o
LOAD ./Core/Src/task_water_level.o
LOAD ./Core/Src/tim.o
LOAD ./Core/Src/usart.o
LOAD ./Core/Startup/startup_stm32f446retx.o
LOAD ./Core/ThreadSafe/newlib_lock_glue.o
LOAD ./Drivers/STM32F4xx_HAL_Driver/Src/stm32f4xx_hal.o
LOAD ./Drivers/STM32F4xx_HAL_Driver/Src/stm32f4xx_hal_adc.o
LOAD ./Drivers/STM32F4xx_HAL_Driver/Src/stm32f4xx_hal_adc_ex.o
LOAD ./Drivers/STM32F4xx_HAL_Driver/Src/stm32f4xx_hal_cortex.o
LOAD ./Drivers/STM32F4xx_HAL_Driver/Src/stm32f4xx_hal_dma.o
LOAD ./Drivers/STM32F4xx_HAL_Driver/Src/stm32f4xx_hal_dma_ex.o
LOAD ./Drivers/STM32F4xx_HAL_Driver/Src/stm32f4xx_hal_exti.o
LOAD ./Drivers/STM32F4xx_HAL_Driver/Src/stm32f4xx_hal_flash.o
LOAD ./Drivers/STM32F4xx_HAL_Driver/Src/stm32f4xx_hal_flash_ex.o
LOAD ./Drivers/STM32F4xx_HAL_Driver/Src/stm32f4xx_hal_flash_ramfunc.o
LOAD ./Drivers/STM32F4xx_HAL_Driver/Src/stm32f4xx_hal_gpio.o
LOAD ./Drivers/STM32F4xx_HAL_Driver/Src/stm32f4xx_hal_pwr.o
LOAD ./Drivers/STM32F4xx_HAL_Driver/Src/stm32f4xx_hal_pwr_ex.o
LOAD ./Drivers/STM32F4xx_HAL_Driver/Src/stm32f4xx_hal_rcc.o
LOAD ./Drivers/STM32F4xx_HAL_Driver/Src/stm32f4xx_hal_rcc_ex.o
LOAD ./Drivers/STM32F4xx_HAL_Driver/Src/stm32f4xx_hal_tim.o
LOAD ./Drivers/STM32F4xx_HAL_Driver/Src/stm32f4xx_hal_tim_ex.o
LOAD ./Drivers/STM32F4xx_HAL_Driver/Src/stm32f4xx_hal_uart.o
LOAD ./Middlewares/Third_Party/FreeRTOS/Source/CMSIS_RTOS_V2/cmsis_os2.o
LOAD ./Middlewares/Third_Party/FreeRTOS/Source/croutine.o
LOAD ./Middlewares/Third_Party/FreeRTOS/Source/event_groups.o
LOAD ./Middlewares/Third_Party/FreeRTOS/Source/list.o
LOAD ./Middlewares/Third_Party/FreeRTOS/Source/queue.o
LOAD ./Middlewares/Third_Party/FreeRTOS/Source/stream_buffer.o
LOAD ./Middlewares/Third_Party/FreeRTOS/Source/tasks.o
LOAD ./Middlewares/Third_Party/FreeRTOS/Source/timers.o
LOAD ./Middlewares/Third_Party/FreeRTOS/Source/portable/GCC/ARM_CM4F/port.o
LOAD ./Middlewares/Third_Party/FreeRTOS/Source/portable/MemMang/heap_4.o
START GROUP
LOAD C:/ST/STM32CubeIDE_2.1.1/STM32CubeIDE/plugins/com.st.stm32cube.ide.mcu.externaltools.gnu-tools-for-stm32.14.3.rel1.win32_1.0.100.202602081740/tools/bin/../lib/gcc/arm-none-eabi/14.3.1/../../../../arm-none-eabi/lib/thumb/v7e-m+fp/hard\libc_nano.a
LOAD C:/ST/STM32CubeIDE_2.1.1/STM32CubeIDE/plugins/com.st.stm32cube.ide.mcu.externaltools.gnu-tools-for-stm32.14.3.rel1.win32_1.0.100.202602081740/tools/bin/../lib/gcc/arm-none-eabi/14.3.1/../../../../arm-none-eabi/lib/thumb/v7e-m+fp/hard\libm.a
END GROUP
START GROUP
LOAD C:/ST/STM32CubeIDE_2.1.1/STM32CubeIDE/plugins/com.st.stm32cube.ide.mcu.externaltools.gnu-tools-for-stm32.14.3.rel1.win32_1.0.100.202602081740/tools/bin/../lib/gcc/arm-none-eabi/14.3.1/thumb/v7e-m+fp/hard\libgcc.a
LOAD C:/ST/STM32CubeIDE_2.1.1/STM32CubeIDE/plugins/com.st.stm32cube.ide.mcu.externaltools.gnu-tools-for-stm32.14.3.rel1.win32_1.0.100.202602081740/tools/bin/../lib/gcc/arm-none-eabi/14.3.1/../../../../arm-none-eabi/lib/thumb/v7e-m+fp/hard\libc_nano.a
END GROUP
START GROUP
LOAD C:/ST/STM32CubeIDE_2.1.1/STM32CubeIDE/plugins/com.st.stm32cube.ide.mcu.externaltools.gnu-tools-for-stm32.14.3.rel1.win32_1.0.100.202602081740/tools/bin/../lib/gcc/arm-none-eabi/14.3.1/thumb/v7e-m+fp/hard\libgcc.a
LOAD C:/ST/STM32CubeIDE_2.1.1/STM32CubeIDE/plugins/com.st.stm32cube.ide.mcu.externaltools.gnu-tools-for-stm32.14.3.rel1.win32_1.0.100.202602081740/tools/bin/../lib/gcc/arm-none-eabi/14.3.1/../../../../arm-none-eabi/lib/thumb/v7e-m+fp/hard\libc_nano.a
LOAD C:/ST/STM32CubeIDE_2.1.1/STM32CubeIDE/plugins/com.st.stm32cube.ide.mcu.externaltools.gnu-tools-for-stm32.14.3.rel1.win32_1.0.100.202602081740/tools/bin/../lib/gcc/arm-none-eabi/14.3.1/../../../../arm-none-eabi/lib/thumb/v7e-m+fp/hard\libnosys.a
END GROUP
START GROUP
LOAD C:/ST/STM32CubeIDE_2.1.1/STM32CubeIDE/plugins/com.st.stm32cube.ide.mcu.externaltools.gnu-tools-for-stm32.14.3.rel1.win32_1.0.100.202602081740/tools/bin/../lib/gcc/arm-none-eabi/14.3.1/thumb/v7e-m+fp/hard\libgcc.a
LOAD C:/ST/STM32CubeIDE_2.1.1/STM32CubeIDE/plugins/com.st.stm32cube.ide.mcu.externaltools.gnu-tools-for-stm32.14.3.rel1.win32_1.0.100.202602081740/tools/bin/../lib/gcc/arm-none-eabi/14.3.1/../../../../arm-none-eabi/lib/thumb/v7e-m+fp/hard\libc_nano.a
LOAD C:/ST/STM32CubeIDE_2.1.1/STM32CubeIDE/plugins/com.st.stm32cube.ide.mcu.externaltools.gnu-tools-for-stm32.14.3.rel1.win32_1.0.100.202602081740/tools/bin/../lib/gcc/arm-none-eabi/14.3.1/../../../../arm-none-eabi/lib/thumb/v7e-m+fp/hard\libnosys.a
END GROUP
LOAD C:/ST/STM32CubeIDE_2.1.1/STM32CubeIDE/plugins/com.st.stm32cube.ide.mcu.externaltools.gnu-tools-for-stm32.14.3.rel1.win32_1.0.100.202602081740/tools/bin/../lib/gcc/arm-none-eabi/14.3.1/thumb/v7e-m+fp/hard/crtend.o
LOAD C:/ST/STM32CubeIDE_2.1.1/STM32CubeIDE/plugins/com.st.stm32cube.ide.mcu.externaltools.gnu-tools-for-stm32.14.3.rel1.win32_1.0.100.202602081740/tools/bin/../lib/gcc/arm-none-eabi/14.3.1/thumb/v7e-m+fp/hard/crtn.o
                0x20020000                        _estack = (ORIGIN (RAM) + LENGTH (RAM))
                0x00000200                        _Min_Heap_Size = 0x200
                0x00000400                        _Min_Stack_Size = 0x400

.isr_vector     0x08000000      0x1c4
                0x08000000                        . = ALIGN (0x4)
 *(.isr_vector)
 .isr_vector    0x08000000      0x1c4 ./Core/Startup/startup_stm32f446retx.o
                0x08000000                g_pfnVectors
                0x080001c4                        . = ALIGN (0x4)

.text           0x080001d0     0xb338
                0x080001d0                        . = ALIGN (0x4)
 *(.text)
 .text          0x080001d0       0x40 C:/ST/STM32CubeIDE_2.1.1/STM32CubeIDE/plugins/com.st.stm32cube.ide.mcu.externaltools.gnu-tools-for-stm32.14.3.rel1.win32_1.0.100.202602081740/tools/bin/../lib/gcc/arm-none-eabi/14.3.1/thumb/v7e-m+fp/hard/crtbegin.o
 .text          0x08000210       0xa0 C:/ST/STM32CubeIDE_2.1.1/STM32CubeIDE/plugins/com.st.stm32cube.ide.mcu.externaltools.gnu-tools-for-stm32.14.3.rel1.win32_1.0.100.202602081740/tools/bin/../lib/gcc/arm-none-eabi/14.3.1/../../../../arm-none-eabi/lib/thumb/v7e-m+fp/hard\libc_nano.a(libc_a-memchr.o)
                0x08000210                memchr
 .text          0x080002b0       0x30 C:/ST/STM32CubeIDE_2.1.1/STM32CubeIDE/plugins/com.st.stm32cube.ide.mcu.externaltools.gnu-tools-for-stm32.14.3.rel1.win32_1.0.100.202602081740/tools/bin/../lib/gcc/arm-none-eabi/14.3.1/thumb/v7e-m+fp/hard\libgcc.a(_aeabi_uldivmod.o)
                0x080002b0                __aeabi_uldivmod
 .text          0x080002e0      0x2f8 C:/ST/STM32CubeIDE_2.1.1/STM32CubeIDE/plugins/com.st.stm32cube.ide.mcu.externaltools.gnu-tools-for-stm32.14.3.rel1.win32_1.0.100.202602081740/tools/bin/../lib/gcc/arm-none-eabi/14.3.1/thumb/v7e-m+fp/hard\libgcc.a(_udivmoddi4.o)
                0x080002e0                __udivmoddi4
 .text          0x080005d8        0x4 C:/ST/STM32CubeIDE_2.1.1/STM32CubeIDE/plugins/com.st.stm32cube.ide.mcu.externaltools.gnu-tools-for-stm32.14.3.rel1.win32_1.0.100.202602081740/tools/bin/../lib/gcc/arm-none-eabi/14.3.1/thumb/v7e-m+fp/hard\libgcc.a(_dvmd_tls.o)
                0x080005d8                __aeabi_idiv0
                0x080005d8                __aeabi_ldiv0
 *(.text*)
 .text.MX_ADC1_Init
                0x080005dc       0xa4 ./Core/Src/adc.o
                0x080005dc                MX_ADC1_Init
 .text.MX_ADC2_Init
                0x08000680       0xa4 ./Core/Src/adc.o
                0x08000680                MX_ADC2_Init
 .text.MX_ADC3_Init
                0x08000724       0xa4 ./Core/Src/adc.o
                0x08000724                MX_ADC3_Init
 .text.HAL_ADC_MspInit
                0x080007c8      0x14c ./Core/Src/adc.o
                0x080007c8                HAL_ADC_MspInit
 .text.vApplicationStackOverflowHook
                0x08000914       0x4c ./Core/Src/freertos.o
                0x08000914                vApplicationStackOverflowHook
 .text.vApplicationMallocFailedHook
                0x08000960       0x34 ./Core/Src/freertos.o
                0x08000960                vApplicationMallocFailedHook
 .text.MX_FREERTOS_Init
                0x08000994      0x1b0 ./Core/Src/freertos.o
                0x08000994                MX_FREERTOS_Init
 .text.StartDefaultTask
                0x08000b44       0x10 ./Core/Src/freertos.o
                0x08000b44                StartDefaultTask
 .text.StartWaterLevelTask
                0x08000b54       0x16 ./Core/Src/freertos.o
                0x08000b54                StartWaterLevelTask
 .text.StartMethaneSensorTask
                0x08000b6a       0x16 ./Core/Src/freertos.o
                0x08000b6a                StartMethaneSensorTask
 .text.StartCOSensorTask
                0x08000b80       0x16 ./Core/Src/freertos.o
                0x08000b80                StartCOSensorTask
 .text.StartAirFlowSensorTask
                0x08000b96       0x16 ./Core/Src/freertos.o
                0x08000b96                StartAirFlowSensorTask
 .text.StartPumpFlowTask
                0x08000bac       0x16 ./Core/Src/freertos.o
                0x08000bac                StartPumpFlowTask
 .text.StartPumpManagerTask
                0x08000bc2       0x16 ./Core/Src/freertos.o
                0x08000bc2                StartPumpManagerTask
 .text.StartAlarmManageTask
                0x08000bd8       0x16 ./Core/Src/freertos.o
                0x08000bd8                StartAlarmManageTask
 .text.StartUICommsTask
                0x08000bee       0x16 ./Core/Src/freertos.o
                0x08000bee                StartUICommsTask
 .text.WaterSimTimerCallback
                0x08000c04       0x16 ./Core/Src/freertos.o
                0x08000c04                WaterSimTimerCallback
 *fill*         0x08000c1a        0x2 
 .text.MX_GPIO_Init
                0x08000c1c      0x158 ./Core/Src/gpio.o
                0x08000c1c                MX_GPIO_Init
 .text.main     0x08000d74       0x38 ./Core/Src/main.o
                0x08000d74                main
 .text.SystemClock_Config
                0x08000dac       0xe4 ./Core/Src/main.o
                0x08000dac                SystemClock_Config
 .text.HAL_TIM_PeriodElapsedCallback
                0x08000e90       0x24 ./Core/Src/main.o
                0x08000e90                HAL_TIM_PeriodElapsedCallback
 .text.Error_Handler
                0x08000eb4        0xc ./Core/Src/main.o
                0x08000eb4                Error_Handler
 .text.Perf_Reset
                0x08000ec0       0x98 ./Core/Src/perf_measure.o
                0x08000ec0                Perf_Reset
 .text.Perf_TimeSourceHz
                0x08000f58       0x44 ./Core/Src/perf_measure.o
 .text.Perf_Init
                0x08000f9c       0x68 ./Core/Src/perf_measure.o
                0x08000f9c                Perf_Init
 .text.Perf_Record
                0x08001004       0x84 ./Core/Src/perf_measure.o
                0x08001004                Perf_Record
 .text.cyc_to_us_x100
                0x08001088       0x7c ./Core/Src/perf_measure.o
 .text.Perf_FormatReport
                0x08001104      0x244 ./Core/Src/perf_measure.o
                0x08001104                Perf_FormatReport
 .text.Perf_FormatJson
                0x08001348      0x208 ./Core/Src/perf_measure.o
                0x08001348                Perf_FormatJson
 .text.ADC_HW_StartConversion
                0x08001550       0x16 ./Core/Src/sensor_adc.o
                0x08001550                ADC_HW_StartConversion
 .text.ADC_HW_ReadValue
                0x08001566       0x58 ./Core/Src/sensor_adc.o
                0x08001566                ADC_HW_ReadValue
 *fill*         0x080015be        0x2 
 .text.SensorFault_Arm
                0x080015c0       0x30 ./Core/Src/sensor_fault.o
                0x080015c0                SensorFault_Arm
 .text.SensorFault_ShouldFail
                0x080015f0       0x54 ./Core/Src/sensor_fault.o
                0x080015f0                SensorFault_ShouldFail
 .text.SensorFault_ArmedTarget
                0x08001644       0x28 ./Core/Src/sensor_fault.o
                0x08001644                SensorFault_ArmedTarget
 .text.HAL_MspInit
                0x0800166c       0x58 ./Core/Src/stm32f4xx_hal_msp.o
                0x0800166c                HAL_MspInit
 .text.HAL_InitTick
                0x080016c4       0xe8 ./Core/Src/stm32f4xx_hal_timebase_tim.o
                0x080016c4                HAL_InitTick
 .text.NMI_Handler
                0x080017ac        0x8 ./Core/Src/stm32f4xx_it.o
                0x080017ac                NMI_Handler
 .text.HardFault_Handler
                0x080017b4        0x8 ./Core/Src/stm32f4xx_it.o
                0x080017b4                HardFault_Handler
 .text.MemManage_Handler
                0x080017bc        0x8 ./Core/Src/stm32f4xx_it.o
                0x080017bc                MemManage_Handler
 .text.BusFault_Handler
                0x080017c4        0x8 ./Core/Src/stm32f4xx_it.o
                0x080017c4                BusFault_Handler
 .text.UsageFault_Handler
                0x080017cc        0x8 ./Core/Src/stm32f4xx_it.o
                0x080017cc                UsageFault_Handler
 .text.DebugMon_Handler
                0x080017d4        0xe ./Core/Src/stm32f4xx_it.o
                0x080017d4                DebugMon_Handler
 .text.EXTI0_IRQHandler
                0x080017e2        0xe ./Core/Src/stm32f4xx_it.o
                0x080017e2                EXTI0_IRQHandler
 .text.EXTI1_IRQHandler
                0x080017f0        0xe ./Core/Src/stm32f4xx_it.o
                0x080017f0                EXTI1_IRQHandler
 *fill*         0x080017fe        0x2 
 .text.TIM1_UP_TIM10_IRQHandler
                0x08001800       0x14 ./Core/Src/stm32f4xx_it.o
                0x08001800                TIM1_UP_TIM10_IRQHandler
 .text.USART2_IRQHandler
                0x08001814       0x14 ./Core/Src/stm32f4xx_it.o
                0x08001814                USART2_IRQHandler
 .text._sbrk    0x08001828       0x6c ./Core/Src/sysmem.o
                0x08001828                _sbrk
 .text.SystemInit
                0x08001894       0x24 ./Core/Src/system_stm32f4xx.o
                0x08001894                SystemInit
 .text.AirFlowTask_Run
                0x080018b8       0xdc ./Core/Src/task_airflow.o
                0x080018b8                AirFlowTask_Run
 .text.AlarmManager_RaiseCause
                0x08001994       0x28 ./Core/Src/task_alarm_manager.o
                0x08001994                AlarmManager_RaiseCause
 .text.AlarmManager_Acknowledge
                0x080019bc       0x18 ./Core/Src/task_alarm_manager.o
                0x080019bc                AlarmManager_Acknowledge
 .text.AlarmManagerTask_Run
                0x080019d4       0xac ./Core/Src/task_alarm_manager.o
                0x080019d4                AlarmManagerTask_Run
 .text.COSensorTask_Run
                0x08001a80       0xdc ./Core/Src/task_co_sensor.o
                0x08001a80                COSensorTask_Run
 .text.MethaneTask_Run
                0x08001b5c       0xf0 ./Core/Src/task_methane.o
                0x08001b5c                MethaneTask_Run
 .text.PumpFlowTask_Run
                0x08001c4c      0x14c ./Core/Src/task_pump_flow.o
                0x08001c4c                PumpFlowTask_Run
 .text.PumpManager_IsEnvironmentSafe
                0x08001d98       0x78 ./Core/Src/task_pump_manager.o
 .text.PumpManager_ApplyStateLocked
                0x08001e10       0x48 ./Core/Src/task_pump_manager.o
 .text.PumpManager_SetMethaneCritical
                0x08001e58       0x44 ./Core/Src/task_pump_manager.o
                0x08001e58                PumpManager_SetMethaneCritical
 .text.PumpManager_SetPumpState
                0x08001e9c       0x38 ./Core/Src/task_pump_manager.o
 .text.PumpManager_Toggle
                0x08001ed4       0x3c ./Core/Src/task_pump_manager.o
                0x08001ed4                PumpManager_Toggle
 .text.PumpManagerTask_Run
                0x08001f10       0xb0 ./Core/Src/task_pump_manager.o
                0x08001f10                PumpManagerTask_Run
 .text.UIComms_FaultSensorName
                0x08001fc0       0x58 ./Core/Src/task_ui_comms.o
 .text.HAL_UART_RxCpltCallback
                0x08002018       0x78 ./Core/Src/task_ui_comms.o
                0x08002018                HAL_UART_RxCpltCallback
 .text.UIComms_TryReadLine
                0x08002090       0x8c ./Core/Src/task_ui_comms.o
 .text.UIComms_HandleLine
                0x0800211c      0x288 ./Core/Src/task_ui_comms.o
 .text.UIComms_SendTelemetry
                0x080023a4      0x158 ./Core/Src/task_ui_comms.o
 .text.UICommsTask_Run
                0x080024fc       0xb4 ./Core/Src/task_ui_comms.o
                0x080024fc                UICommsTask_Run
 .text.HAL_GPIO_EXTI_Callback
                0x080025b0       0x3c ./Core/Src/task_water_level.o
                0x080025b0                HAL_GPIO_EXTI_Callback
 .text.WaterLevel_Sample
                0x080025ec       0x64 ./Core/Src/task_water_level.o
 .text.WaterSim_TimerCb
                0x08002650       0x8c ./Core/Src/task_water_level.o
                0x08002650                WaterSim_TimerCb
 .text.WaterLevelTask_Run
                0x080026dc       0x9c ./Core/Src/task_water_level.o
                0x080026dc                WaterLevelTask_Run
 .text.MX_TIM2_Init
                0x08002778       0x98 ./Core/Src/tim.o
                0x08002778                MX_TIM2_Init
 .text.HAL_TIM_Base_MspInit
                0x08002810       0x40 ./Core/Src/tim.o
                0x08002810                HAL_TIM_Base_MspInit
 .text.MX_USART2_UART_Init
                0x08002850       0x54 ./Core/Src/usart.o
                0x08002850                MX_USART2_UART_Init
 .text.HAL_UART_MspInit
                0x080028a4       0xa0 ./Core/Src/usart.o
                0x080028a4                HAL_UART_MspInit
 .text.Reset_Handler
                0x08002944       0x50 ./Core/Startup/startup_stm32f446retx.o
                0x08002944                Reset_Handler
 .text.Default_Handler
                0x08002994        0x2 ./Core/Startup/startup_stm32f446retx.o
                0x08002994                RTC_Alarm_IRQHandler
                0x08002994                EXTI2_IRQHandler
                0x08002994                TIM8_CC_IRQHandler
                0x08002994                FMPI2C1_EV_IRQHandler
                0x08002994                SPI4_IRQHandler
                0x08002994                TIM1_CC_IRQHandler
                0x08002994                DMA2_Stream5_IRQHandler
                0x08002994                DMA1_Stream5_IRQHandler
                0x08002994                PVD_IRQHandler
                0x08002994                SDIO_IRQHandler
                0x08002994                TAMP_STAMP_IRQHandler
                0x08002994                CAN2_RX1_IRQHandler
                0x08002994                EXTI3_IRQHandler
                0x08002994                TIM8_TRG_COM_TIM14_IRQHandler
                0x08002994                TIM8_UP_TIM13_IRQHandler
                0x08002994                I2C3_ER_IRQHandler
                0x08002994                I2C2_EV_IRQHandler
                0x08002994                DMA1_Stream2_IRQHandler
                0x08002994                CAN1_RX0_IRQHandler
                0x08002994                FPU_IRQHandler
                0x08002994                OTG_HS_WKUP_IRQHandler
                0x08002994                CAN2_SCE_IRQHandler
                0x08002994                DMA2_Stream2_IRQHandler
                0x08002994                SPI1_IRQHandler
                0x08002994                TIM6_DAC_IRQHandler
                0x08002994                TIM1_BRK_TIM9_IRQHandler
                0x08002994                DCMI_IRQHandler
                0x08002994                CAN2_RX0_IRQHandler
                0x08002994                DMA2_Stream3_IRQHandler
                0x08002994                SAI2_IRQHandler
                0x08002994                USART6_IRQHandler
                0x08002994                USART3_IRQHandler
                0x08002994                CAN1_RX1_IRQHandler
                0x08002994                UART5_IRQHandler
                0x08002994                DMA2_Stream0_IRQHandler
                0x08002994                TIM4_IRQHandler
                0x08002994                QUADSPI_IRQHandler
                0x08002994                I2C1_EV_IRQHandler
                0x08002994                DMA1_Stream6_IRQHandler
                0x08002994                DMA1_Stream1_IRQHandler
                0x08002994                UART4_IRQHandler
                0x08002994                TIM3_IRQHandler
                0x08002994                RCC_IRQHandler
                0x08002994                TIM8_BRK_TIM12_IRQHandler
                0x08002994                Default_Handler
                0x08002994                CEC_IRQHandler
                0x08002994                EXTI15_10_IRQHandler
                0x08002994                ADC_IRQHandler
                0x08002994                DMA1_Stream7_IRQHandler
                0x08002994                TIM7_IRQHandler
                0x08002994                CAN2_TX_IRQHandler
                0x08002994                TIM5_IRQHandler
                0x08002994                DMA2_Stream7_IRQHandler
                0x08002994                I2C3_EV_IRQHandler
                0x08002994                EXTI9_5_IRQHandler
                0x08002994                RTC_WKUP_IRQHandler
                0x08002994                SPDIF_RX_IRQHandler
                0x08002994                SPI2_IRQHandler
                0x08002994                OTG_HS_EP1_IN_IRQHandler
                0x08002994                DMA1_Stream0_IRQHandler
                0x08002994                CAN1_TX_IRQHandler
                0x08002994                FMPI2C1_ER_IRQHandler
                0x08002994                EXTI4_IRQHandler
                0x08002994                OTG_HS_EP1_OUT_IRQHandler
                0x08002994                WWDG_IRQHandler
                0x08002994                TIM2_IRQHandler
                0x08002994                OTG_FS_WKUP_IRQHandler
                0x08002994                TIM1_TRG_COM_TIM11_IRQHandler
                0x08002994                OTG_HS_IRQHandler
                0x08002994                I2C2_ER_IRQHandler
                0x08002994                DMA2_Stream1_IRQHandler
                0x08002994                CAN1_SCE_IRQHandler
                0x08002994                FLASH_IRQHandler
                0x08002994                DMA2_Stream4_IRQHandler
                0x08002994                USART1_IRQHandler
                0x08002994                OTG_FS_IRQHandler
                0x08002994                SPI3_IRQHandler
                0x08002994                DMA1_Stream4_IRQHandler
                0x08002994                I2C1_ER_IRQHandler
                0x08002994                FMC_IRQHandler
                0x08002994                DMA2_Stream6_IRQHandler
                0x08002994                SAI1_IRQHandler
                0x08002994                DMA1_Stream3_IRQHandler
 .text.stm32_lock_acquire
                0x08002996       0x64 ./Core/ThreadSafe/newlib_lock_glue.o
 .text.stm32_lock_release
                0x080029fa       0x58 ./Core/ThreadSafe/newlib_lock_glue.o
 .text.__retarget_lock_acquire_recursive
                0x08002a52       0x2a ./Core/ThreadSafe/newlib_lock_glue.o
                0x08002a52                __retarget_lock_acquire_recursive
 .text.__retarget_lock_release_recursive
                0x08002a7c       0x2a ./Core/ThreadSafe/newlib_lock_glue.o
                0x08002a7c                __retarget_lock_release_recursive
 *fill*         0x08002aa6        0x2 
 .text.HAL_Init
                0x08002aa8       0x44 ./Drivers/STM32F4xx_HAL_Driver/Src/stm32f4xx_hal.o
                0x08002aa8                HAL_Init
 .text.HAL_IncTick
                0x08002aec       0x28 ./Drivers/STM32F4xx_HAL_Driver/Src/stm32f4xx_hal.o
                0x08002aec                HAL_IncTick
 .text.HAL_GetTick
                0x08002b14       0x18 ./Drivers/STM32F4xx_HAL_Driver/Src/stm32f4xx_hal.o
                0x08002b14                HAL_GetTick
 .text.HAL_ADC_Init
                0x08002b2c       0x86 ./Drivers/STM32F4xx_HAL_Driver/Src/stm32f4xx_hal_adc.o
                0x08002b2c                HAL_ADC_Init
 *fill*         0x08002bb2        0x2 
 .text.HAL_ADC_Start
                0x08002bb4      0x1a4 ./Drivers/STM32F4xx_HAL_Driver/Src/stm32f4xx_hal_adc.o
                0x08002bb4                HAL_ADC_Start
 .text.HAL_ADC_PollForConversion
                0x08002d58      0x116 ./Drivers/STM32F4xx_HAL_Driver/Src/stm32f4xx_hal_adc.o
                0x08002d58                HAL_ADC_PollForConversion
 .text.HAL_ADC_GetValue
                0x08002e6e       0x1a ./Drivers/STM32F4xx_HAL_Driver/Src/stm32f4xx_hal_adc.o
                0x08002e6e                HAL_ADC_GetValue
 .text.HAL_ADC_ConfigChannel
                0x08002e88      0x264 ./Drivers/STM32F4xx_HAL_Driver/Src/stm32f4xx_hal_adc.o
                0x08002e88                HAL_ADC_ConfigChannel
 .text.ADC_Init
                0x080030ec      0x1f8 ./Drivers/STM32F4xx_HAL_Driver/Src/stm32f4xx_hal_adc.o
 .text.__NVIC_SetPriorityGrouping
                0x080032e4       0x48 ./Drivers/STM32F4xx_HAL_Driver/Src/stm32f4xx_hal_cortex.o
 .text.__NVIC_GetPriorityGrouping
                0x0800332c       0x1c ./Drivers/STM32F4xx_HAL_Driver/Src/stm32f4xx_hal_cortex.o
 .text.__NVIC_EnableIRQ
                0x08003348       0x3c ./Drivers/STM32F4xx_HAL_Driver/Src/stm32f4xx_hal_cortex.o
 .text.__NVIC_SetPriority
                0x08003384       0x54 ./Drivers/STM32F4xx_HAL_Driver/Src/stm32f4xx_hal_cortex.o
 .text.NVIC_EncodePriority
                0x080033d8       0x66 ./Drivers/STM32F4xx_HAL_Driver/Src/stm32f4xx_hal_cortex.o
 .text.HAL_NVIC_SetPriorityGrouping
                0x0800343e       0x16 ./Drivers/STM32F4xx_HAL_Driver/Src/stm32f4xx_hal_cortex.o
                0x0800343e                HAL_NVIC_SetPriorityGrouping
 .text.HAL_NVIC_SetPriority
                0x08003454       0x38 ./Drivers/STM32F4xx_HAL_Driver/Src/stm32f4xx_hal_cortex.o
                0x08003454                HAL_NVIC_SetPriority
 .text.HAL_NVIC_EnableIRQ
                0x0800348c       0x1c ./Drivers/STM32F4xx_HAL_Driver/Src/stm32f4xx_hal_cortex.o
                0x0800348c                HAL_NVIC_EnableIRQ
 .text.HAL_DMA_Abort
                0x080034a8       0xe0 ./Drivers/STM32F4xx_HAL_Driver/Src/stm32f4xx_hal_dma.o
                0x080034a8                HAL_DMA_Abort
 .text.HAL_DMA_Abort_IT
                0x08003588       0x44 ./Drivers/STM32F4xx_HAL_Driver/Src/stm32f4xx_hal_dma.o
                0x08003588                HAL_DMA_Abort_IT
 .text.HAL_GPIO_Init
                0x080035cc      0x328 ./Drivers/STM32F4xx_HAL_Driver/Src/stm32f4xx_hal_gpio.o
                0x080035cc                HAL_GPIO_Init
 .text.HAL_GPIO_ReadPin
                0x080038f4       0x30 ./Drivers/STM32F4xx_HAL_Driver/Src/stm32f4xx_hal_gpio.o
                0x080038f4                HAL_GPIO_ReadPin
 .text.HAL_GPIO_WritePin
                0x08003924       0x32 ./Drivers/STM32F4xx_HAL_Driver/Src/stm32f4xx_hal_gpio.o
                0x08003924                HAL_GPIO_WritePin
 *fill*         0x08003956        0x2 
 .text.HAL_GPIO_EXTI_IRQHandler
                0x08003958       0x30 ./Drivers/STM32F4xx_HAL_Driver/Src/stm32f4xx_hal_gpio.o
                0x08003958                HAL_GPIO_EXTI_IRQHandler
 .text.HAL_PWREx_EnableOverDrive
                0x08003988       0xa0 ./Drivers/STM32F4xx_HAL_Driver/Src/stm32f4xx_hal_pwr_ex.o
                0x08003988                HAL_PWREx_EnableOverDrive
 .text.HAL_RCC_ClockConfig
                0x08003a28      0x1cc ./Drivers/STM32F4xx_HAL_Driver/Src/stm32f4xx_hal_rcc.o
                0x08003a28                HAL_RCC_ClockConfig
 .text.HAL_RCC_GetHCLKFreq
                0x08003bf4       0x18 ./Drivers/STM32F4xx_HAL_Driver/Src/stm32f4xx_hal_rcc.o
                0x08003bf4                HAL_RCC_GetHCLKFreq
 .text.HAL_RCC_GetPCLK1Freq
                0x08003c0c       0x28 ./Drivers/STM32F4xx_HAL_Driver/Src/stm32f4xx_hal_rcc.o
                0x08003c0c                HAL_RCC_GetPCLK1Freq
 .text.HAL_RCC_GetPCLK2Freq
                0x08003c34       0x28 ./Drivers/STM32F4xx_HAL_Driver/Src/stm32f4xx_hal_rcc.o
                0x08003c34                HAL_RCC_GetPCLK2Freq
 .text.HAL_RCC_GetClockConfig
                0x08003c5c       0x64 ./Drivers/STM32F4xx_HAL_Driver/Src/stm32f4xx_hal_rcc.o
                0x08003c5c                HAL_RCC_GetClockConfig
 .text.HAL_RCC_GetSysClockFreq
                0x08003cc0      0x460 ./Drivers/STM32F4xx_HAL_Driver/Src/stm32f4xx_hal_rcc_ex.o
                0x08003cc0                HAL_RCC_GetSysClockFreq
 .text.HAL_RCC_OscConfig
                0x08004120      0x53c ./Drivers/STM32F4xx_HAL_Driver/Src/stm32f4xx_hal_rcc_ex.o
                0x08004120                HAL_RCC_OscConfig
 .text.HAL_TIM_Base_Init
                0x0800465c       0x9e ./Drivers/STM32F4xx_HAL_Driver/Src/stm32f4xx_hal_tim.o
                0x0800465c                HAL_TIM_Base_Init
 *fill*         0x080046fa        0x2 
 .text.HAL_TIM_Base_Start
                0x080046fc       0xd0 ./Drivers/STM32F4xx_HAL_Driver/Src/stm32f4xx_hal_tim.o
                0x080046fc                HAL_TIM_Base_Start
 .text.HAL_TIM_Base_Start_IT
                0x080047cc       0xe0 ./Drivers/STM32F4xx_HAL_Driver/Src/stm32f4xx_hal_tim.o
                0x080047cc                HAL_TIM_Base_Start_IT
 .text.HAL_TIM_IRQHandler
                0x080048ac      0x1e0 ./Drivers/STM32F4xx_HAL_Driver/Src/stm32f4xx_hal_tim.o
                0x080048ac                HAL_TIM_IRQHandler
 .text.HAL_TIM_ConfigClockSource
                0x08004a8c      0x18e ./Drivers/STM32F4xx_HAL_Driver/Src/stm32f4xx_hal_tim.o
                0x08004a8c                HAL_TIM_ConfigClockSource
 .text.HAL_TIM_OC_DelayElapsedCallback
                0x08004c1a       0x14 ./Drivers/STM32F4xx_HAL_Driver/Src/stm32f4xx_hal_tim.o
                0x08004c1a                HAL_TIM_OC_DelayElapsedCallback
 .text.HAL_TIM_IC_CaptureCallback
                0x08004c2e       0x14 ./Drivers/STM32F4xx_HAL_Driver/Src/stm32f4xx_hal_tim.o
                0x08004c2e                HAL_TIM_IC_CaptureCallback
 .text.HAL_TIM_PWM_PulseFinishedCallback
                0x08004c42       0x14 ./Drivers/STM32F4xx_HAL_Driver/Src/stm32f4xx_hal_tim.o
                0x08004c42                HAL_TIM_PWM_PulseFinishedCallback
 .text.HAL_TIM_TriggerCallback
                0x08004c56       0x14 ./Drivers/STM32F4xx_HAL_Driver/Src/stm32f4xx_hal_tim.o
                0x08004c56                HAL_TIM_TriggerCallback
 *fill*         0x08004c6a        0x2 
 .text.TIM_Base_SetConfig
                0x08004c6c      0x14c ./Drivers/STM32F4xx_HAL_Driver/Src/stm32f4xx_hal_tim.o
                0x08004c6c                TIM_Base_SetConfig
 .text.TIM_TI1_ConfigInputStage
                0x08004db8       0x5e ./Drivers/STM32F4xx_HAL_Driver/Src/stm32f4xx_hal_tim.o
 .text.TIM_TI2_ConfigInputStage
                0x08004e16       0x60 ./Drivers/STM32F4xx_HAL_Driver/Src/stm32f4xx_hal_tim.o
 .text.TIM_ITRx_SetConfig
                0x08004e76       0x36 ./Drivers/STM32F4xx_HAL_Driver/Src/stm32f4xx_hal_tim.o
 .text.TIM_ETR_SetConfig
                0x08004eac       0x40 ./Drivers/STM32F4xx_HAL_Driver/Src/stm32f4xx_hal_tim.o
                0x08004eac                TIM_ETR_SetConfig
 .text.HAL_TIMEx_MasterConfigSynchronization
                0x08004eec       0xf8 ./Drivers/STM32F4xx_HAL_Driver/Src/stm32f4xx_hal_tim_ex.o
                0x08004eec                HAL_TIMEx_MasterConfigSynchronization
 .text.HAL_TIMEx_CommutCallback
                0x08004fe4       0x14 ./Drivers/STM32F4xx_HAL_Driver/Src/stm32f4xx_hal_tim_ex.o
                0x08004fe4                HAL_TIMEx_CommutCallback
 .text.HAL_TIMEx_BreakCallback
                0x08004ff8       0x14 ./Drivers/STM32F4xx_HAL_Driver/Src/stm32f4xx_hal_tim_ex.o
                0x08004ff8                HAL_TIMEx_BreakCallback
 .text.HAL_UART_Init
                0x0800500c       0xa0 ./Drivers/STM32F4xx_HAL_Driver/Src/stm32f4xx_hal_uart.o
                0x0800500c                HAL_UART_Init
 .text.HAL_UART_Transmit
                0x080050ac      0x116 ./Drivers/STM32F4xx_HAL_Driver/Src/stm32f4xx_hal_uart.o
                0x080050ac                HAL_UART_Transmit
 .text.HAL_UART_Receive_IT
                0x080051c2       0x4a ./Drivers/STM32F4xx_HAL_Driver/Src/stm32f4xx_hal_uart.o
                0x080051c2                HAL_UART_Receive_IT
 .text.HAL_UART_IRQHandler
                0x0800520c      0x554 ./Drivers/STM32F4xx_HAL_Driver/Src/stm32f4xx_hal_uart.o
                0x0800520c                HAL_UART_IRQHandler
 .text.HAL_UART_TxCpltCallback
                0x08005760       0x14 ./Drivers/STM32F4xx_HAL_Driver/Src/stm32f4xx_hal_uart.o
                0x08005760                HAL_UART_TxCpltCallback
 .text.HAL_UART_ErrorCallback
                0x08005774       0x14 ./Drivers/STM32F4xx_HAL_Driver/Src/stm32f4xx_hal_uart.o
                0x08005774                HAL_UART_ErrorCallback
 .text.HAL_UARTEx_RxEventCallback
                0x08005788       0x18 ./Drivers/STM32F4xx_HAL_Driver/Src/stm32f4xx_hal_uart.o
                0x08005788                HAL_UARTEx_RxEventCallback
 .text.UART_WaitOnFlagUntilTimeout
                0x080057a0       0xb2 ./Drivers/STM32F4xx_HAL_Driver/Src/stm32f4xx_hal_uart.o
 .text.UART_Start_Receive_IT
                0x08005852       0x74 ./Drivers/STM32F4xx_HAL_Driver/Src/stm32f4xx_hal_uart.o
                0x08005852                UART_Start_Receive_IT
 .text.UART_EndRxTransfer
                0x080058c6       0xc6 ./Drivers/STM32F4xx_HAL_Driver/Src/stm32f4xx_hal_uart.o
 .text.UART_DMAAbortOnError
                0x0800598c       0x22 ./Drivers/STM32F4xx_HAL_Driver/Src/stm32f4xx_hal_uart.o
 .text.UART_Transmit_IT
                0x080059ae       0xa0 ./Drivers/STM32F4xx_HAL_Driver/Src/stm32f4xx_hal_uart.o
 .text.UART_EndTransmit_IT
                0x08005a4e       0x30 ./Drivers/STM32F4xx_HAL_Driver/Src/stm32f4xx_hal_uart.o
 .text.UART_Receive_IT
                0x08005a7e      0x17c ./Drivers/STM32F4xx_HAL_Driver/Src/stm32f4xx_hal_uart.o
 *fill*         0x08005bfa        0x2 
 .text.UART_SetConfig
                0x08005bfc      0x4e8 ./Drivers/STM32F4xx_HAL_Driver/Src/stm32f4xx_hal_uart.o
 .text.__NVIC_SetPriority
                0x080060e4       0x54 ./Middlewares/Third_Party/FreeRTOS/Source/CMSIS_RTOS_V2/cmsis_os2.o
 .text.SysTick_Handler
                0x08006138       0x20 ./Middlewares/Third_Party/FreeRTOS/Source/CMSIS_RTOS_V2/cmsis_os2.o
                0x08006138                SysTick_Handler
 .text.SVC_Setup
                0x08006158       0x12 ./Middlewares/Third_Party/FreeRTOS/Source/CMSIS_RTOS_V2/cmsis_os2.o
 *fill*         0x0800616a        0x2 
 .text.osKernelInitialize
                0x0800616c       0x48 ./Middlewares/Third_Party/FreeRTOS/Source/CMSIS_RTOS_V2/cmsis_os2.o
                0x0800616c                osKernelInitialize
 .text.osKernelStart
                0x080061b4       0x4c ./Middlewares/Third_Party/FreeRTOS/Source/CMSIS_RTOS_V2/cmsis_os2.o
                0x080061b4                osKernelStart
 .text.osKernelGetTickCount
                0x08006200       0x2a ./Middlewares/Third_Party/FreeRTOS/Source/CMSIS_RTOS_V2/cmsis_os2.o
                0x08006200                osKernelGetTickCount
 .text.osThreadNew
                0x0800622a      0x124 ./Middlewares/Third_Party/FreeRTOS/Source/CMSIS_RTOS_V2/cmsis_os2.o
                0x0800622a                osThreadNew
 .text.osDelay  0x0800634e       0x36 ./Middlewares/Third_Party/FreeRTOS/Source/CMSIS_RTOS_V2/cmsis_os2.o
                0x0800634e                osDelay
 .text.TimerCallback
                0x08006384       0x2a ./Middlewares/Third_Party/FreeRTOS/Source/CMSIS_RTOS_V2/cmsis_os2.o
 *fill*         0x080063ae        0x2 
 .text.osTimerNew
                0x080063b0       0xf8 ./Middlewares/Third_Party/FreeRTOS/Source/CMSIS_RTOS_V2/cmsis_os2.o
                0x080063b0                osTimerNew
 .text.osTimerStart
                0x080064a8       0x5c ./Middlewares/Third_Party/FreeRTOS/Source/CMSIS_RTOS_V2/cmsis_os2.o
                0x080064a8                osTimerStart
 .text.osEventFlagsNew
                0x08006504       0x7e ./Middlewares/Third_Party/FreeRTOS/Source/CMSIS_RTOS_V2/cmsis_os2.o
                0x08006504                osEventFlagsNew
 *fill*         0x08006582        0x2 
 .text.osEventFlagsSet
                0x08006584       0x84 ./Middlewares/Third_Party/FreeRTOS/Source/CMSIS_RTOS_V2/cmsis_os2.o
                0x08006584                osEventFlagsSet
 .text.osEventFlagsWait
                0x08006608       0xca ./Middlewares/Third_Party/FreeRTOS/Source/CMSIS_RTOS_V2/cmsis_os2.o
                0x08006608                osEventFlagsWait
 .text.osMutexNew
                0x080066d2      0x10c ./Middlewares/Third_Party/FreeRTOS/Source/CMSIS_RTOS_V2/cmsis_os2.o
                0x080066d2                osMutexNew
 .text.osMutexAcquire
                0x080067de       0x96 ./Middlewares/Third_Party/FreeRTOS/Source/CMSIS_RTOS_V2/cmsis_os2.o
                0x080067de                osMutexAcquire
 .text.osMutexRelease
                0x08006874       0x7a ./Middlewares/Third_Party/FreeRTOS/Source/CMSIS_RTOS_V2/cmsis_os2.o
                0x08006874                osMutexRelease
 .text.osSemaphoreNew
                0x080068ee      0x112 ./Middlewares/Third_Party/FreeRTOS/Source/CMSIS_RTOS_V2/cmsis_os2.o
                0x080068ee                osSemaphoreNew
 .text.osSemaphoreAcquire
                0x08006a00       0xa4 ./Middlewares/Third_Party/FreeRTOS/Source/CMSIS_RTOS_V2/cmsis_os2.o
                0x08006a00                osSemaphoreAcquire
 .text.osSemaphoreRelease
                0x08006aa4       0x88 ./Middlewares/Third_Party/FreeRTOS/Source/CMSIS_RTOS_V2/cmsis_os2.o
                0x08006aa4                osSemaphoreRelease
 .text.osMessageQueueNew
                0x08006b2c       0xe6 ./Middlewares/Third_Party/FreeRTOS/Source/CMSIS_RTOS_V2/cmsis_os2.o
                0x08006b2c                osMessageQueueNew
 *fill*         0x08006c12        0x2 
 .text.osMessageQueuePut
                0x08006c14       0xc0 ./Middlewares/Third_Party/FreeRTOS/Source/CMSIS_RTOS_V2/cmsis_os2.o
                0x08006c14                osMessageQueuePut
 .text.osMessageQueueGet
                0x08006cd4       0xbc ./Middlewares/Third_Party/FreeRTOS/Source/CMSIS_RTOS_V2/cmsis_os2.o
                0x08006cd4                osMessageQueueGet
 .text.vApplicationGetIdleTaskMemory
                0x08006d90       0x34 ./Middlewares/Third_Party/FreeRTOS/Source/CMSIS_RTOS_V2/cmsis_os2.o
                0x08006d90                vApplicationGetIdleTaskMemory
 .text.vApplicationGetTimerTaskMemory
                0x08006dc4       0x34 ./Middlewares/Third_Party/FreeRTOS/Source/CMSIS_RTOS_V2/cmsis_os2.o
                0x08006dc4                vApplicationGetTimerTaskMemory
 .text.xEventGroupCreateStatic
                0x08006df8       0x72 ./Middlewares/Third_Party/FreeRTOS/Source/event_groups.o
                0x08006df8                xEventGroupCreateStatic
 .text.xEventGroupCreate
                0x08006e6a       0x34 ./Middlewares/Third_Party/FreeRTOS/Source/event_groups.o
                0x08006e6a                xEventGroupCreate
 *fill*         0x08006e9e        0x2 
 .text.xEventGroupWaitBits
                0x08006ea0      0x1a4 ./Middlewares/Third_Party/FreeRTOS/Source/event_groups.o
                0x08006ea0                xEventGroupWaitBits
 .text.xEventGroupSetBits
                0x08007044      0x118 ./Middlewares/Third_Party/FreeRTOS/Source/event_groups.o
                0x08007044                xEventGroupSetBits
 .text.vEventGroupSetBitsCallback
                0x0800715c       0x1a ./Middlewares/Third_Party/FreeRTOS/Source/event_groups.o
                0x0800715c                vEventGroupSetBitsCallback
 .text.prvTestWaitCondition
                0x08007176       0x44 ./Middlewares/Third_Party/FreeRTOS/Source/event_groups.o
 *fill*         0x080071ba        0x2 
 .text.xEventGroupSetBitsFromISR
                0x080071bc       0x28 ./Middlewares/Third_Party/FreeRTOS/Source/event_groups.o
                0x080071bc                xEventGroupSetBitsFromISR
 .text.vListInitialise
                0x080071e4       0x40 ./Middlewares/Third_Party/FreeRTOS/Source/list.o
                0x080071e4                vListInitialise
 .text.vListInitialiseItem
                0x08007224       0x1a ./Middlewares/Third_Party/FreeRTOS/Source/list.o
                0x08007224                vListInitialiseItem
 .text.vListInsertEnd
                0x0800723e       0x48 ./Middlewares/Third_Party/FreeRTOS/Source/list.o
                0x0800723e                vListInsertEnd
 .text.vListInsert
                0x08007286       0x72 ./Middlewares/Third_Party/FreeRTOS/Source/list.o
                0x08007286                vListInsert
 .text.uxListRemove
                0x080072f8       0x54 ./Middlewares/Third_Party/FreeRTOS/Source/list.o
                0x080072f8                uxListRemove
 .text.xQueueGenericReset
                0x0800734c       0xd4 ./Middlewares/Third_Party/FreeRTOS/Source/queue.o
                0x0800734c                xQueueGenericReset
 .text.xQueueGenericCreateStatic
                0x08007420       0xfa ./Middlewares/Third_Party/FreeRTOS/Source/queue.o
                0x08007420                xQueueGenericCreateStatic
 .text.xQueueGenericCreate
                0x0800751a       0x76 ./Middlewares/Third_Party/FreeRTOS/Source/queue.o
                0x0800751a                xQueueGenericCreate
 .text.prvInitialiseNewQueue
                0x08007590       0x46 ./Middlewares/Third_Party/FreeRTOS/Source/queue.o
 .text.prvInitialiseMutex
                0x080075d6       0x34 ./Middlewares/Third_Party/FreeRTOS/Source/queue.o
 .text.xQueueCreateMutex
                0x0800760a       0x30 ./Middlewares/Third_Party/FreeRTOS/Source/queue.o
                0x0800760a                xQueueCreateMutex
 .text.xQueueCreateMutexStatic
                0x0800763a       0x36 ./Middlewares/Third_Party/FreeRTOS/Source/queue.o
                0x0800763a                xQueueCreateMutexStatic
 .text.xQueueGiveMutexRecursive
                0x08007670       0x6a ./Middlewares/Third_Party/FreeRTOS/Source/queue.o
                0x08007670                xQueueGiveMutexRecursive
 .text.xQueueTakeMutexRecursive
                0x080076da       0x6e ./Middlewares/Third_Party/FreeRTOS/Source/queue.o
                0x080076da                xQueueTakeMutexRecursive
 .text.xQueueCreateCountingSemaphoreStatic
                0x08007748       0x72 ./Middlewares/Third_Party/FreeRTOS/Source/queue.o
                0x08007748                xQueueCreateCountingSemaphoreStatic
 .text.xQueueCreateCountingSemaphore
                0x080077ba       0x6a ./Middlewares/Third_Party/FreeRTOS/Source/queue.o
                0x080077ba                xQueueCreateCountingSemaphore
 .text.xQueueGenericSend
                0x08007824      0x204 ./Middlewares/Third_Party/FreeRTOS/Source/queue.o
                0x08007824                xQueueGenericSend
 .text.xQueueGenericSendFromISR
                0x08007a28      0x13c ./Middlewares/Third_Party/FreeRTOS/Source/queue.o
                0x08007a28                xQueueGenericSendFromISR
 .text.xQueueGiveFromISR
                0x08007b64      0x120 ./Middlewares/Third_Party/FreeRTOS/Source/queue.o
                0x08007b64                xQueueGiveFromISR
 .text.xQueueReceive
                0x08007c84      0x1c4 ./Middlewares/Third_Party/FreeRTOS/Source/queue.o
                0x08007c84                xQueueReceive
 .text.xQueueSemaphoreTake
                0x08007e48      0x220 ./Middlewares/Third_Party/FreeRTOS/Source/queue.o
                0x08007e48                xQueueSemaphoreTake
 .text.xQueueReceiveFromISR
                0x08008068      0x104 ./Middlewares/Third_Party/FreeRTOS/Source/queue.o
                0x08008068                xQueueReceiveFromISR
 .text.vQueueDelete
                0x0800816c       0x48 ./Middlewares/Third_Party/FreeRTOS/Source/queue.o
                0x0800816c                vQueueDelete
 .text.prvGetDisinheritPriorityAfterTimeout
                0x080081b4       0x30 ./Middlewares/Third_Party/FreeRTOS/Source/queue.o
 .text.prvCopyDataToQueue
                0x080081e4       0xd4 ./Middlewares/Third_Party/FreeRTOS/Source/queue.o
 .text.prvCopyDataFromQueue
                0x080082b8       0x4c ./Middlewares/Third_Party/FreeRTOS/Source/queue.o
 .text.prvUnlockQueue
                0x08008304       0xa4 ./Middlewares/Third_Party/FreeRTOS/Source/queue.o
 .text.prvIsQueueEmpty
                0x080083a8       0x2c ./Middlewares/Third_Party/FreeRTOS/Source/queue.o
 .text.prvIsQueueFull
                0x080083d4       0x30 ./Middlewares/Third_Party/FreeRTOS/Source/queue.o
 .text.vQueueAddToRegistry
                0x08008404       0x54 ./Middlewares/Third_Party/FreeRTOS/Source/queue.o
                0x08008404                vQueueAddToRegistry
 .text.vQueueUnregisterQueue
                0x08008458       0x54 ./Middlewares/Third_Party/FreeRTOS/Source/queue.o
                0x08008458                vQueueUnregisterQueue
 .text.vQueueWaitForMessageRestricted
                0x080084ac       0x68 ./Middlewares/Third_Party/FreeRTOS/Source/queue.o
                0x080084ac                vQueueWaitForMessageRestricted
 .text.xTaskCreateStatic
                0x08008514       0xc0 ./Middlewares/Third_Party/FreeRTOS/Source/tasks.o
                0x08008514                xTaskCreateStatic
 .text.xTaskCreate
                0x080085d4       0x8a ./Middlewares/Third_Party/FreeRTOS/Source/tasks.o
                0x080085d4                xTaskCreate
 *fill*         0x0800865e        0x2 
 .text.prvInitialiseNewTask
                0x08008660      0x150 ./Middlewares/Third_Party/FreeRTOS/Source/tasks.o
 .text.prvAddNewTaskToReadyList
                0x080087b0       0xe0 ./Middlewares/Third_Party/FreeRTOS/Source/tasks.o
 .text.vTaskDelayUntil
                0x08008890      0x100 ./Middlewares/Third_Party/FreeRTOS/Source/tasks.o
                0x08008890                vTaskDelayUntil
 .text.vTaskDelay
                0x08008990       0x6c ./Middlewares/Third_Party/FreeRTOS/Source/tasks.o
                0x08008990                vTaskDelay
 .text.vTaskStartScheduler
                0x080089fc       0xe0 ./Middlewares/Third_Party/FreeRTOS/Source/tasks.o
                0x080089fc                vTaskStartScheduler
 .text.vTaskSuspendAll
                0x08008adc       0x1c ./Middlewares/Third_Party/FreeRTOS/Source/tasks.o
                0x08008adc                vTaskSuspendAll
 .text.xTaskResumeAll
                0x08008af8      0x13c ./Middlewares/Third_Party/FreeRTOS/Source/tasks.o
                0x08008af8                xTaskResumeAll
 .text.xTaskGetTickCount
                0x08008c34       0x20 ./Middlewares/Third_Party/FreeRTOS/Source/tasks.o
                0x08008c34                xTaskGetTickCount
 .text.xTaskGetTickCountFromISR
                0x08008c54       0x24 ./Middlewares/Third_Party/FreeRTOS/Source/tasks.o
                0x08008c54                xTaskGetTickCountFromISR
 .text.xTaskIncrementTick
                0x08008c78      0x174 ./Middlewares/Third_Party/FreeRTOS/Source/tasks.o
                0x08008c78                xTaskIncrementTick
 .text.vTaskSwitchContext
                0x08008dec      0x114 ./Middlewares/Third_Party/FreeRTOS/Source/tasks.o
                0x08008dec                vTaskSwitchContext
 .text.vTaskPlaceOnEventList
                0x08008f00       0x4c ./Middlewares/Third_Party/FreeRTOS/Source/tasks.o
                0x08008f00                vTaskPlaceOnEventList
 .text.vTaskPlaceOnUnorderedEventList
                0x08008f4c       0x7c ./Middlewares/Third_Party/FreeRTOS/Source/tasks.o
                0x08008f4c                vTaskPlaceOnUnorderedEventList
 .text.vTaskPlaceOnEventListRestricted
                0x08008fc8       0x58 ./Middlewares/Third_Party/FreeRTOS/Source/tasks.o
                0x08008fc8                vTaskPlaceOnEventListRestricted
 .text.xTaskRemoveFromEventList
                0x08009020       0xc8 ./Middlewares/Third_Party/FreeRTOS/Source/tasks.o
                0x08009020                xTaskRemoveFromEventList
 .text.vTaskRemoveFromUnorderedEventList
                0x080090e8       0xc8 ./Middlewares/Third_Party/FreeRTOS/Source/tasks.o
                0x080090e8                vTaskRemoveFromUnorderedEventList
 .text.vTaskInternalSetTimeOutState
                0x080091b0       0x2c ./Middlewares/Third_Party/FreeRTOS/Source/tasks.o
                0x080091b0                vTaskInternalSetTimeOutState
 .text.xTaskCheckForTimeOut
                0x080091dc       0xc8 ./Middlewares/Third_Party/FreeRTOS/Source/tasks.o
                0x080091dc                xTaskCheckForTimeOut
 .text.vTaskMissedYield
                0x080092a4       0x18 ./Middlewares/Third_Party/FreeRTOS/Source/tasks.o
                0x080092a4                vTaskMissedYield
 .text.prvIdleTask
                0x080092bc       0x30 ./Middlewares/Third_Party/FreeRTOS/Source/tasks.o
 .text.prvInitialiseTaskLists
                0x080092ec       0x80 ./Middlewares/Third_Party/FreeRTOS/Source/tasks.o
 .text.prvCheckTasksWaitingTermination
                0x0800936c       0x5c ./Middlewares/Third_Party/FreeRTOS/Source/tasks.o
 .text.prvDeleteTCB
                0x080093c8       0x6a ./Middlewares/Third_Party/FreeRTOS/Source/tasks.o
 *fill*         0x08009432        0x2 
 .text.prvResetNextTaskUnblockTime
                0x08009434       0x40 ./Middlewares/Third_Party/FreeRTOS/Source/tasks.o
 .text.xTaskGetCurrentTaskHandle
                0x08009474       0x20 ./Middlewares/Third_Party/FreeRTOS/Source/tasks.o
                0x08009474                xTaskGetCurrentTaskHandle
 .text.xTaskGetSchedulerState
                0x08009494       0x3c ./Middlewares/Third_Party/FreeRTOS/Source/tasks.o
                0x08009494                xTaskGetSchedulerState
 .text.xTaskPriorityInherit
                0x080094d0       0xd0 ./Middlewares/Third_Party/FreeRTOS/Source/tasks.o
                0x080094d0                xTaskPriorityInherit
 .text.xTaskPriorityDisinherit
                0x080095a0       0xe0 ./Middlewares/Third_Party/FreeRTOS/Source/tasks.o
                0x080095a0                xTaskPriorityDisinherit
 .text.vTaskPriorityDisinheritAfterTimeout
                0x08009680      0x108 ./Middlewares/Third_Party/FreeRTOS/Source/tasks.o
                0x08009680                vTaskPriorityDisinheritAfterTimeout
 .text.uxTaskResetEventItemValue
                0x08009788       0x30 ./Middlewares/Third_Party/FreeRTOS/Source/tasks.o
                0x08009788                uxTaskResetEventItemValue
 .text.pvTaskIncrementMutexHeldCount
                0x080097b8       0x28 ./Middlewares/Third_Party/FreeRTOS/Source/tasks.o
                0x080097b8                pvTaskIncrementMutexHeldCount
 .text.prvAddCurrentTaskToDelayedList
                0x080097e0       0xa8 ./Middlewares/Third_Party/FreeRTOS/Source/tasks.o
 .text.xTimerCreateTimerTask
                0x08009888       0x94 ./Middlewares/Third_Party/FreeRTOS/Source/timers.o
                0x08009888                xTimerCreateTimerTask
 .text.xTimerCreate
                0x0800991c       0x42 ./Middlewares/Third_Party/FreeRTOS/Source/timers.o
                0x0800991c                xTimerCreate
 .text.xTimerCreateStatic
                0x0800995e       0x80 ./Middlewares/Third_Party/FreeRTOS/Source/timers.o
                0x0800995e                xTimerCreateStatic
 .text.prvInitialiseNewTimer
                0x080099de       0x78 ./Middlewares/Third_Party/FreeRTOS/Source/timers.o
 *fill*         0x08009a56        0x2 
 .text.xTimerGenericCommand
                0x08009a58       0x9c ./Middlewares/Third_Party/FreeRTOS/Source/timers.o
                0x08009a58                xTimerGenericCommand
 .text.prvProcessExpiredTimer
                0x08009af4       0x9c ./Middlewares/Third_Party/FreeRTOS/Source/timers.o
 .text.prvTimerTask
                0x08009b90       0x26 ./Middlewares/Third_Party/FreeRTOS/Source/timers.o
 *fill*         0x08009bb6        0x2 
 .text.prvProcessTimerOrBlockTask
                0x08009bb8       0x9c ./Middlewares/Third_Party/FreeRTOS/Source/timers.o
 .text.prvGetNextExpireTime
                0x08009c54       0x48 ./Middlewares/Third_Party/FreeRTOS/Source/timers.o
 .text.prvSampleTimeNow
                0x08009c9c       0x40 ./Middlewares/Third_Party/FreeRTOS/Source/timers.o
 .text.prvInsertTimerInActiveList
                0x08009cdc       0x84 ./Middlewares/Third_Party/FreeRTOS/Source/timers.o
 .text.prvProcessReceivedCommands
                0x08009d60      0x1cc ./Middlewares/Third_Party/FreeRTOS/Source/timers.o
 .text.prvSwitchTimerLists
                0x08009f2c       0xcc ./Middlewares/Third_Party/FreeRTOS/Source/timers.o
 .text.prvCheckForValidListAndQueue
                0x08009ff8       0x80 ./Middlewares/Third_Party/FreeRTOS/Source/timers.o
 .text.pvTimerGetTimerID
                0x0800a078       0x42 ./Middlewares/Third_Party/FreeRTOS/Source/timers.o
                0x0800a078                pvTimerGetTimerID
 *fill*         0x0800a0ba        0x2 
 .text.xTimerPendFunctionCallFromISR
                0x0800a0bc       0x40 ./Middlewares/Third_Party/FreeRTOS/Source/timers.o
                0x0800a0bc                xTimerPendFunctionCallFromISR
 .text.pxPortInitialiseStack
                0x0800a0fc       0x68 ./Middlewares/Third_Party/FreeRTOS/Source/portable/GCC/ARM_CM4F/port.o
                0x0800a0fc                pxPortInitialiseStack
 .text.prvTaskExitError
                0x0800a164       0x5c ./Middlewares/Third_Party/FreeRTOS/Source/portable/GCC/ARM_CM4F/port.o
 .text.SVC_Handler
                0x0800a1c0       0x28 ./Middlewares/Third_Party/FreeRTOS/Source/portable/GCC/ARM_CM4F/port.o
                0x0800a1c0                SVC_Handler
 .text.prvPortStartFirstTask
                0x0800a1e8       0x28 ./Middlewares/Third_Party/FreeRTOS/Source/portable/GCC/ARM_CM4F/port.o
 .text.xPortStartScheduler
                0x0800a210      0x148 ./Middlewares/Third_Party/FreeRTOS/Source/portable/GCC/ARM_CM4F/port.o
                0x0800a210                xPortStartScheduler
 .text.vPortEnterCritical
                0x0800a358       0x64 ./Middlewares/Third_Party/FreeRTOS/Source/portable/GCC/ARM_CM4F/port.o
                0x0800a358                vPortEnterCritical
 .text.vPortExitCritical
                0x0800a3bc       0x54 ./Middlewares/Third_Party/FreeRTOS/Source/portable/GCC/ARM_CM4F/port.o
                0x0800a3bc                vPortExitCritical
 .text.PendSV_Handler
                0x0800a410       0x68 ./Middlewares/Third_Party/FreeRTOS/Source/portable/GCC/ARM_CM4F/port.o
                0x0800a410                PendSV_Handler
 .text.xPortSysTickHandler
                0x0800a478       0x44 ./Middlewares/Third_Party/FreeRTOS/Source/portable/GCC/ARM_CM4F/port.o
                0x0800a478                xPortSysTickHandler
 .text.vPortSetupTimerInterrupt
                0x0800a4bc       0x48 ./Middlewares/Third_Party/FreeRTOS/Source/portable/GCC/ARM_CM4F/port.o
                0x0800a4bc                vPortSetupTimerInterrupt
 .text.vPortEnableVFP
                0x0800a504       0x14 ./Middlewares/Third_Party/FreeRTOS/Source/portable/GCC/ARM_CM4F/port.o
 .text.vPortValidateInterruptPriority
                0x0800a518       0x84 ./Middlewares/Third_Party/FreeRTOS/Source/portable/GCC/ARM_CM4F/port.o
                0x0800a518                vPortValidateInterruptPriority
 .text.pvPortMalloc
                0x0800a59c      0x1a8 ./Middlewares/Third_Party/FreeRTOS/Source/portable/MemMang/heap_4.o
                0x0800a59c                pvPortMalloc
 .text.vPortFree
                0x0800a744       0xc8 ./Middlewares/Third_Party/FreeRTOS/Source/portable/MemMang/heap_4.o
                0x0800a744                vPortFree
 .text.prvHeapInit
                0x0800a80c       0xc4 ./Middlewares/Third_Party/FreeRTOS/Source/portable/MemMang/heap_4.o
 .text.prvInsertBlockIntoFreeList
                0x0800a8d0       0xb4 ./Middlewares/Third_Party/FreeRTOS/Source/portable/MemMang/heap_4.o
 .text.atoi     0x0800a984        0x8 C:/ST/STM32CubeIDE_2.1.1/STM32CubeIDE/plugins/com.st.stm32cube.ide.mcu.externaltools.gnu-tools-for-stm32.14.3.rel1.win32_1.0.100.202602081740/tools/bin/../lib/gcc/arm-none-eabi/14.3.1/../../../../arm-none-eabi/lib/thumb/v7e-m+fp/hard\libc_nano.a(libc_a-atoi.o)
                0x0800a984                atoi
 .text.sbrk_aligned
                0x0800a98c       0x44 C:/ST/STM32CubeIDE_2.1.1/STM32CubeIDE/plugins/com.st.stm32cube.ide.mcu.externaltools.gnu-tools-for-stm32.14.3.rel1.win32_1.0.100.202602081740/tools/bin/../lib/gcc/arm-none-eabi/14.3.1/../../../../arm-none-eabi/lib/thumb/v7e-m+fp/hard\libc_nano.a(libc_a-mallocr.o)
 .text._malloc_r
                0x0800a9d0      0x100 C:/ST/STM32CubeIDE_2.1.1/STM32CubeIDE/plugins/com.st.stm32cube.ide.mcu.externaltools.gnu-tools-for-stm32.14.3.rel1.win32_1.0.100.202602081740/tools/bin/../lib/gcc/arm-none-eabi/14.3.1/../../../../arm-none-eabi/lib/thumb/v7e-m+fp/hard\libc_nano.a(libc_a-mallocr.o)
                0x0800a9d0                _malloc_r
 .text.__malloc_lock
                0x0800aad0        0xc C:/ST/STM32CubeIDE_2.1.1/STM32CubeIDE/plugins/com.st.stm32cube.ide.mcu.externaltools.gnu-tools-for-stm32.14.3.rel1.win32_1.0.100.202602081740/tools/bin/../lib/gcc/arm-none-eabi/14.3.1/../../../../arm-none-eabi/lib/thumb/v7e-m+fp/hard\libc_nano.a(libc_a-mlock.o)
                0x0800aad0                __malloc_lock
 .text.__malloc_unlock
                0x0800aadc        0xc C:/ST/STM32CubeIDE_2.1.1/STM32CubeIDE/plugins/com.st.stm32cube.ide.mcu.externaltools.gnu-tools-for-stm32.14.3.rel1.win32_1.0.100.202602081740/tools/bin/../lib/gcc/arm-none-eabi/14.3.1/../../../../arm-none-eabi/lib/thumb/v7e-m+fp/hard\libc_nano.a(libc_a-mlock.o)
                0x0800aadc                __malloc_unlock
 .text._strtol_l.isra.0
                0x0800aae8       0xf4 C:/ST/STM32CubeIDE_2.1.1/STM32CubeIDE/plugins/com.st.stm32cube.ide.mcu.externaltools.gnu-tools-for-stm32.14.3.rel1.win32_1.0.100.202602081740/tools/bin/../lib/gcc/arm-none-eabi/14.3.1/../../../../arm-none-eabi/lib/thumb/v7e-m+fp/hard\libc_nano.a(libc_a-strtol.o)
 .text.strtol   0x0800abdc       0x14 C:/ST/STM32CubeIDE_2.1.1/STM32CubeIDE/plugins/com.st.stm32cube.ide.mcu.externaltools.gnu-tools-for-stm32.14.3.rel1.win32_1.0.100.202602081740/tools/bin/../lib/gcc/arm-none-eabi/14.3.1/../../../../arm-none-eabi/lib/thumb/v7e-m+fp/hard\libc_nano.a(libc_a-strtol.o)
                0x0800abdc                strtol
 .text.snprintf
                0x0800abf0       0x6c C:/ST/STM32CubeIDE_2.1.1/STM32CubeIDE/plugins/com.st.stm32cube.ide.mcu.externaltools.gnu-tools-for-stm32.14.3.rel1.win32_1.0.100.202602081740/tools/bin/../lib/gcc/arm-none-eabi/14.3.1/../../../../arm-none-eabi/lib/thumb/v7e-m+fp/hard\libc_nano.a(libc_a-snprintf.o)
                0x0800abf0                sniprintf
                0x0800abf0                snprintf
 .text.memset   0x0800ac5c       0x10 C:/ST/STM32CubeIDE_2.1.1/STM32CubeIDE/plugins/com.st.stm32cube.ide.mcu.externaltools.gnu-tools-for-stm32.14.3.rel1.win32_1.0.100.202602081740/tools/bin/../lib/gcc/arm-none-eabi/14.3.1/../../../../arm-none-eabi/lib/thumb/v7e-m+fp/hard\libc_nano.a(libc_a-memset.o)
                0x0800ac5c                memset
 .text.strstr   0x0800ac6c       0x2c C:/ST/STM32CubeIDE_2.1.1/STM32CubeIDE/plugins/com.st.stm32cube.ide.mcu.externaltools.gnu-tools-for-stm32.14.3.rel1.win32_1.0.100.202602081740/tools/bin/../lib/gcc/arm-none-eabi/14.3.1/../../../../arm-none-eabi/lib/thumb/v7e-m+fp/hard\libc_nano.a(libc_a-strstr.o)
                0x0800ac6c                strstr
 .text._reclaim_reent
                0x0800ac98       0xbc C:/ST/STM32CubeIDE_2.1.1/STM32CubeIDE/plugins/com.st.stm32cube.ide.mcu.externaltools.gnu-tools-for-stm32.14.3.rel1.win32_1.0.100.202602081740/tools/bin/../lib/gcc/arm-none-eabi/14.3.1/../../../../arm-none-eabi/lib/thumb/v7e-m+fp/hard\libc_nano.a(libc_a-reent.o)
                0x0800ac98                _reclaim_reent
 .text._sbrk_r  0x0800ad54       0x20 C:/ST/STM32CubeIDE_2.1.1/STM32CubeIDE/plugins/com.st.stm32cube.ide.mcu.externaltools.gnu-tools-for-stm32.14.3.rel1.win32_1.0.100.202602081740/tools/bin/../lib/gcc/arm-none-eabi/14.3.1/../../../../arm-none-eabi/lib/thumb/v7e-m+fp/hard\libc_nano.a(libc_a-sbrkr.o)
                0x0800ad54                _sbrk_r
 .text.__errno  0x0800ad74        0xc C:/ST/STM32CubeIDE_2.1.1/STM32CubeIDE/plugins/com.st.stm32cube.ide.mcu.externaltools.gnu-tools-for-stm32.14.3.rel1.win32_1.0.100.202602081740/tools/bin/../lib/gcc/arm-none-eabi/14.3.1/../../../../arm-none-eabi/lib/thumb/v7e-m+fp/hard\libc_nano.a(libc_a-errno.o)
                0x0800ad74                __errno
 .text.__libc_init_array
                0x0800ad80       0x48 C:/ST/STM32CubeIDE_2.1.1/STM32CubeIDE/plugins/com.st.stm32cube.ide.mcu.externaltools.gnu-tools-for-stm32.14.3.rel1.win32_1.0.100.202602081740/tools/bin/../lib/gcc/arm-none-eabi/14.3.1/../../../../arm-none-eabi/lib/thumb/v7e-m+fp/hard\libc_nano.a(libc_a-init.o)
                0x0800ad80                __libc_init_array
 .text.memcpy   0x0800adc8       0x1c C:/ST/STM32CubeIDE_2.1.1/STM32CubeIDE/plugins/com.st.stm32cube.ide.mcu.externaltools.gnu-tools-for-stm32.14.3.rel1.win32_1.0.100.202602081740/tools/bin/../lib/gcc/arm-none-eabi/14.3.1/../../../../arm-none-eabi/lib/thumb/v7e-m+fp/hard\libc_nano.a(libc_a-memcpy-stub.o)
                0x0800adc8                memcpy
 .text._free_r  0x0800ade4       0x94 C:/ST/STM32CubeIDE_2.1.1/STM32CubeIDE/plugins/com.st.stm32cube.ide.mcu.externaltools.gnu-tools-for-stm32.14.3.rel1.win32_1.0.100.202602081740/tools/bin/../lib/gcc/arm-none-eabi/14.3.1/../../../../arm-none-eabi/lib/thumb/v7e-m+fp/hard\libc_nano.a(libc_a-freer.o)
                0x0800ade4                _free_r
 .text.__ssputs_r
                0x0800ae78       0xc0 C:/ST/STM32CubeIDE_2.1.1/STM32CubeIDE/plugins/com.st.stm32cube.ide.mcu.externaltools.gnu-tools-for-stm32.14.3.rel1.win32_1.0.100.202602081740/tools/bin/../lib/gcc/arm-none-eabi/14.3.1/../../../../arm-none-eabi/lib/thumb/v7e-m+fp/hard\libc_nano.a(libc_a-nano-svfprintf.o)
                0x0800ae78                __ssputs_r
 .text._svfprintf_r
                0x0800af38      0x1f0 C:/ST/STM32CubeIDE_2.1.1/STM32CubeIDE/plugins/com.st.stm32cube.ide.mcu.externaltools.gnu-tools-for-stm32.14.3.rel1.win32_1.0.100.202602081740/tools/bin/../lib/gcc/arm-none-eabi/14.3.1/../../../../arm-none-eabi/lib/thumb/v7e-m+fp/hard\libc_nano.a(libc_a-nano-svfprintf.o)
                0x0800af38                _svfiprintf_r
                0x0800af38                _svfprintf_r
 .text._printf_common
                0x0800b128       0xda C:/ST/STM32CubeIDE_2.1.1/STM32CubeIDE/plugins/com.st.stm32cube.ide.mcu.externaltools.gnu-tools-for-stm32.14.3.rel1.win32_1.0.100.202602081740/tools/bin/../lib/gcc/arm-none-eabi/14.3.1/../../../../arm-none-eabi/lib/thumb/v7e-m+fp/hard\libc_nano.a(libc_a-nano-vfprintf_i.o)
                0x0800b128                _printf_common
 *fill*         0x0800b202        0x2 
 .text._printf_i
                0x0800b204      0x24c C:/ST/STM32CubeIDE_2.1.1/STM32CubeIDE/plugins/com.st.stm32cube.ide.mcu.externaltools.gnu-tools-for-stm32.14.3.rel1.win32_1.0.100.202602081740/tools/bin/../lib/gcc/arm-none-eabi/14.3.1/../../../../arm-none-eabi/lib/thumb/v7e-m+fp/hard\libc_nano.a(libc_a-nano-vfprintf_i.o)
                0x0800b204                _printf_i
 .text.memmove  0x0800b450       0x32 C:/ST/STM32CubeIDE_2.1.1/STM32CubeIDE/plugins/com.st.stm32cube.ide.mcu.externaltools.gnu-tools-for-stm32.14.3.rel1.win32_1.0.100.202602081740/tools/bin/../lib/gcc/arm-none-eabi/14.3.1/../../../../arm-none-eabi/lib/thumb/v7e-m+fp/hard\libc_nano.a(libc_a-memmove.o)
                0x0800b450                memmove
 .text._realloc_r
                0x0800b482       0x5c C:/ST/STM32CubeIDE_2.1.1/STM32CubeIDE/plugins/com.st.stm32cube.ide.mcu.externaltools.gnu-tools-for-stm32.14.3.rel1.win32_1.0.100.202602081740/tools/bin/../lib/gcc/arm-none-eabi/14.3.1/../../../../arm-none-eabi/lib/thumb/v7e-m+fp/hard\libc_nano.a(libc_a-reallocr.o)
                0x0800b482                _realloc_r
 .text._malloc_usable_size_r
                0x0800b4de       0x10 C:/ST/STM32CubeIDE_2.1.1/STM32CubeIDE/plugins/com.st.stm32cube.ide.mcu.externaltools.gnu-tools-for-stm32.14.3.rel1.win32_1.0.100.202602081740/tools/bin/../lib/gcc/arm-none-eabi/14.3.1/../../../../arm-none-eabi/lib/thumb/v7e-m+fp/hard\libc_nano.a(libc_a-msizer.o)
                0x0800b4de                _malloc_usable_size_r
 *(.glue_7)
 .glue_7        0x0800b4ee        0x0 linker stubs
 *(.glue_7t)
 .glue_7t       0x0800b4ee        0x0 linker stubs
 *(.eh_frame)
 *fill*         0x0800b4ee        0x2 
 .eh_frame      0x0800b4f0        0x0 C:/ST/STM32CubeIDE_2.1.1/STM32CubeIDE/plugins/com.st.stm32cube.ide.mcu.externaltools.gnu-tools-for-stm32.14.3.rel1.win32_1.0.100.202602081740/tools/bin/../lib/gcc/arm-none-eabi/14.3.1/thumb/v7e-m+fp/hard/crtbegin.o
 *(.init)
 .init          0x0800b4f0        0x4 C:/ST/STM32CubeIDE_2.1.1/STM32CubeIDE/plugins/com.st.stm32cube.ide.mcu.externaltools.gnu-tools-for-stm32.14.3.rel1.win32_1.0.100.202602081740/tools/bin/../lib/gcc/arm-none-eabi/14.3.1/thumb/v7e-m+fp/hard/crti.o
                0x0800b4f0                _init
 .init          0x0800b4f4        0x8 C:/ST/STM32CubeIDE_2.1.1/STM32CubeIDE/plugins/com.st.stm32cube.ide.mcu.externaltools.gnu-tools-for-stm32.14.3.rel1.win32_1.0.100.202602081740/tools/bin/../lib/gcc/arm-none-eabi/14.3.1/thumb/v7e-m+fp/hard/crtn.o
 *(.fini)
 .fini          0x0800b4fc        0x4 C:/ST/STM32CubeIDE_2.1.1/STM32CubeIDE/plugins/com.st.stm32cube.ide.mcu.externaltools.gnu-tools-for-stm32.14.3.rel1.win32_1.0.100.202602081740/tools/bin/../lib/gcc/arm-none-eabi/14.3.1/thumb/v7e-m+fp/hard/crti.o
                0x0800b4fc                _fini
 .fini          0x0800b500        0x8 C:/ST/STM32CubeIDE_2.1.1/STM32CubeIDE/plugins/com.st.stm32cube.ide.mcu.externaltools.gnu-tools-for-stm32.14.3.rel1.win32_1.0.100.202602081740/tools/bin/../lib/gcc/arm-none-eabi/14.3.1/thumb/v7e-m+fp/hard/crtn.o
                0x0800b508                        . = ALIGN (0x4)
                0x0800b508                        _etext = .

.vfp11_veneer   0x0800b508        0x0
 .vfp11_veneer  0x0800b508        0x0 linker stubs

.v4_bx          0x0800b508        0x0
 .v4_bx         0x0800b508        0x0 linker stubs

.iplt           0x0800b508        0x0
 .iplt          0x0800b508        0x0 C:/ST/STM32CubeIDE_2.1.1/STM32CubeIDE/plugins/com.st.stm32cube.ide.mcu.externaltools.gnu-tools-for-stm32.14.3.rel1.win32_1.0.100.202602081740/tools/bin/../lib/gcc/arm-none-eabi/14.3.1/thumb/v7e-m+fp/hard/crtbegin.o

.rodata         0x0800b508      0x6bc
                0x0800b508                        . = ALIGN (0x4)
 *(.rodata)
 .rodata        0x0800b508      0x109 ./Core/Src/freertos.o
 *fill*         0x0800b611        0x3 
 .rodata        0x0800b614       0xf1 ./Core/Src/perf_measure.o
 *fill*         0x0800b705        0x3 
 .rodata        0x0800b708      0x169 ./Core/Src/task_ui_comms.o
 *fill*         0x0800b871        0x3 
 .rodata        0x0800b874        0x5 ./Middlewares/Third_Party/FreeRTOS/Source/tasks.o
 *fill*         0x0800b879        0x3 
 .rodata        0x0800b87c        0xd ./Middlewares/Third_Party/FreeRTOS/Source/timers.o
 *(.rodata*)
 *fill*         0x0800b889        0x3 
 .rodata.defaultTask_attributes
                0x0800b88c       0x24 ./Core/Src/freertos.o
                0x0800b88c                defaultTask_attributes
 .rodata.WaterLevelTask_attributes
                0x0800b8b0       0x24 ./Core/Src/freertos.o
                0x0800b8b0                WaterLevelTask_attributes
 .rodata.MethaneTask_attributes
                0x0800b8d4       0x24 ./Core/Src/freertos.o
                0x0800b8d4                MethaneTask_attributes
 .rodata.COSensorTask_attributes
                0x0800b8f8       0x24 ./Core/Src/freertos.o
                0x0800b8f8                COSensorTask_attributes
 .rodata.AirFlowTask_attributes
                0x0800b91c       0x24 ./Core/Src/freertos.o
                0x0800b91c                AirFlowTask_attributes
 .rodata.PumpFlowTask_attributes
                0x0800b940       0x24 ./Core/Src/freertos.o
                0x0800b940                PumpFlowTask_attributes
 .rodata.PumpManagerTask_attributes
                0x0800b964       0x24 ./Core/Src/freertos.o
                0x0800b964                PumpManagerTask_attributes
 .rodata.AlarmManageTask_attributes
                0x0800b988       0x24 ./Core/Src/freertos.o
                0x0800b988                AlarmManageTask_attributes
 .rodata.UICommsTask_attributes
                0x0800b9ac       0x24 ./Core/Src/freertos.o
                0x0800b9ac                UICommsTask_attributes
 .rodata.pumpCommandQueue_attributes
                0x0800b9d0       0x18 ./Core/Src/freertos.o
                0x0800b9d0                pumpCommandQueue_attributes
 .rodata.waterSimTimer_attributes
                0x0800b9e8       0x10 ./Core/Src/freertos.o
                0x0800b9e8                waterSimTimer_attributes
 .rodata.sensorDataMutex_attributes
                0x0800b9f8       0x10 ./Core/Src/freertos.o
                0x0800b9f8                sensorDataMutex_attributes
 .rodata.uartLogMutex_attributes
                0x0800ba08       0x10 ./Core/Src/freertos.o
                0x0800ba08                uartLogMutex_attributes
 .rodata.pumpMutex_attributes
                0x0800ba18       0x10 ./Core/Src/freertos.o
                0x0800ba18                pumpMutex_attributes
 .rodata.waterLevelSemaphore_attributes
                0x0800ba28       0x10 ./Core/Src/freertos.o
                0x0800ba28                waterLevelSemaphore_attributes
 .rodata.alarmEventFlags_attributes
                0x0800ba38       0x10 ./Core/Src/freertos.o
                0x0800ba38                alarmEventFlags_attributes
 .rodata.msg.0  0x0800ba48       0x10 ./Core/Src/freertos.o
 .rodata.g_perfTaskNames
                0x0800ba58       0x20 ./Core/Src/perf_measure.o
 .rodata.AHBPrescTable
                0x0800ba78       0x10 ./Core/Src/system_stm32f4xx.o
                0x0800ba78                AHBPrescTable
 .rodata.APBPrescTable
                0x0800ba88        0x8 ./Core/Src/system_stm32f4xx.o
                0x0800ba88                APBPrescTable
 .rodata._ctype_
                0x0800ba90      0x101 C:/ST/STM32CubeIDE_2.1.1/STM32CubeIDE/plugins/com.st.stm32cube.ide.mcu.externaltools.gnu-tools-for-stm32.14.3.rel1.win32_1.0.100.202602081740/tools/bin/../lib/gcc/arm-none-eabi/14.3.1/../../../../arm-none-eabi/lib/thumb/v7e-m+fp/hard\libc_nano.a(libc_a-ctype_.o)
                0x0800ba90                _ctype_
 .rodata._svfprintf_r.str1.1
                0x0800bb91       0x33 C:/ST/STM32CubeIDE_2.1.1/STM32CubeIDE/plugins/com.st.stm32cube.ide.mcu.externaltools.gnu-tools-for-stm32.14.3.rel1.win32_1.0.100.202602081740/tools/bin/../lib/gcc/arm-none-eabi/14.3.1/../../../../arm-none-eabi/lib/thumb/v7e-m+fp/hard\libc_nano.a(libc_a-nano-svfprintf.o)
                                 0x11 (size before relaxing)
 .rodata._printf_i.str1.1
                0x0800bbc4       0x22 C:/ST/STM32CubeIDE_2.1.1/STM32CubeIDE/plugins/com.st.stm32cube.ide.mcu.externaltools.gnu-tools-for-stm32.14.3.rel1.win32_1.0.100.202602081740/tools/bin/../lib/gcc/arm-none-eabi/14.3.1/../../../../arm-none-eabi/lib/thumb/v7e-m+fp/hard\libc_nano.a(libc_a-nano-vfprintf_i.o)
                0x0800bbe8                        . = ALIGN (0x4)

.ARM.extab      0x0800bbc4        0x0
                0x0800bbc4                        . = ALIGN (0x4)
 *(.ARM.extab* .gnu.linkonce.armextab.*)
                0x0800bbc4                        . = ALIGN (0x4)

.ARM            0x0800bbc4        0x8
                0x0800bbc4                        . = ALIGN (0x4)
                0x0800bbc4                        __exidx_start = .
 *(.ARM.exidx*)
 .ARM.exidx     0x0800bbc4        0x8 C:/ST/STM32CubeIDE_2.1.1/STM32CubeIDE/plugins/com.st.stm32cube.ide.mcu.externaltools.gnu-tools-for-stm32.14.3.rel1.win32_1.0.100.202602081740/tools/bin/../lib/gcc/arm-none-eabi/14.3.1/../../../../arm-none-eabi/lib/thumb/v7e-m+fp/hard\libc_nano.a(libc_a-memchr.o)
 .ARM.exidx     0x0800bbcc        0x0 C:/ST/STM32CubeIDE_2.1.1/STM32CubeIDE/plugins/com.st.stm32cube.ide.mcu.externaltools.gnu-tools-for-stm32.14.3.rel1.win32_1.0.100.202602081740/tools/bin/../lib/gcc/arm-none-eabi/14.3.1/thumb/v7e-m+fp/hard\libgcc.a(_udivmoddi4.o)
                                  0x8 (size before relaxing)
                0x0800bbcc                        __exidx_end = .
                0x0800bbcc                        . = ALIGN (0x4)

.preinit_array  0x0800bbcc        0x0
                0x0800bbcc                        . = ALIGN (0x4)
                0x0800bbcc                        PROVIDE (__preinit_array_start = .)
 *(.preinit_array*)
                0x0800bbcc                        PROVIDE (__preinit_array_end = .)
                0x0800bbcc                        . = ALIGN (0x4)

.init_array     0x0800bbcc        0x4
                0x0800bbcc                        . = ALIGN (0x4)
                0x0800bbcc                        PROVIDE (__init_array_start = .)
 *(SORT_BY_NAME(.init_array.*))
 *(.init_array*)
 .init_array    0x0800bbcc        0x4 C:/ST/STM32CubeIDE_2.1.1/STM32CubeIDE/plugins/com.st.stm32cube.ide.mcu.externaltools.gnu-tools-for-stm32.14.3.rel1.win32_1.0.100.202602081740/tools/bin/../lib/gcc/arm-none-eabi/14.3.1/thumb/v7e-m+fp/hard/crtbegin.o
                0x0800bbd0                        PROVIDE (__init_array_end = .)
                0x0800bbd0                        . = ALIGN (0x4)

.fini_array     0x0800bbd0        0x4
                0x0800bbd0                        . = ALIGN (0x4)
                [!provide]                        PROVIDE (__fini_array_start = .)
 *(SORT_BY_NAME(.fini_array.*))
 *(.fini_array*)
 .fini_array    0x0800bbd0        0x4 C:/ST/STM32CubeIDE_2.1.1/STM32CubeIDE/plugins/com.st.stm32cube.ide.mcu.externaltools.gnu-tools-for-stm32.14.3.rel1.win32_1.0.100.202602081740/tools/bin/../lib/gcc/arm-none-eabi/14.3.1/thumb/v7e-m+fp/hard/crtbegin.o
                [!provide]                        PROVIDE (__fini_array_end = .)
                0x0800bbd4                        . = ALIGN (0x4)
                0x0800bbd4                        _sidata = LOADADDR (.data)

.rel.dyn        0x0800bbd4        0x0
 .rel.iplt      0x0800bbd4        0x0 C:/ST/STM32CubeIDE_2.1.1/STM32CubeIDE/plugins/com.st.stm32cube.ide.mcu.externaltools.gnu-tools-for-stm32.14.3.rel1.win32_1.0.100.202602081740/tools/bin/../lib/gcc/arm-none-eabi/14.3.1/thumb/v7e-m+fp/hard/crtbegin.o

.data           0x20000000       0x68 load address 0x0800bbd4
                0x20000000                        . = ALIGN (0x4)
                0x20000000                        _sdata = .
 *(.data)
 *(.data*)
 .data.SystemCoreClock
                0x20000000        0x4 ./Core/Src/system_stm32f4xx.o
                0x20000000                SystemCoreClock
 .data.pumpMethaneInhibit
                0x20000004        0x4 ./Core/Src/task_pump_manager.o
 .data.waterSimLevel_mm
                0x20000008        0x4 ./Core/Src/task_water_level.o
                0x20000008                waterSimLevel_mm
 .data.uwTickPrio
                0x2000000c        0x4 ./Drivers/STM32F4xx_HAL_Driver/Src/stm32f4xx_hal.o
                0x2000000c                uwTickPrio
 .data.uwTickFreq
                0x20000010        0x1 ./Drivers/STM32F4xx_HAL_Driver/Src/stm32f4xx_hal.o
                0x20000010                uwTickFreq
 *fill*         0x20000011        0x3 
 .data.uxCriticalNesting
                0x20000014        0x4 ./Middlewares/Third_Party/FreeRTOS/Source/portable/GCC/ARM_CM4F/port.o
 .data._impure_ptr
                0x20000018        0x4 C:/ST/STM32CubeIDE_2.1.1/STM32CubeIDE/plugins/com.st.stm32cube.ide.mcu.externaltools.gnu-tools-for-stm32.14.3.rel1.win32_1.0.100.202602081740/tools/bin/../lib/gcc/arm-none-eabi/14.3.1/../../../../arm-none-eabi/lib/thumb/v7e-m+fp/hard\libc_nano.a(libc_a-impure.o)
                0x20000018                _impure_ptr
 .data._impure_data
                0x2000001c       0x4c C:/ST/STM32CubeIDE_2.1.1/STM32CubeIDE/plugins/com.st.stm32cube.ide.mcu.externaltools.gnu-tools-for-stm32.14.3.rel1.win32_1.0.100.202602081740/tools/bin/../lib/gcc/arm-none-eabi/14.3.1/../../../../arm-none-eabi/lib/thumb/v7e-m+fp/hard\libc_nano.a(libc_a-impure.o)
                0x2000001c                _impure_data
 *(.RamFunc)
 *(.RamFunc*)
                0x20000068                        . = ALIGN (0x4)
                0x20000068                        _edata = .

.igot.plt       0x20000068        0x0 load address 0x0800bc3c
 .igot.plt      0x20000068        0x0 C:/ST/STM32CubeIDE_2.1.1/STM32CubeIDE/plugins/com.st.stm32cube.ide.mcu.externaltools.gnu-tools-for-stm32.14.3.rel1.win32_1.0.100.202602081740/tools/bin/../lib/gcc/arm-none-eabi/14.3.1/thumb/v7e-m+fp/hard/crtbegin.o
                0x20000068                        . = ALIGN (0x4)

.bss            0x20000068     0x5948 load address 0x0800bc3c
                0x20000068                        _sbss = .
                0x20000068                        __bss_start__ = _sbss
 *(.bss)
 .bss           0x20000068       0x1c C:/ST/STM32CubeIDE_2.1.1/STM32CubeIDE/plugins/com.st.stm32cube.ide.mcu.externaltools.gnu-tools-for-stm32.14.3.rel1.win32_1.0.100.202602081740/tools/bin/../lib/gcc/arm-none-eabi/14.3.1/thumb/v7e-m+fp/hard/crtbegin.o
 *(.bss*)
 .bss.hadc1     0x20000084       0x48 ./Core/Src/adc.o
                0x20000084                hadc1
 .bss.hadc2     0x200000cc       0x48 ./Core/Src/adc.o
                0x200000cc                hadc2
 .bss.hadc3     0x20000114       0x48 ./Core/Src/adc.o
                0x20000114                hadc3
 .bss.sharedSensorData
                0x2000015c        0xa ./Core/Src/freertos.o
                0x2000015c                sharedSensorData
 .bss.simModeEnabled
                0x20000166        0x1 ./Core/Src/freertos.o
                0x20000166                simModeEnabled
 *fill*         0x20000167        0x1 
 .bss.defaultTaskHandle
                0x20000168        0x4 ./Core/Src/freertos.o
                0x20000168                defaultTaskHandle
 .bss.WaterLevelTaskHandle
                0x2000016c        0x4 ./Core/Src/freertos.o
                0x2000016c                WaterLevelTaskHandle
 .bss.MethaneTaskHandle
                0x20000170        0x4 ./Core/Src/freertos.o
                0x20000170                MethaneTaskHandle
 .bss.COSensorTaskHandle
                0x20000174        0x4 ./Core/Src/freertos.o
                0x20000174                COSensorTaskHandle
 .bss.AirFlowTaskHandle
                0x20000178        0x4 ./Core/Src/freertos.o
                0x20000178                AirFlowTaskHandle
 .bss.PumpFlowTaskHandle
                0x2000017c        0x4 ./Core/Src/freertos.o
                0x2000017c                PumpFlowTaskHandle
 .bss.PumpManagerTaskHandle
                0x20000180        0x4 ./Core/Src/freertos.o
                0x20000180                PumpManagerTaskHandle
 .bss.AlarmManageTaskHandle
                0x20000184        0x4 ./Core/Src/freertos.o
                0x20000184                AlarmManageTaskHandle
 .bss.UICommsTaskHandle
                0x20000188        0x4 ./Core/Src/freertos.o
                0x20000188                UICommsTaskHandle
 .bss.pumpCommandQueueHandle
                0x2000018c        0x4 ./Core/Src/freertos.o
                0x2000018c                pumpCommandQueueHandle
 .bss.waterSimTimerHandle
                0x20000190        0x4 ./Core/Src/freertos.o
                0x20000190                waterSimTimerHandle
 .bss.sensorDataMutexHandle
                0x20000194        0x4 ./Core/Src/freertos.o
                0x20000194                sensorDataMutexHandle
 .bss.uartLogMutexHandle
                0x20000198        0x4 ./Core/Src/freertos.o
                0x20000198                uartLogMutexHandle
 .bss.pumpMutexHandle
                0x2000019c        0x4 ./Core/Src/freertos.o
                0x2000019c                pumpMutexHandle
 .bss.waterLevelSemaphoreHandle
                0x200001a0        0x4 ./Core/Src/freertos.o
                0x200001a0                waterLevelSemaphoreHandle
 .bss.alarmEventFlagsHandle
                0x200001a4        0x4 ./Core/Src/freertos.o
                0x200001a4                alarmEventFlagsHandle
 .bss.g_perf    0x200001a8       0xc0 ./Core/Src/perf_measure.o
 .bss.g_perfTickHz
                0x20000268        0x4 ./Core/Src/perf_measure.o
 .bss.g_timeBaseOk
                0x2000026c        0x4 ./Core/Src/perf_measure.o
 .bss.faultTarget
                0x20000270        0x4 ./Core/Src/sensor_fault.o
 .bss.faultRemaining
                0x20000274        0x1 ./Core/Src/sensor_fault.o
 *fill*         0x20000275        0x3 
 .bss.htim1     0x20000278       0x48 ./Core/Src/stm32f4xx_hal_timebase_tim.o
                0x20000278                htim1
 .bss.__sbrk_heap_end
                0x200002c0        0x4 ./Core/Src/sysmem.o
 .bss.alarmCommandedState
                0x200002c4        0x1 ./Core/Src/task_alarm_manager.o
                0x200002c4                alarmCommandedState
 *fill*         0x200002c5        0x3 
 .bss.activeCauses
                0x200002c8        0x4 ./Core/Src/task_alarm_manager.o
 .bss.waterFlowState
                0x200002cc        0x1 ./Core/Src/task_pump_flow.o
                0x200002cc                waterFlowState
 .bss.pumpCommandedState
                0x200002cd        0x1 ./Core/Src/task_pump_manager.o
                0x200002cd                pumpCommandedState
 *fill*         0x200002ce        0x2 
 .bss.uiRxRing  0x200002d0       0x80 ./Core/Src/task_ui_comms.o
 .bss.uiRxHead  0x20000350        0x2 ./Core/Src/task_ui_comms.o
 .bss.uiRxTail  0x20000352        0x2 ./Core/Src/task_ui_comms.o
 .bss.uiRxByte  0x20000354        0x1 ./Core/Src/task_ui_comms.o
 *fill*         0x20000355        0x3 
 .bss.perfLine.0
                0x20000358      0x280 ./Core/Src/task_ui_comms.o
 .bss.waterLevelState
                0x200005d8        0x1 ./Core/Src/task_water_level.o
                0x200005d8                waterLevelState
 *fill*         0x200005d9        0x3 
 .bss.waterSimRate_mm_s
                0x200005dc        0x4 ./Core/Src/task_water_level.o
                0x200005dc                waterSimRate_mm_s
 .bss.lastLogical.0
                0x200005e0        0x1 ./Core/Src/task_water_level.o
 *fill*         0x200005e1        0x3 
 .bss.htim2     0x200005e4       0x48 ./Core/Src/tim.o
                0x200005e4                htim2
 .bss.huart2    0x2000062c       0x48 ./Core/Src/usart.o
                0x2000062c                huart2
 .bss.__lock___malloc_recursive_mutex
                0x20000674        0xc ./Core/ThreadSafe/newlib_lock_glue.o
                0x20000674                __lock___malloc_recursive_mutex
 .bss.uwTick    0x20000680        0x4 ./Drivers/STM32F4xx_HAL_Driver/Src/stm32f4xx_hal.o
                0x20000680                uwTick
 .bss.KernelState
                0x20000684        0x4 ./Middlewares/Third_Party/FreeRTOS/Source/CMSIS_RTOS_V2/cmsis_os2.o
 .bss.Idle_TCB.3
                0x20000688       0xa8 ./Middlewares/Third_Party/FreeRTOS/Source/CMSIS_RTOS_V2/cmsis_os2.o
 .bss.Idle_Stack.2
                0x20000730      0x200 ./Middlewares/Third_Party/FreeRTOS/Source/CMSIS_RTOS_V2/cmsis_os2.o
 .bss.Timer_TCB.1
                0x20000930       0xa8 ./Middlewares/Third_Party/FreeRTOS/Source/CMSIS_RTOS_V2/cmsis_os2.o
 .bss.Timer_Stack.0
                0x200009d8      0x400 ./Middlewares/Third_Party/FreeRTOS/Source/CMSIS_RTOS_V2/cmsis_os2.o
 .bss.xQueueRegistry
                0x20000dd8       0x40 ./Middlewares/Third_Party/FreeRTOS/Source/queue.o
                0x20000dd8                xQueueRegistry
 .bss.pxCurrentTCB
                0x20000e18        0x4 ./Middlewares/Third_Party/FreeRTOS/Source/tasks.o
                0x20000e18                pxCurrentTCB
 .bss.pxReadyTasksLists
                0x20000e1c      0x460 ./Middlewares/Third_Party/FreeRTOS/Source/tasks.o
 .bss.xDelayedTaskList1
                0x2000127c       0x14 ./Middlewares/Third_Party/FreeRTOS/Source/tasks.o
 .bss.xDelayedTaskList2
                0x20001290       0x14 ./Middlewares/Third_Party/FreeRTOS/Source/tasks.o
 .bss.pxDelayedTaskList
                0x200012a4        0x4 ./Middlewares/Third_Party/FreeRTOS/Source/tasks.o
 .bss.pxOverflowDelayedTaskList
                0x200012a8        0x4 ./Middlewares/Third_Party/FreeRTOS/Source/tasks.o
 .bss.xPendingReadyList
                0x200012ac       0x14 ./Middlewares/Third_Party/FreeRTOS/Source/tasks.o
 .bss.xTasksWaitingTermination
                0x200012c0       0x14 ./Middlewares/Third_Party/FreeRTOS/Source/tasks.o
 .bss.uxDeletedTasksWaitingCleanUp
                0x200012d4        0x4 ./Middlewares/Third_Party/FreeRTOS/Source/tasks.o
 .bss.xSuspendedTaskList
                0x200012d8       0x14 ./Middlewares/Third_Party/FreeRTOS/Source/tasks.o
 .bss.uxCurrentNumberOfTasks
                0x200012ec        0x4 ./Middlewares/Third_Party/FreeRTOS/Source/tasks.o
 .bss.xTickCount
                0x200012f0        0x4 ./Middlewares/Third_Party/FreeRTOS/Source/tasks.o
 .bss.uxTopReadyPriority
                0x200012f4        0x4 ./Middlewares/Third_Party/FreeRTOS/Source/tasks.o
 .bss.xSchedulerRunning
                0x200012f8        0x4 ./Middlewares/Third_Party/FreeRTOS/Source/tasks.o
 .bss.xPendedTicks
                0x200012fc        0x4 ./Middlewares/Third_Party/FreeRTOS/Source/tasks.o
 .bss.xYieldPending
                0x20001300        0x4 ./Middlewares/Third_Party/FreeRTOS/Source/tasks.o
 .bss.xNumOfOverflows
                0x20001304        0x4 ./Middlewares/Third_Party/FreeRTOS/Source/tasks.o
 .bss.uxTaskNumber
                0x20001308        0x4 ./Middlewares/Third_Party/FreeRTOS/Source/tasks.o
 .bss.xNextTaskUnblockTime
                0x2000130c        0x4 ./Middlewares/Third_Party/FreeRTOS/Source/tasks.o
 .bss.xIdleTaskHandle
                0x20001310        0x4 ./Middlewares/Third_Party/FreeRTOS/Source/tasks.o
 .bss.uxSchedulerSuspended
                0x20001314        0x4 ./Middlewares/Third_Party/FreeRTOS/Source/tasks.o
 .bss.xActiveTimerList1
                0x20001318       0x14 ./Middlewares/Third_Party/FreeRTOS/Source/timers.o
 .bss.xActiveTimerList2
                0x2000132c       0x14 ./Middlewares/Third_Party/FreeRTOS/Source/timers.o
 .bss.pxCurrentTimerList
                0x20001340        0x4 ./Middlewares/Third_Party/FreeRTOS/Source/timers.o
 .bss.pxOverflowTimerList
                0x20001344        0x4 ./Middlewares/Third_Party/FreeRTOS/Source/timers.o
 .bss.xTimerQueue
                0x20001348        0x4 ./Middlewares/Third_Party/FreeRTOS/Source/timers.o
 .bss.xTimerTaskHandle
                0x2000134c        0x4 ./Middlewares/Third_Party/FreeRTOS/Source/timers.o
 .bss.xLastTime.2
                0x20001350        0x4 ./Middlewares/Third_Party/FreeRTOS/Source/timers.o
 .bss.ucStaticTimerQueueStorage.1
                0x20001354       0xa0 ./Middlewares/Third_Party/FreeRTOS/Source/timers.o
 .bss.xStaticTimerQueue.0
                0x200013f4       0x50 ./Middlewares/Third_Party/FreeRTOS/Source/timers.o
 .bss.ucMaxSysCallPriority
                0x20001444        0x1 ./Middlewares/Third_Party/FreeRTOS/Source/portable/GCC/ARM_CM4F/port.o
 *fill*         0x20001445        0x3 
 .bss.ulMaxPRIGROUPValue
                0x20001448        0x4 ./Middlewares/Third_Party/FreeRTOS/Source/portable/GCC/ARM_CM4F/port.o
 .bss.ucHeap    0x2000144c     0x4400 ./Middlewares/Third_Party/FreeRTOS/Source/portable/MemMang/heap_4.o
 .bss.xStart    0x2000584c        0x8 ./Middlewares/Third_Party/FreeRTOS/Source/portable/MemMang/heap_4.o
 .bss.pxEnd     0x20005854        0x4 ./Middlewares/Third_Party/FreeRTOS/Source/portable/MemMang/heap_4.o
 .bss.xFreeBytesRemaining
                0x20005858        0x4 ./Middlewares/Third_Party/FreeRTOS/Source/portable/MemMang/heap_4.o
 .bss.xMinimumEverFreeBytesRemaining
                0x2000585c        0x4 ./Middlewares/Third_Party/FreeRTOS/Source/portable/MemMang/heap_4.o
 .bss.xNumberOfSuccessfulAllocations
                0x20005860        0x4 ./Middlewares/Third_Party/FreeRTOS/Source/portable/MemMang/heap_4.o
 .bss.xNumberOfSuccessfulFrees
                0x20005864        0x4 ./Middlewares/Third_Party/FreeRTOS/Source/portable/MemMang/heap_4.o
 .bss.xBlockAllocatedBit
                0x20005868        0x4 ./Middlewares/Third_Party/FreeRTOS/Source/portable/MemMang/heap_4.o
 .bss.__malloc_sbrk_start
                0x2000586c        0x4 C:/ST/STM32CubeIDE_2.1.1/STM32CubeIDE/plugins/com.st.stm32cube.ide.mcu.externaltools.gnu-tools-for-stm32.14.3.rel1.win32_1.0.100.202602081740/tools/bin/../lib/gcc/arm-none-eabi/14.3.1/../../../../arm-none-eabi/lib/thumb/v7e-m+fp/hard\libc_nano.a(libc_a-mallocr.o)
                0x2000586c                __malloc_sbrk_start
 .bss.__malloc_free_list
                0x20005870        0x4 C:/ST/STM32CubeIDE_2.1.1/STM32CubeIDE/plugins/com.st.stm32cube.ide.mcu.externaltools.gnu-tools-for-stm32.14.3.rel1.win32_1.0.100.202602081740/tools/bin/../lib/gcc/arm-none-eabi/14.3.1/../../../../arm-none-eabi/lib/thumb/v7e-m+fp/hard\libc_nano.a(libc_a-mallocr.o)
                0x20005870                __malloc_free_list
 .bss.__sf      0x20005874      0x138 C:/ST/STM32CubeIDE_2.1.1/STM32CubeIDE/plugins/com.st.stm32cube.ide.mcu.externaltools.gnu-tools-for-stm32.14.3.rel1.win32_1.0.100.202602081740/tools/bin/../lib/gcc/arm-none-eabi/14.3.1/../../../../arm-none-eabi/lib/thumb/v7e-m+fp/hard\libc_nano.a(libc_a-findfp.o)
                0x20005874                __sf
 .bss.errno     0x200059ac        0x4 C:/ST/STM32CubeIDE_2.1.1/STM32CubeIDE/plugins/com.st.stm32cube.ide.mcu.externaltools.gnu-tools-for-stm32.14.3.rel1.win32_1.0.100.202602081740/tools/bin/../lib/gcc/arm-none-eabi/14.3.1/../../../../arm-none-eabi/lib/thumb/v7e-m+fp/hard\libc_nano.a(libc_a-reent.o)
                0x200059ac                errno
 *(COMMON)
                0x200059b0                        . = ALIGN (0x4)
                0x200059b0                        _ebss = .
                0x200059b0                        __bss_end__ = _ebss

._user_heap_stack
                0x200059b0      0x600 load address 0x0800bc3c
                0x200059b0                        . = ALIGN (0x8)
                [!provide]                        PROVIDE (end = .)
                0x200059b0                        PROVIDE (_end = .)
                0x20005bb0                        . = (. + _Min_Heap_Size)
 *fill*         0x200059b0      0x200 
                0x20005fb0                        . = (. + _Min_Stack_Size)
 *fill*         0x20005bb0      0x400 
                0x20005fb0                        . = ALIGN (0x8)

/DISCARD/
 libc.a(*)
 libm.a(*)
 libgcc.a(*)

.ARM.attributes
                0x00000000       0x30
 *(.ARM.attributes)
 .ARM.attributes