../Core/Src/freertos.c:183:6:vApplicationStackOverflowHook	88	static,ignoring_inline_asm
../Core/Src/freertos.c:195:6:vApplicationMallocFailedHook	16	static,ignoring_inline_asm
../Core/Src/freertos.c:210:6:MX_FREERTOS_Init	8	static
../Core/Src/freertos.c:301:6:StartDefaultTask	16	static
../Core/Src/freertos.c:319:6:StartWaterLevelTask	16	static
../Core/Src/freertos.c:333:6:StartMethaneSensorTask	16	static
../Core/Src/freertos.c:347:6:StartCOSensorTask	16	static
../Core/Src/freertos.c:361:6:StartAirFlowSensorTask	16	static
../Core/Src/freertos.c:375:6:StartPumpFlowTask	16	static
../Core/Src/freertos.c:389:6:StartPumpManagerTask	16	static
../Core/Src/freertos.c:403:6:StartAlarmManageTask	16	static
../Core/Src/freertos.c:417:6:StartUICommsTask	16	static
../Core/Src/freertos.c:425:6:WaterSimTimerCallback	16	static
