../Core/Src/sim_env.c:31:17:Sim_Rand	16	static
../Core/Src/sim_env.c:41:6:Sim_Init	8	static
../Core/Src/sim_env.c:50:12:Sim_ShouldFailRead	24	static
../Core/Src/sim_env.c:78:6:Sim_SetFailPercent	16	static
../Core/Src/sim_env.c:93:6:Sim_ForceFail	16	static
../Core/Src/sim_env.c:107:6:Sim_SetWaterRates	16	static
../Core/Src/sim_env.c:117:6:Sim_TankStep	24	static
../Core/Src/sim_env.c:136:19:Sim_TankClassify	16	static
../Core/Src/sim_env.c:157:9:Sim_TankLevelPct	24	static
../Core/Src/sim_env.c:179:6:SimTankTask_Run	32	static
